Archive member included to satisfy reference by file (symbol)

/home/shivani/bl602_iot_sdk/customer_app/suas_app_freertos_watchdog/build_out/bl602/libbl602.a(start.o)
                              (bl602_start)
/home/shivani/bl602_iot_sdk/customer_app/suas_app_freertos_watchdog/build_out/hal_drv/libhal_drv.a(hal_boot2.o)
                              /home/shivani/bl602_iot_sdk/customer_app/suas_app_freertos_watchdog/build_out/bl602/libbl602.a(start.o) (hal_boot2_get_flash_addr)
/home/shivani/bl602_iot_sdk/customer_app/suas_app_freertos_watchdog/build_out/hal_drv/libhal_drv.a(bl_boot2.o)
                              /home/shivani/bl602_iot_sdk/customer_app/suas_app_freertos_watchdog/build_out/hal_drv/libhal_drv.a(hal_boot2.o) (PtTable_Update_Entry)
/home/shivani/bl602_iot_sdk/customer_app/suas_app_freertos_watchdog/build_out/hal_drv/libhal_drv.a(bl_flash.o)
                              /home/shivani/bl602_iot_sdk/customer_app/suas_app_freertos_watchdog/build_out/hal_drv/libhal_drv.a(bl_boot2.o) (bl_flash_erase)
/home/shivani/bl602_iot_sdk/customer_app/suas_app_freertos_watchdog/build_out/suas_app_freertos_tasks/libsuas_app_freertos_tasks.a(main.o)
                              /home/shivani/bl602_iot_sdk/customer_app/suas_app_freertos_watchdog/build_out/bl602/libbl602.a(start.o) (bfl_main)
/home/shivani/bl602_iot_sdk/customer_app/suas_app_freertos_watchdog/build_out/bl602/libbl602.a(debug.o)
                              /home/shivani/bl602_iot_sdk/customer_app/suas_app_freertos_watchdog/build_out/suas_app_freertos_tasks/libsuas_app_freertos_tasks.a(main.o) (printf)
/home/shivani/bl602_iot_sdk/customer_app/suas_app_freertos_watchdog/build_out/bl602_std/libbl602_std.a(softcrc.o)
                              /home/shivani/bl602_iot_sdk/customer_app/suas_app_freertos_watchdog/build_out/hal_drv/libhal_drv.a(bl_boot2.o) (BFLB_Soft_CRC32)
/home/shivani/bl602_iot_sdk/customer_app/suas_app_freertos_watchdog/build_out/freertos/libfreertos.a(tasks.o)
                              /home/shivani/bl602_iot_sdk/customer_app/suas_app_freertos_watchdog/build_out/suas_app_freertos_tasks/libsuas_app_freertos_tasks.a(main.o) (vTaskSetThreadLocalStoragePointer)
/home/shivani/bl602_iot_sdk/customer_app/suas_app_freertos_watchdog/build_out/freertos/libfreertos.a(timers.o)
                              /home/shivani/bl602_iot_sdk/customer_app/suas_app_freertos_watchdog/build_out/freertos/libfreertos.a(tasks.o) (xTimerCreateTimerTask)
/home/shivani/bl602_iot_sdk/customer_app/suas_app_freertos_watchdog/build_out/freertos/libfreertos.a(port.o)
                              /home/shivani/bl602_iot_sdk/customer_app/suas_app_freertos_watchdog/build_out/freertos/libfreertos.a(tasks.o) (xPortStartScheduler)
/home/shivani/bl602_iot_sdk/customer_app/suas_app_freertos_watchdog/build_out/freertos/libfreertos.a(portASM.o)
                              /home/shivani/bl602_iot_sdk/customer_app/suas_app_freertos_watchdog/build_out/freertos/libfreertos.a(port.o) (xPortStartFirstTask)
/home/shivani/bl602_iot_sdk/customer_app/suas_app_freertos_watchdog/build_out/freertos/libfreertos.a(bl602_port.o)
                              /home/shivani/bl602_iot_sdk/customer_app/suas_app_freertos_watchdog/build_out/suas_app_freertos_tasks/libsuas_app_freertos_tasks.a(main.o) (vInitializeBL602)
/home/shivani/bl602_iot_sdk/customer_app/suas_app_freertos_watchdog/build_out/freertos/libfreertos.a(heap_bl602.o)
                              /home/shivani/bl602_iot_sdk/customer_app/suas_app_freertos_watchdog/build_out/freertos/libfreertos.a(tasks.o) (pvPortMalloc)
/home/shivani/bl602_iot_sdk/customer_app/suas_app_freertos_watchdog/build_out/freertos/libfreertos.a(list.o)
                              /home/shivani/bl602_iot_sdk/customer_app/suas_app_freertos_watchdog/build_out/freertos/libfreertos.a(tasks.o) (vListInitialise)
/home/shivani/bl602_iot_sdk/customer_app/suas_app_freertos_watchdog/build_out/freertos/libfreertos.a(queue.o)
                              /home/shivani/bl602_iot_sdk/customer_app/suas_app_freertos_watchdog/build_out/freertos/libfreertos.a(timers.o) (xQueueGenericCreateStatic)
/home/shivani/bl602_iot_sdk/customer_app/suas_app_freertos_watchdog/build_out/hal_drv/libhal_drv.a(bl_uart.o)
                              /home/shivani/bl602_iot_sdk/customer_app/suas_app_freertos_watchdog/build_out/freertos/libfreertos.a(bl602_port.o) (bl_uart_init)
/home/shivani/bl602_iot_sdk/customer_app/suas_app_freertos_watchdog/build_out/hal_drv/libhal_drv.a(bl_sys.o)
                              /home/shivani/bl602_iot_sdk/customer_app/suas_app_freertos_watchdog/build_out/bl602/libbl602.a(debug.o) (sys_log_all_enable)
/home/shivani/bl602_iot_sdk/customer_app/suas_app_freertos_watchdog/build_out/hal_drv/libhal_drv.a(bl_dma.o)
                              /home/shivani/bl602_iot_sdk/customer_app/suas_app_freertos_watchdog/build_out/freertos/libfreertos.a(bl602_port.o) (bl_dma_init)
[...]
Memory Configuration

Name             Origin             Length             Attributes
rom              0x21015000         0x0000b000         axrl!w
flash            0x23000000         0x00400000         axrl!w
ram_tcm          0x4200c000         0x00036000         axw
ram_wifi         0x42042000         0x0000a000         axw
*default*        0x00000000         0xffffffff

Linker script and memory map

START GROUP
LOAD /home/shivani/bl602_iot_sdk/customer_app/suas_app_freertos_watchdog/build_out/bl602/libbl602.a
LOAD /home/shivani/bl602_iot_sdk/customer_app/suas_app_freertos_watchdog/build_out/bl602_std/libbl602_std.a
LOAD /home/shivani/bl602_iot_sdk/customer_app/suas_app_freertos_watchdog/build_out/blfdt/libblfdt.a
LOAD /home/shivani/bl602_iot_sdk/customer_app/suas_app_freertos_watchdog/build_out/blmtd/libblmtd.a
LOAD /home/shivani/bl602_iot_sdk/customer_app/suas_app_freertos_watchdog/build_out/blog/libblog.a
LOAD /home/shivani/bl602_iot_sdk/customer_app/suas_app_freertos_watchdog/build_out/blog_testc/libblog_testc.a
LOAD /home/shivani/bl602_iot_sdk/customer_app/suas_app_freertos_watchdog/build_out/bloop/libbloop.a
LOAD /home/shivani/bl602_iot_sdk/customer_app/suas_app_freertos_watchdog/build_out/bltime/libbltime.a
LOAD /home/shivani/bl602_iot_sdk/customer_app/suas_app_freertos_watchdog/build_out/cli/libcli.a
LOAD /home/shivani/bl602_iot_sdk/customer_app/suas_app_freertos_watchdog/build_out/etl/libetl.a
LOAD /home/shivani/bl602_iot_sdk/customer_app/suas_app_freertos_watchdog/build_out/freertos/libfreertos.a
LOAD /home/shivani/bl602_iot_sdk/customer_app/suas_app_freertos_watchdog/build_out/hal_drv/libhal_drv.a
LOAD /home/shivani/bl602_iot_sdk/customer_app/suas_app_freertos_watchdog/build_out/looprt/liblooprt.a
LOAD /home/shivani/bl602_iot_sdk/customer_app/suas_app_freertos_watchdog/build_out/loopset/libloopset.a
LOAD /home/shivani/bl602_iot_sdk/customer_app/suas_app_freertos_watchdog/build_out/romfs/libromfs.a
LOAD /home/shivani/bl602_iot_sdk/customer_app/suas_app_freertos_watchdog/build_out/suas_app_freertos_tasks/libsuas_app_freertos_tasks.a
LOAD /home/shivani/bl602_iot_sdk/customer_app/suas_app_freertos_watchdog/build_out/utils/libutils.a
LOAD /home/shivani/bl602_iot_sdk/customer_app/suas_app_freertos_watchdog/build_out/vfs/libvfs.a
LOAD /home/shivani/bl602_iot_sdk/customer_app/suas_app_freertos_watchdog/build_out/yloop/libyloop.a
END GROUP
LOAD /home/shivani/bl602_iot_sdk/toolchain/compiler/bin/../lib/gcc/riscv32-unknown-elf/15.1.0/../../../../riscv32-unknown-elf/lib/libm.a
LOAD /home/shivani/bl602_iot_sdk/toolchain/compiler/bin/../lib/gcc/riscv32-unknown-elf/15.1.0/libgcc.a
START GROUP
LOAD /home/shivani/bl602_iot_sdk/toolchain/compiler/bin/../lib/gcc/riscv32-unknown-elf/15.1.0/../../../../riscv32-unknown-elf/lib/libc.a
LOAD /home/shivani/bl602_iot_sdk/toolchain/compiler/bin/../lib/gcc/riscv32-unknown-elf/15.1.0/../../../../riscv32-unknown-elf/lib/libgloss.a
END GROUP
LOAD /home/shivani/bl602_iot_sdk/toolchain/compiler/bin/../lib/gcc/riscv32-unknown-elf/15.1.0/libgcc.a
                0x00000000                        __EM_SIZE = DEFINED (ble_controller_init)?0x2000:0x0
                0x00000800                        __stack_size = DEFINED (__stack_size)?__stack_size:0x800
                0x42049c00                        BOOT2_PT_ADDR = 0x42049c00
                0x42049c18                        BOOT2_FLASHCFG_ADDR = 0x42049c18

.init           0x23000000      0x282
 *(SORT_NONE(.init))
 .init          0x23000000      0x12c /home/shivani/bl602_iot_sdk/customer_app/suas_app_freertos_watchdog/build_out/bl602/libbl602.a(start.o)
                0x23000000                bl602_start
 *fill*         0x2300012c       0x14 
 .init          0x23000140      0x142 /home/shivani/bl602_iot_sdk/customer_app/suas_app_freertos_watchdog/build_out/bl602_std/libbl602_std.a(interrupt.o)
                0x23000140                __Vectors

.text           0x23000300     0x7b88
 *(.text.unlikely .text.unlikely.*)
 *(.text.startup .text.startup.*)
 *(.text .text.*)
 .text.hal_boot2_get_flash_addr
                0x23000300       0x18 /home/shivani/bl602_iot_sdk/customer_app/suas_app_freertos_watchdog/build_out/hal_drv/libhal_drv.a(hal_boot2.o)
                0x23000300                hal_boot2_get_flash_addr
 .text.hal_boot2_partition_bus_addr
                0x23000318      0x160 /home/shivani/bl602_iot_sdk/customer_app/suas_app_freertos_watchdog/build_out/hal_drv/libhal_drv.a(hal_boot2.o)
                0x23000318                hal_boot2_partition_bus_addr
 .text.hal_boot2_partition_bus_addr_active
                0x23000478       0x38 /home/shivani/bl602_iot_sdk/customer_app/suas_app_freertos_watchdog/build_out/hal_drv/libhal_drv.a(hal_boot2.o)
                0x23000478                hal_boot2_partition_bus_addr_active
 .text.hal_boot2_partition_addr
                0x230004b0       0xa8 /home/shivani/bl602_iot_sdk/customer_app/suas_app_freertos_watchdog/build_out/hal_drv/libhal_drv.a(hal_boot2.o)
                0x230004b0                hal_boot2_partition_addr
 .text.hal_boot2_partition_addr_active
                0x23000558       0x38 /home/shivani/bl602_iot_sdk/customer_app/suas_app_freertos_watchdog/build_out/hal_drv/libhal_drv.a(hal_boot2.o)
                0x23000558                hal_boot2_partition_addr_active
 .text.hal_boot2_init
                0x23000590       0x1a /home/shivani/bl602_iot_sdk/customer_app/suas_app_freertos_watchdog/build_out/hal_drv/libhal_drv.a(hal_boot2.o)
                0x23000590                hal_boot2_init
 .text.bl_flash_config_update
                0x230005aa        0x4 /home/shivani/bl602_iot_sdk/customer_app/suas_app_freertos_watchdog/build_out/hal_drv/libhal_drv.a(bl_flash.o)
                0x230005aa                bl_flash_config_update
 .text._Z8task_onePv
                0x230005ae       0x3a /home/shivani/bl602_iot_sdk/customer_app/suas_app_freertos_watchdog/build_out/suas_app_freertos_tasks/libsuas_app_freertos_tasks.a(main.o)
                0x230005ae                task_one(void*)
 .text._Z8task_twoPv
                0x230005e8       0x36 /home/shivani/bl602_iot_sdk/customer_app/suas_app_freertos_watchdog/build_out/suas_app_freertos_tasks/libsuas_app_freertos_tasks.a(main.o)
                0x230005e8                task_two(void*)
 .text._Z23task_three_function_onev
                0x2300061e       0x1c /home/shivani/bl602_iot_sdk/customer_app/suas_app_freertos_watchdog/build_out/suas_app_freertos_tasks/libsuas_app_freertos_tasks.a(main.o)
                0x2300061e                task_three_function_one()
 .text._Z23task_three_function_twov
                0x2300063a       0x26 /home/shivani/bl602_iot_sdk/customer_app/suas_app_freertos_watchdog/build_out/suas_app_freertos_tasks/libsuas_app_freertos_tasks.a(main.o)
                0x2300063a                task_three_function_two()
 .text._Z10task_threePv
                0x23000660       0x54 /home/shivani/bl602_iot_sdk/customer_app/suas_app_freertos_watchdog/build_out/suas_app_freertos_tasks/libsuas_app_freertos_tasks.a(main.o)
                0x23000660                task_three(void*)
 .text.bfl_main
                0x230006b4       0x6e /home/shivani/bl602_iot_sdk/customer_app/suas_app_freertos_watchdog/build_out/suas_app_freertos_tasks/libsuas_app_freertos_tasks.a(main.o)
                0x230006b4                bfl_main
 .text.format_int
                0x23000722      0x274 /home/shivani/bl602_iot_sdk/customer_app/suas_app_freertos_watchdog/build_out/bl602/libbl602.a(debug.o)
 .text.cvt      0x23000996      0x232 /home/shivani/bl602_iot_sdk/customer_app/suas_app_freertos_watchdog/build_out/bl602/libbl602.a(debug.o)
 .text.ecvtbuf  0x23000bc8        0x4 /home/shivani/bl602_iot_sdk/customer_app/suas_app_freertos_watchdog/build_out/bl602/libbl602.a(debug.o)
                0x23000bc8                ecvtbuf
 .text.fcvtbuf  0x23000bcc        0x4 /home/shivani/bl602_iot_sdk/customer_app/suas_app_freertos_watchdog/build_out/bl602/libbl602.a(debug.o)
                0x23000bcc                fcvtbuf
 .text.flt      0x23000bd0      0x41c /home/shivani/bl602_iot_sdk/customer_app/suas_app_freertos_watchdog/build_out/bl602/libbl602.a(debug.o)
 .text.vsnprintf
                0x23000fec      0x54c /home/shivani/bl602_iot_sdk/customer_app/suas_app_freertos_watchdog/build_out/bl602/libbl602.a(debug.o)
                0x23000fec                vsnprintf
 .text.vsprintf
                0x23001538        0xa /home/shivani/bl602_iot_sdk/customer_app/suas_app_freertos_watchdog/build_out/bl602/libbl602.a(debug.o)
                0x23001538                vsprintf
 .text.vprint   0x23001542       0x3c /home/shivani/bl602_iot_sdk/customer_app/suas_app_freertos_watchdog/build_out/bl602/libbl602.a(debug.o)
                0x23001542                vprint
 .text.puts     0x2300157e       0x34 /home/shivani/bl602_iot_sdk/customer_app/suas_app_freertos_watchdog/build_out/bl602/libbl602.a(debug.o)
                0x2300157e                puts
 .text.printf   0x230015b2       0x26 /home/shivani/bl602_iot_sdk/customer_app/suas_app_freertos_watchdog/build_out/bl602/libbl602.a(debug.o)
                0x230015b2                printf
 .text.prvAddCurrentTaskToDelayedList
                0x230015d8       0xaa /home/shivani/bl602_iot_sdk/customer_app/suas_app_freertos_watchdog/build_out/freertos/libfreertos.a(tasks.o)
 .text.prvInitialiseNewTask.constprop.0
                0x23001682       0xc6 /home/shivani/bl602_iot_sdk/customer_app/suas_app_freertos_watchdog/build_out/freertos/libfreertos.a(tasks.o)
 .text.prvIdleTask
                0x23001748       0xd2 /home/shivani/bl602_iot_sdk/customer_app/suas_app_freertos_watchdog/build_out/freertos/libfreertos.a(tasks.o)
 .text.vTaskSuspendAll
                0x2300181a        0xc /home/shivani/bl602_iot_sdk/customer_app/suas_app_freertos_watchdog/build_out/freertos/libfreertos.a(tasks.o)
                0x2300181a                vTaskSuspendAll
 .text.xTaskGetTickCount
                0x23001826        0x6 /home/shivani/bl602_iot_sdk/customer_app/suas_app_freertos_watchdog/build_out/freertos/libfreertos.a(tasks.o)
                0x23001826                xTaskGetTickCount
 .text.xTaskGetTickCount2
                0x2300182c       0x10 /home/shivani/bl602_iot_sdk/customer_app/suas_app_freertos_watchdog/build_out/freertos/libfreertos.a(tasks.o)
                0x2300182c                xTaskGetTickCount2
 .text.xTaskIncrementTick
                0x2300183c      0x182 /home/shivani/bl602_iot_sdk/customer_app/suas_app_freertos_watchdog/build_out/freertos/libfreertos.a(tasks.o)
                0x2300183c                xTaskIncrementTick
 .text.vTaskSwitchContext
                0x230019be       0xc2 /home/shivani/bl602_iot_sdk/customer_app/suas_app_freertos_watchdog/build_out/freertos/libfreertos.a(tasks.o)
                0x230019be                vTaskSwitchContext
 .text.vTaskPlaceOnEventList
                0x23001a80       0x2a /home/shivani/bl602_iot_sdk/customer_app/suas_app_freertos_watchdog/build_out/freertos/libfreertos.a(tasks.o)
                0x23001a80                vTaskPlaceOnEventList
 .text.vTaskPlaceOnEventListRestricted
                0x23001aaa       0x38 /home/shivani/bl602_iot_sdk/customer_app/suas_app_freertos_watchdog/build_out/freertos/libfreertos.a(tasks.o)
                0x23001aaa                vTaskPlaceOnEventListRestricted
 .text.xTaskRemoveFromEventList
                0x23001ae2       0x88 /home/shivani/bl602_iot_sdk/customer_app/suas_app_freertos_watchdog/build_out/freertos/libfreertos.a(tasks.o)
                0x23001ae2                xTaskRemoveFromEventList
 .text.vTaskInternalSetTimeOutState
                0x23001b6a        0xe /home/shivani/bl602_iot_sdk/customer_app/suas_app_freertos_watchdog/build_out/freertos/libfreertos.a(tasks.o)
                0x23001b6a                vTaskInternalSetTimeOutState
 .text.vTaskMissedYield
                0x23001b78        0x8 /home/shivani/bl602_iot_sdk/customer_app/suas_app_freertos_watchdog/build_out/freertos/libfreertos.a(tasks.o)
                0x23001b78                vTaskMissedYield
 .text.vTaskSetThreadLocalStoragePointer
                0x23001b80       0x22 /home/shivani/bl602_iot_sdk/customer_app/suas_app_freertos_watchdog/build_out/freertos/libfreertos.a(tasks.o)
                0x23001b80                vTaskSetThreadLocalStoragePointer
 .text.pvTaskGetThreadLocalStoragePointer
                0x23001ba2       0x14 /home/shivani/bl602_iot_sdk/customer_app/suas_app_freertos_watchdog/build_out/freertos/libfreertos.a(tasks.o)
                0x23001ba2                pvTaskGetThreadLocalStoragePointer
 .text.xTaskGetSchedulerState
                0x23001bb6       0x14 /home/shivani/bl602_iot_sdk/customer_app/suas_app_freertos_watchdog/build_out/freertos/libfreertos.a(tasks.o)
                0x23001bb6                xTaskGetSchedulerState
 .text.xTaskPriorityDisinherit
                0x23001bca       0xd0 /home/shivani/bl602_iot_sdk/customer_app/suas_app_freertos_watchdog/build_out/freertos/libfreertos.a(tasks.o)
                0x23001bca                xTaskPriorityDisinherit
 .text.vTaskEnterCritical
                0x23001c9a       0x1a /home/shivani/bl602_iot_sdk/customer_app/suas_app_freertos_watchdog/build_out/freertos/libfreertos.a(tasks.o)
                0x23001c9a                vTaskEnterCritical
 .text.vTaskExitCritical
                0x23001cb4       0x26 /home/shivani/bl602_iot_sdk/customer_app/suas_app_freertos_watchdog/build_out/freertos/libfreertos.a(tasks.o)
                0x23001cb4                vTaskExitCritical
 .text.prvAddNewTaskToReadyList
                0x23001cda      0x13e /home/shivani/bl602_iot_sdk/customer_app/suas_app_freertos_watchdog/build_out/freertos/libfreertos.a(tasks.o)
 .text.xTaskCreateStatic
                0x23001e18       0xa4 /home/shivani/bl602_iot_sdk/customer_app/suas_app_freertos_watchdog/build_out/freertos/libfreertos.a(tasks.o)
                0x23001e18                xTaskCreateStatic
 .text.vTaskStartScheduler
                0x23001ebc       0x66 /home/shivani/bl602_iot_sdk/customer_app/suas_app_freertos_watchdog/build_out/freertos/libfreertos.a(tasks.o)
                0x23001ebc                vTaskStartScheduler
 .text.xTaskCreate
                0x23001f22       0x70 /home/shivani/bl602_iot_sdk/customer_app/suas_app_freertos_watchdog/build_out/freertos/libfreertos.a(tasks.o)
                0x23001f22                xTaskCreate
 .text.vTaskDelete
                0x23001f92      0x140 /home/shivani/bl602_iot_sdk/customer_app/suas_app_freertos_watchdog/build_out/freertos/libfreertos.a(tasks.o)
                0x23001f92                vTaskDelete
 .text.xTaskResumeAll
                0x230020d2      0x134 /home/shivani/bl602_iot_sdk/customer_app/suas_app_freertos_watchdog/build_out/freertos/libfreertos.a(tasks.o)
                0x230020d2                xTaskResumeAll
 .text.vTaskDelay
                0x23002206       0x3a /home/shivani/bl602_iot_sdk/customer_app/suas_app_freertos_watchdog/build_out/freertos/libfreertos.a(tasks.o)
                0x23002206                vTaskDelay
 .text.xTaskCheckForTimeOut
                0x23002240       0x9a /home/shivani/bl602_iot_sdk/customer_app/suas_app_freertos_watchdog/build_out/freertos/libfreertos.a(tasks.o)
                0x23002240                xTaskCheckForTimeOut
 .text.prvCheckForValidListAndQueue
                0x230022da       0x74 /home/shivani/bl602_iot_sdk/customer_app/suas_app_freertos_watchdog/build_out/freertos/libfreertos.a(timers.o)
 .text.xTimerCreateTimerTask
                0x2300234e       0x52 /home/shivani/bl602_iot_sdk/customer_app/suas_app_freertos_watchdog/build_out/freertos/libfreertos.a(timers.o)
                0x2300234e                xTimerCreateTimerTask
 .text.xTimerGenericCommand
                0x230023a0       0x88 /home/shivani/bl602_iot_sdk/customer_app/suas_app_freertos_watchdog/build_out/freertos/libfreertos.a(timers.o)
                0x230023a0                xTimerGenericCommand
 .text.prvSwitchTimerLists
                0x23002428       0x78 /home/shivani/bl602_iot_sdk/customer_app/suas_app_freertos_watchdog/build_out/freertos/libfreertos.a(timers.o)
 .text.prvTimerTask
                0x230024a0      0x23a /home/shivani/bl602_iot_sdk/customer_app/suas_app_freertos_watchdog/build_out/freertos/libfreertos.a(timers.o)
 .text.vPortSetupTimerInterrupt
                0x230026da       0x60 /home/shivani/bl602_iot_sdk/customer_app/suas_app_freertos_watchdog/build_out/freertos/libfreertos.a(port.o)
                0x230026da                vPortSetupTimerInterrupt
 .text.xPortStartScheduler
                0x2300273a       0x3e /home/shivani/bl602_iot_sdk/customer_app/suas_app_freertos_watchdog/build_out/freertos/libfreertos.a(port.o)
                0x2300273a                xPortStartScheduler
 *fill*         0x23002778       0x88 
 .text          0x23002800      0x432 /home/shivani/bl602_iot_sdk/customer_app/suas_app_freertos_watchdog/build_out/freertos/libfreertos.a(portASM.o)
                0x23002800                freertos_risc_v_trap_handler
                0x23002a00                xPortStartFirstTask
                0x23002b00                pxPortInitialiseStack
 .text.vInitializeBL602
                0x23002c32       0x70 /home/shivani/bl602_iot_sdk/customer_app/suas_app_freertos_watchdog/build_out/freertos/libfreertos.a(bl602_port.o)
                0x23002c32                vInitializeBL602
 .text.vAssertCalled
                0x23002ca2       0x1c /home/shivani/bl602_iot_sdk/customer_app/suas_app_freertos_watchdog/build_out/freertos/libfreertos.a(bl602_port.o)
                0x23002ca2                vAssertCalled
                0x23002ca2                user_vAssertCalled
 .text.vApplicationGetIdleTaskMemory
                0x23002cbe       0x1c /home/shivani/bl602_iot_sdk/customer_app/suas_app_freertos_watchdog/build_out/freertos/libfreertos.a(bl602_port.o)
                0x23002cbe                vApplicationGetIdleTaskMemory
 .text.vApplicationGetTimerTaskMemory
                0x23002cda       0x1c /home/shivani/bl602_iot_sdk/customer_app/suas_app_freertos_watchdog/build_out/freertos/libfreertos.a(bl602_port.o)
                0x23002cda                vApplicationGetTimerTaskMemory
 .text.vApplicationIdleHook
                0x23002cf6        0x6 /home/shivani/bl602_iot_sdk/customer_app/suas_app_freertos_watchdog/build_out/freertos/libfreertos.a(bl602_port.o)
                0x23002cf6                vApplicationIdleHook
 .text.vApplicationMallocFailedHook
                0x23002cfc       0x1e /home/shivani/bl602_iot_sdk/customer_app/suas_app_freertos_watchdog/build_out/freertos/libfreertos.a(bl602_port.o)
                0x23002cfc                vApplicationMallocFailedHook
 .text.vApplicationStackOverflowHook
                0x23002d1a       0x1c /home/shivani/bl602_iot_sdk/customer_app/suas_app_freertos_watchdog/build_out/freertos/libfreertos.a(bl602_port.o)
                0x23002d1a                vApplicationStackOverflowHook
 .text.prvInsertBlockIntoFreeList
                0x23002d36       0x5a /home/shivani/bl602_iot_sdk/customer_app/suas_app_freertos_watchdog/build_out/freertos/libfreertos.a(heap_bl602.o)
 .text.pvPortMalloc
                0x23002d90       0xec /home/shivani/bl602_iot_sdk/customer_app/suas_app_freertos_watchdog/build_out/freertos/libfreertos.a(heap_bl602.o)
                0x23002d90                pvPortMalloc
 .text.vPortFree
                0x23002e7c       0x92 /home/shivani/bl602_iot_sdk/customer_app/suas_app_freertos_watchdog/build_out/freertos/libfreertos.a(heap_bl602.o)
                0x23002e7c                vPortFree
 .text.xPortGetFreeHeapSize
                0x23002f0e        0x6 /home/shivani/bl602_iot_sdk/customer_app/suas_app_freertos_watchdog/build_out/freertos/libfreertos.a(heap_bl602.o)
                0x23002f0e                xPortGetFreeHeapSize
 .text.vPortDefineHeapRegions
                0x23002f14       0xd6 /home/shivani/bl602_iot_sdk/customer_app/suas_app_freertos_watchdog/build_out/freertos/libfreertos.a(heap_bl602.o)
                0x23002f14                vPortDefineHeapRegions
 .text.vListInitialise
                0x23002fea       0x14 /home/shivani/bl602_iot_sdk/customer_app/suas_app_freertos_watchdog/build_out/freertos/libfreertos.a(list.o)
                0x23002fea                vListInitialise
 .text.vListInitialiseItem
                0x23002ffe        0x6 /home/shivani/bl602_iot_sdk/customer_app/suas_app_freertos_watchdog/build_out/freertos/libfreertos.a(list.o)
                0x23002ffe                vListInitialiseItem
 .text.vListInsertEnd
                0x23003004       0x16 /home/shivani/bl602_iot_sdk/customer_app/suas_app_freertos_watchdog/build_out/freertos/libfreertos.a(list.o)
                0x23003004                vListInsertEnd
 .text.vListInsert
                0x2300301a       0x2e /home/shivani/bl602_iot_sdk/customer_app/suas_app_freertos_watchdog/build_out/freertos/libfreertos.a(list.o)
                0x2300301a                vListInsert
 .text.uxListRemove
                0x23003048       0x32 /home/shivani/bl602_iot_sdk/customer_app/suas_app_freertos_watchdog/build_out/freertos/libfreertos.a(list.o)
                0x23003048                uxListRemove
 .text.prvCopyDataToQueue
                0x2300307a       0x8e /home/shivani/bl602_iot_sdk/customer_app/suas_app_freertos_watchdog/build_out/freertos/libfreertos.a(queue.o)
 .text.prvUnlockQueue
                0x23003108       0x8e /home/shivani/bl602_iot_sdk/customer_app/suas_app_freertos_watchdog/build_out/freertos/libfreertos.a(queue.o)
 .text.xQueueGenericReset
                0x23003196       0x90 /home/shivani/bl602_iot_sdk/customer_app/suas_app_freertos_watchdog/build_out/freertos/libfreertos.a(queue.o)
                0x23003196                xQueueGenericReset
 .text.xQueueGenericCreateStatic
                0x23003226       0x82 /home/shivani/bl602_iot_sdk/customer_app/suas_app_freertos_watchdog/build_out/freertos/libfreertos.a(queue.o)
                0x23003226                xQueueGenericCreateStatic
 .text.xQueueGenericSend
                0x230032a8      0x154 /home/shivani/bl602_iot_sdk/customer_app/suas_app_freertos_watchdog/build_out/freertos/libfreertos.a(queue.o)
                0x230032a8                xQueueGenericSend
 .text.xQueueCreateMutexStatic
                0x230033fc       0x80 /home/shivani/bl602_iot_sdk/customer_app/suas_app_freertos_watchdog/build_out/freertos/libfreertos.a(queue.o)
                0x230033fc                xQueueCreateMutexStatic
 .text.xQueueGenericSendFromISR
                0x2300347c       0xa8 /home/shivani/bl602_iot_sdk/customer_app/suas_app_freertos_watchdog/build_out/freertos/libfreertos.a(queue.o)
                0x2300347c                xQueueGenericSendFromISR
 .text.xQueueReceive
                0x23003524      0x142 /home/shivani/bl602_iot_sdk/customer_app/suas_app_freertos_watchdog/build_out/freertos/libfreertos.a(queue.o)
                0x23003524                xQueueReceive
 .text.vQueueAddToRegistry
                0x23003666       0x2a /home/shivani/bl602_iot_sdk/customer_app/suas_app_freertos_watchdog/build_out/freertos/libfreertos.a(queue.o)
                0x23003666                vQueueAddToRegistry
 .text.vQueueWaitForMessageRestricted
                0x23003690       0x6c /home/shivani/bl602_iot_sdk/customer_app/suas_app_freertos_watchdog/build_out/freertos/libfreertos.a(queue.o)
                0x23003690                vQueueWaitForMessageRestricted
 .text.uart_generic_notify_handler
                0x230036fc       0xea /home/shivani/bl602_iot_sdk/customer_app/suas_app_freertos_watchdog/build_out/hal_drv/libhal_drv.a(bl_uart.o)
 .text.UART0_IRQHandler
                0x230037e6        0x6 /home/shivani/bl602_iot_sdk/customer_app/suas_app_freertos_watchdog/build_out/hal_drv/libhal_drv.a(bl_uart.o)
                0x230037e6                UART0_IRQHandler
 .text.UART1_IRQHandler
                0x230037ec        0x6 /home/shivani/bl602_iot_sdk/customer_app/suas_app_freertos_watchdog/build_out/hal_drv/libhal_drv.a(bl_uart.o)
                0x230037ec                UART1_IRQHandler
 .text.bl_uart_init
                0x230037f2       0xe8 /home/shivani/bl602_iot_sdk/customer_app/suas_app_freertos_watchdog/build_out/hal_drv/libhal_drv.a(bl_uart.o)
                0x230037f2                bl_uart_init
 .text.bl_uart_data_send
                0x230038da       0x32 /home/shivani/bl602_iot_sdk/customer_app/suas_app_freertos_watchdog/build_out/hal_drv/libhal_drv.a(bl_uart.o)
                0x230038da                bl_uart_data_send
 .text.bl_sys_em_config
                0x2300390c       0x28 /home/shivani/bl602_iot_sdk/customer_app/suas_app_freertos_watchdog/build_out/hal_drv/libhal_drv.a(bl_sys.o)
                0x2300390c                bl_sys_em_config
 .text.bl_sys_early_init
                0x23003934       0x1e /home/shivani/bl602_iot_sdk/customer_app/suas_app_freertos_watchdog/build_out/hal_drv/libhal_drv.a(bl_sys.o)
                0x23003934                bl_sys_early_init
 .text.bl_sys_init
                0x23003952        0x4 /home/shivani/bl602_iot_sdk/customer_app/suas_app_freertos_watchdog/build_out/hal_drv/libhal_drv.a(bl_sys.o)
                0x23003952                bl_sys_init
 .text.bl_dma_int_process
                0x23003956       0xaa /home/shivani/bl602_iot_sdk/customer_app/suas_app_freertos_watchdog/build_out/hal_drv/libhal_drv.a(bl_dma.o)
 .text.bl_dma_irq_register.part.0
                0x23003a00       0x5c /home/shivani/bl602_iot_sdk/customer_app/suas_app_freertos_watchdog/build_out/hal_drv/libhal_drv.a(bl_dma.o)
 .text.bl_dma_int_clear
                0x23003a5c       0x3a /home/shivani/bl602_iot_sdk/customer_app/suas_app_freertos_watchdog/build_out/hal_drv/libhal_drv.a(bl_dma.o)
                0x23003a5c                bl_dma_int_clear
 .text.bl_dma_IRQHandler
                0x23003a96       0x42 /home/shivani/bl602_iot_sdk/customer_app/suas_app_freertos_watchdog/build_out/hal_drv/libhal_drv.a(bl_dma.o)
                0x23003a96                bl_dma_IRQHandler
 .text.bl_dma_init
                0x23003ad8       0x82 /home/shivani/bl602_iot_sdk/customer_app/suas_app_freertos_watchdog/build_out/hal_drv/libhal_drv.a(bl_dma.o)
                0x23003ad8                bl_dma_init
 .text.bl_irq_enable
                0x23003b5a       0x12 /home/shivani/bl602_iot_sdk/customer_app/suas_app_freertos_watchdog/build_out/hal_drv/libhal_drv.a(bl_irq.o)
                0x23003b5a                bl_irq_enable
 .text.bl_irq_register_with_ctx
                0x23003b6c       0x30 /home/shivani/bl602_iot_sdk/customer_app/suas_app_freertos_watchdog/build_out/hal_drv/libhal_drv.a(bl_irq.o)
                0x23003b6c                bl_irq_register_with_ctx
 .text.bl_irq_ctx_get
                0x23003b9c       0x20 /home/shivani/bl602_iot_sdk/customer_app/suas_app_freertos_watchdog/build_out/hal_drv/libhal_drv.a(bl_irq.o)
                0x23003b9c                bl_irq_ctx_get
 .text.bl_irq_register
                0x23003bbc        0x6 /home/shivani/bl602_iot_sdk/customer_app/suas_app_freertos_watchdog/build_out/hal_drv/libhal_drv.a(bl_irq.o)
                0x23003bbc                bl_irq_register
 .text.interrupt_entry
                0x23003bc2       0x4a /home/shivani/bl602_iot_sdk/customer_app/suas_app_freertos_watchdog/build_out/hal_drv/libhal_drv.a(bl_irq.o)
                0x23003bc2                interrupt_entry
 .text.exception_entry
                0x23003c0c      0x13c /home/shivani/bl602_iot_sdk/customer_app/suas_app_freertos_watchdog/build_out/hal_drv/libhal_drv.a(bl_irq.o)
                0x23003c0c                exception_entry
 .text.bl_irq_init
                0x23003d48       0x42 /home/shivani/bl602_iot_sdk/customer_app/suas_app_freertos_watchdog/build_out/hal_drv/libhal_drv.a(bl_irq.o)
                0x23003d48                bl_irq_init
 .text._trng_trigger
                0x23003d8a       0x34 /home/shivani/bl602_iot_sdk/customer_app/suas_app_freertos_watchdog/build_out/hal_drv/libhal_drv.a(bl_sec.o)
 .text.wait_trng4feed
                0x23003dbe       0x72 /home/shivani/bl602_iot_sdk/customer_app/suas_app_freertos_watchdog/build_out/hal_drv/libhal_drv.a(bl_sec.o)
 .text.sec_trng_IRQHandler
                0x23003e30       0x90 /home/shivani/bl602_iot_sdk/customer_app/suas_app_freertos_watchdog/build_out/hal_drv/libhal_drv.a(bl_sec.o)
                0x23003e30                sec_trng_IRQHandler
 .text.bl_sec_init
                0x23003ec0       0x42 /home/shivani/bl602_iot_sdk/customer_app/suas_app_freertos_watchdog/build_out/hal_drv/libhal_drv.a(bl_sec.o)
                0x23003ec0                bl_sec_init
 .text          0x23003f02       0x48 /home/shivani/bl602_iot_sdk/customer_app/suas_app_freertos_watchdog/build_out/hal_drv/libhal_drv.a(bl_timer_asm.o)
                0x23003f02                timer_us_now
                0x23003f26                bl_timer_delay_us
 .text.hal_board_cfg
                0x23003f4a       0x44 /home/shivani/bl602_iot_sdk/customer_app/suas_app_freertos_watchdog/build_out/hal_drv/libhal_drv.a(hal_board.o)
                0x23003f4a                hal_board_cfg
 .text.bl_rtc_init
                0x23003f8e       0x16 /home/shivani/bl602_iot_sdk/customer_app/suas_app_freertos_watchdog/build_out/hal_drv/libhal_drv.a(bl_rtc.o)
                0x23003f8e                bl_rtc_init
 .text.bl_rtc_get_counter
                0x23003fa4       0x14 /home/shivani/bl602_iot_sdk/customer_app/suas_app_freertos_watchdog/build_out/hal_drv/libhal_drv.a(bl_rtc.o)
                0x23003fa4                bl_rtc_get_counter
 .text.bl_rtc_get_timestamp_ms
                0x23003fb8       0x4c /home/shivani/bl602_iot_sdk/customer_app/suas_app_freertos_watchdog/build_out/hal_drv/libhal_drv.a(bl_rtc.o)
                0x23003fb8                bl_rtc_get_timestamp_ms
 .text.utils_list_init
                0x23004004        0xa /home/shivani/bl602_iot_sdk/customer_app/suas_app_freertos_watchdog/build_out/utils/libutils.a(utils_list.o)
                0x23004004                utils_list_init
 .text.utils_list_pop_front
                0x2300400e        0xc /home/shivani/bl602_iot_sdk/customer_app/suas_app_freertos_watchdog/build_out/utils/libutils.a(utils_list.o)
                0x2300400e                utils_list_pop_front
 .text.aos_now_ms
                0x2300401a       0x3a /home/shivani/bl602_iot_sdk/customer_app/suas_app_freertos_watchdog/build_out/yloop/libyloop.a(aos_freertos.o)
                0x2300401a                aos_now_ms
 .text.UART_Init
                0x23004054       0xec /home/shivani/bl602_iot_sdk/customer_app/suas_app_freertos_watchdog/build_out/bl602_std/libbl602_std.a(bl602_uart.o)
                0x23004054                UART_Init
 .text.UART_FifoConfig
                0x23004140       0x64 /home/shivani/bl602_iot_sdk/customer_app/suas_app_freertos_watchdog/build_out/bl602_std/libbl602_std.a(bl602_uart.o)
                0x23004140                UART_FifoConfig
 .text.UART_Enable
                0x230041a4       0x30 /home/shivani/bl602_iot_sdk/customer_app/suas_app_freertos_watchdog/build_out/bl602_std/libbl602_std.a(bl602_uart.o)
                0x230041a4                UART_Enable
 .text.UART_Disable
                0x230041d4       0x2c /home/shivani/bl602_iot_sdk/customer_app/suas_app_freertos_watchdog/build_out/bl602_std/libbl602_std.a(bl602_uart.o)
                0x230041d4                UART_Disable
 .text.UART_TxFreeRun
                0x23004200       0x20 /home/shivani/bl602_iot_sdk/customer_app/suas_app_freertos_watchdog/build_out/bl602_std/libbl602_std.a(bl602_uart.o)
                0x23004200                UART_TxFreeRun
 .text.UART_IntMask
                0x23004220       0x38 /home/shivani/bl602_iot_sdk/customer_app/suas_app_freertos_watchdog/build_out/bl602_std/libbl602_std.a(bl602_uart.o)
                0x23004220                UART_IntMask
 .text.UART_GetTxFifoCount
                0x23004258       0x16 /home/shivani/bl602_iot_sdk/customer_app/suas_app_freertos_watchdog/build_out/bl602_std/libbl602_std.a(bl602_uart.o)
                0x23004258                UART_GetTxFifoCount
 .text.DMA_Enable
                0x2300426e        0xe /home/shivani/bl602_iot_sdk/customer_app/suas_app_freertos_watchdog/build_out/bl602_std/libbl602_std.a(bl602_dma.o)
                0x2300426e                DMA_Enable
 .text.DMA_Channel_Enable
                0x2300427c       0x16 /home/shivani/bl602_iot_sdk/customer_app/suas_app_freertos_watchdog/build_out/bl602_std/libbl602_std.a(bl602_dma.o)
                0x2300427c                DMA_Channel_Enable
 .text.DMA_LLI_Init
                0x23004292       0x36 /home/shivani/bl602_iot_sdk/customer_app/suas_app_freertos_watchdog/build_out/bl602_std/libbl602_std.a(bl602_dma.o)
                0x23004292                DMA_LLI_Init
 .text.DMA_LLI_Update
                0x230042c8       0x16 /home/shivani/bl602_iot_sdk/customer_app/suas_app_freertos_watchdog/build_out/bl602_std/libbl602_std.a(bl602_dma.o)
                0x230042c8                DMA_LLI_Update
 .text.DMA_IntMask
                0x230042de       0x82 /home/shivani/bl602_iot_sdk/customer_app/suas_app_freertos_watchdog/build_out/bl602_std/libbl602_std.a(bl602_dma.o)
                0x230042de                DMA_IntMask
 .text.GLB_Set_UART_CLK
                0x23004360       0x3c /home/shivani/bl602_iot_sdk/customer_app/suas_app_freertos_watchdog/build_out/bl602_std/libbl602_std.a(bl602_glb.o)
                0x23004360                GLB_Set_UART_CLK
 .text.GLB_Set_EM_Sel
                0x2300439c       0x10 /home/shivani/bl602_iot_sdk/customer_app/suas_app_freertos_watchdog/build_out/bl602_std/libbl602_std.a(bl602_glb.o)
                0x2300439c                GLB_Set_EM_Sel
 .text.GLB_UART_Fun_Sel
                0x230043ac       0x24 /home/shivani/bl602_iot_sdk/customer_app/suas_app_freertos_watchdog/build_out/bl602_std/libbl602_std.a(bl602_glb.o)
                0x230043ac                GLB_UART_Fun_Sel
 .text.HBN_Set_UART_CLK_Sel
                0x230043d0       0x12 /home/shivani/bl602_iot_sdk/customer_app/suas_app_freertos_watchdog/build_out/bl602_std/libbl602_std.a(bl602_hbn.o)
                0x230043d0                HBN_Set_UART_CLK_Sel
 .text.HBN_Clear_RTC_Counter
                0x230043e2        0xe /home/shivani/bl602_iot_sdk/customer_app/suas_app_freertos_watchdog/build_out/bl602_std/libbl602_std.a(bl602_hbn.o)
                0x230043e2                HBN_Clear_RTC_Counter
 .text.HBN_Enable_RTC_Counter
                0x230043f0       0x10 /home/shivani/bl602_iot_sdk/customer_app/suas_app_freertos_watchdog/build_out/bl602_std/libbl602_std.a(bl602_hbn.o)
                0x230043f0                HBN_Enable_RTC_Counter
 .text.HBN_Get_RTC_Timer_Val
                0x23004400       0x2c /home/shivani/bl602_iot_sdk/customer_app/suas_app_freertos_watchdog/build_out/bl602_std/libbl602_std.a(bl602_hbn.o)
                0x23004400                HBN_Get_RTC_Timer_Val
 .text.HBN_Aon_Pad_IeSmt_Cfg
                0x2300442c       0x14 /home/shivani/bl602_iot_sdk/customer_app/suas_app_freertos_watchdog/build_out/bl602_std/libbl602_std.a(bl602_hbn.o)
                0x2300442c                HBN_Aon_Pad_IeSmt_Cfg
 .text.Default_Handler_Stub
                0x23004440       0xac /home/shivani/bl602_iot_sdk/customer_app/suas_app_freertos_watchdog/build_out/bl602_std/libbl602_std.a(interrupt.o)
                0x23004440                HBN_OUT0_IRQHandler
                0x23004440                L1C_BMX_TO_IRQHandler
                0x23004440                IRTX_IRQHandler
                0x23004440                TIMER_CH0_IRQHandler
                0x23004440                SDIO_IRQHandler
                0x23004440                WIFI_IPC_PUBLIC_IRQHandler
                0x23004440                DMA_BMX_ERR_IRQHandler
                0x23004440                MAC_RX_TRG_IRQHandler
                0x23004440                EFUSE_IRQHandler
                0x23004440                TIMER_WDT_IRQHandler
                0x23004440                MAC_TXRX_TIMER_IRQHandler
                0x23004440                MAC_GEN_IRQHandler
                0x23004440                clic_csoft_handler
                0x23004440                BOR_IRQHandler
                0x23004440                MAC_PORT_TRG_IRQHandler
                0x23004440                SPI_IRQHandler
                0x23004440                HBN_OUT1_IRQHandler
                0x23004440                SEC_BMX_ERR_IRQHandler
                0x23004440                SF_CTRL_IRQHandler
                0x23004440                RF_TOP_INT0_IRQHandler
                0x23004440                MAC_TXRX_MISC_IRQHandler
                0x23004440                BZ_PHY_IRQHandler
                0x23004440                DMA_ALL_IRQHandler
                0x23004440                SEC_GMAC_IRQHandler
                0x23004440                BMX_ERR_IRQHandler
                0x23004440                SEC_PKA_IRQHandler
                0x23004440                TIMER_CH1_IRQHandler
                0x23004440                clic_msip_handler
                0x23004440                I2C_IRQHandler
                0x23004440                SEC_TRNG_IRQHandler
                0x23004440                GPIO_INT0_IRQHandler
                0x23004440                IRRX_IRQHandler
                0x23004440                L1C_BMX_ERR_IRQHandler
                0x23004440                BMX_TO_IRQHandler
                0x23004440                SEC_CDET_IRQHandler
                0x23004440                WIFI_IRQHandler
                0x23004440                clic_mtimer_handler
                0x23004440                PDS_WAKEUP_IRQHandler
                0x23004440                GPADC_DMA_IRQHandler
                0x23004440                BLE_IRQHandler
                0x23004440                PWM_IRQHandler
                0x23004440                MAC_TX_TRG_IRQHandler
                0x23004440                clic_mext_handler
                0x23004440                RF_TOP_INT1_IRQHandler
                0x23004440                SEC_AES_IRQHandler
                0x23004440                SEC_SHA_IRQHandler
                0x23004440                Default_Handler_Stub
 .text.cmd_blog_info_dump
                0x230044ec      0x16e /home/shivani/bl602_iot_sdk/customer_app/suas_app_freertos_watchdog/build_out/blog/libblog.a(blog.o)
                0x230044ec                cmd_blog_info_dump
 .text.cmd_blog_set_level
                0x2300465a      0x198 /home/shivani/bl602_iot_sdk/customer_app/suas_app_freertos_watchdog/build_out/blog/libblog.a(blog.o)
                0x2300465a                cmd_blog_set_level
 .text.blog_init
                0x230047f2       0x7a /home/shivani/bl602_iot_sdk/customer_app/suas_app_freertos_watchdog/build_out/blog/libblog.a(blog.o)
                0x230047f2                blog_init
 .text.bl_sys_time_sync_state
                0x2300486c       0x58 /home/shivani/bl602_iot_sdk/customer_app/suas_app_freertos_watchdog/build_out/bltime/libbltime.a(bl_sys_time.o)
                0x2300486c                bl_sys_time_sync_state
 .text.misaligned_load_trap
                0x230048c4      0x15a /home/shivani/bl602_iot_sdk/customer_app/suas_app_freertos_watchdog/build_out/freertos/libfreertos.a(misaligned_ldst.o)
                0x230048c4                misaligned_load_trap
 .text.misaligned_store_trap
                0x23004a1e      0x14a /home/shivani/bl602_iot_sdk/customer_app/suas_app_freertos_watchdog/build_out/freertos/libfreertos.a(misaligned_ldst.o)
                0x23004a1e                misaligned_store_trap
 .text          0x23004b68      0x200 /home/shivani/bl602_iot_sdk/customer_app/suas_app_freertos_watchdog/build_out/freertos/libfreertos.a(fp_asm.o)
                0x23004b68                get_f32_reg
                0x23004c68                put_f32_reg
 .text.backtrace_riscv
                0x23004d68        0x4 /home/shivani/bl602_iot_sdk/customer_app/suas_app_freertos_watchdog/build_out/freertos/libfreertos.a(panic_c.o)
                0x23004d68                backtrace_riscv
                0x23004d68                backtrace_now
 .text.bl_printk
                0x23004d6c       0x26 /home/shivani/bl602_iot_sdk/customer_app/suas_app_freertos_watchdog/build_out/utils/libutils.a(utils_log.o)
                0x23004d6c                bl_printk
 .text.modf     0x23004d92       0xf4 /home/shivani/bl602_iot_sdk/toolchain/compiler/bin/../lib/gcc/riscv32-unknown-elf/15.1.0/../../../../riscv32-unknown-elf/lib/libm.a(libm_a-s_modf.o)
                0x23004d92                modf
 .text.__fpclassifyd
                0x23004e86       0x4c /home/shivani/bl602_iot_sdk/toolchain/compiler/bin/../lib/gcc/riscv32-unknown-elf/15.1.0/../../../../riscv32-unknown-elf/lib/libm.a(libm_a-s_fpclassify.o)
                0x23004e86                __fpclassifyd
 .text          0x23004ed2       0x3c /home/shivani/bl602_iot_sdk/toolchain/compiler/bin/../lib/gcc/riscv32-unknown-elf/15.1.0/libgcc.a(_clzsi2.o)
                0x23004ed2                __clzsi2
 .text          0x23004f0e      0x30a /home/shivani/bl602_iot_sdk/toolchain/compiler/bin/../lib/gcc/riscv32-unknown-elf/15.1.0/libgcc.a(_udivdi3.o)
                0x23004f0e                __udivdi3
 .text          0x23005218      0x352 /home/shivani/bl602_iot_sdk/toolchain/compiler/bin/../lib/gcc/riscv32-unknown-elf/15.1.0/libgcc.a(_umoddi3.o)
                0x23005218                __umoddi3
 .text          0x2300556a      0x848 /home/shivani/bl602_iot_sdk/toolchain/compiler/bin/../lib/gcc/riscv32-unknown-elf/15.1.0/libgcc.a(adddf3.o)
                0x2300556a                __adddf3
 .text          0x23005db2      0x65c /home/shivani/bl602_iot_sdk/toolchain/compiler/bin/../lib/gcc/riscv32-unknown-elf/15.1.0/libgcc.a(divdf3.o)
                0x23005db2                __divdf3
 .text          0x2300640e       0x96 /home/shivani/bl602_iot_sdk/toolchain/compiler/bin/../lib/gcc/riscv32-unknown-elf/15.1.0/libgcc.a(eqdf2.o)
                0x2300640e                __eqdf2
                0x2300640e                __nedf2
 .text          0x230064a4       0xb8 /home/shivani/bl602_iot_sdk/toolchain/compiler/bin/../lib/gcc/riscv32-unknown-elf/15.1.0/libgcc.a(gedf2.o)
                0x230064a4                __gtdf2
                0x230064a4                __gedf2
 .text          0x2300655c       0xb8 /home/shivani/bl602_iot_sdk/toolchain/compiler/bin/../lib/gcc/riscv32-unknown-elf/15.1.0/libgcc.a(ledf2.o)
                0x2300655c                __ltdf2
                0x2300655c                __ledf2
 .text          0x23006614      0x586 /home/shivani/bl602_iot_sdk/toolchain/compiler/bin/../lib/gcc/riscv32-unknown-elf/15.1.0/libgcc.a(muldf3.o)
                0x23006614                __muldf3
 .text          0x23006b9a      0x85a /home/shivani/bl602_iot_sdk/toolchain/compiler/bin/../lib/gcc/riscv32-unknown-elf/15.1.0/libgcc.a(subdf3.o)
                0x23006b9a                __subdf3
 .text          0x230073f4       0xba /home/shivani/bl602_iot_sdk/toolchain/compiler/bin/../lib/gcc/riscv32-unknown-elf/15.1.0/libgcc.a(fixdfsi.o)
                0x230073f4                __fixdfsi
 .text.strnlen  0x230074ae       0x20 /home/shivani/bl602_iot_sdk/toolchain/compiler/bin/../lib/gcc/riscv32-unknown-elf/15.1.0/../../../../riscv32-unknown-elf/lib/libc.a(libc_a-strnlen.o)
                0x230074ae                strnlen
 .text.critical_factorization
                0x230074ce       0xce /home/shivani/bl602_iot_sdk/toolchain/compiler/bin/../lib/gcc/riscv32-unknown-elf/15.1.0/../../../../riscv32-unknown-elf/lib/libc.a(libc_a-strstr.o)
 .text.two_way_long_needle
                0x2300759c      0x26c /home/shivani/bl602_iot_sdk/toolchain/compiler/bin/../lib/gcc/riscv32-unknown-elf/15.1.0/../../../../riscv32-unknown-elf/lib/libc.a(libc_a-strstr.o)
 .text.strstr   0x23007808      0x1c2 /home/shivani/bl602_iot_sdk/toolchain/compiler/bin/../lib/gcc/riscv32-unknown-elf/15.1.0/../../../../riscv32-unknown-elf/lib/libc.a(libc_a-strstr.o)
                0x23007808                strstr
 .text          0x230079ca       0xa8 /home/shivani/bl602_iot_sdk/toolchain/compiler/bin/../lib/gcc/riscv32-unknown-elf/15.1.0/../../../../riscv32-unknown-elf/lib/libc.a(libc_a-memset.o)
                0x230079ca                memset
 .text.memcpy   0x23007a72       0xe8 /home/shivani/bl602_iot_sdk/toolchain/compiler/bin/../lib/gcc/riscv32-unknown-elf/15.1.0/../../../../riscv32-unknown-elf/lib/libc.a(libc_a-memcpy.o)
                0x23007a72                memcpy
 .text.strlen   0x23007b5a       0x64 /home/shivani/bl602_iot_sdk/toolchain/compiler/bin/../lib/gcc/riscv32-unknown-elf/15.1.0/../../../../riscv32-unknown-elf/lib/libc.a(libc_a-strlen.o)
                0x23007b5a                strlen
 .text.strcpy   0x23007bbe       0x76 /home/shivani/bl602_iot_sdk/toolchain/compiler/bin/../lib/gcc/riscv32-unknown-elf/15.1.0/../../../../riscv32-unknown-elf/lib/libc.a(libc_a-strcpy.o)
                0x23007bbe                strcpy
 .text          0x23007c34      0x11e /home/shivani/bl602_iot_sdk/toolchain/compiler/bin/../lib/gcc/riscv32-unknown-elf/15.1.0/../../../../riscv32-unknown-elf/lib/libc.a(libc_a-strcmp.o)
                0x23007c34                strcmp
 .text.memcmp   0x23007d52       0x48 /home/shivani/bl602_iot_sdk/toolchain/compiler/bin/../lib/gcc/riscv32-unknown-elf/15.1.0/../../../../riscv32-unknown-elf/lib/libc.a(libc_a-memcmp.o)
                0x23007d52                memcmp
 .text.strchr   0x23007d9a       0xee /home/shivani/bl602_iot_sdk/toolchain/compiler/bin/../lib/gcc/riscv32-unknown-elf/15.1.0/../../../../riscv32-unknown-elf/lib/libc.a(libc_a-strchr.o)
                0x23007d9a                strchr
 *(.gnu.linkonce.t.*)

.rodata         0x23007e88      0xa64
 *(.rdata)
 *(.rodata .rodata.*)
 .rodata.hal_boot2_partition_bus_addr.str1.4
                0x23007e88      0x613 /home/shivani/bl602_iot_sdk/customer_app/suas_app_freertos_watchdog/build_out/hal_drv/libhal_drv.a(hal_boot2.o)
                                  0x3 (size before relaxing)
 .rodata._Z8task_onePv.str1.4
                0x2300849b        0x0 /home/shivani/bl602_iot_sdk/customer_app/suas_app_freertos_watchdog/build_out/suas_app_freertos_tasks/libsuas_app_freertos_tasks.a(main.o)
                                 0x22 (size before relaxing)
 .rodata._Z8task_twoPv.str1.4
                0x2300849b        0x0 /home/shivani/bl602_iot_sdk/customer_app/suas_app_freertos_watchdog/build_out/suas_app_freertos_tasks/libsuas_app_freertos_tasks.a(main.o)
                                 0x25 (size before relaxing)
 .rodata._Z23task_three_function_twov.str1.4
                0x2300849b        0x0 /home/shivani/bl602_iot_sdk/customer_app/suas_app_freertos_watchdog/build_out/suas_app_freertos_tasks/libsuas_app_freertos_tasks.a(main.o)
                                 0x37 (size before relaxing)
 .rodata._Z10task_threePv.str1.4
                0x2300849b        0x0 /home/shivani/bl602_iot_sdk/customer_app/suas_app_freertos_watchdog/build_out/suas_app_freertos_tasks/libsuas_app_freertos_tasks.a(main.o)
                                 0x2a (size before relaxing)
 .rodata.bfl_main.str1.4
                0x2300849b        0x0 /home/shivani/bl602_iot_sdk/customer_app/suas_app_freertos_watchdog/build_out/suas_app_freertos_tasks/libsuas_app_freertos_tasks.a(main.o)
                                 0x23 (size before relaxing)
 .rodata.vsnprintf.str1.4
                0x2300849b        0x0 /home/shivani/bl602_iot_sdk/customer_app/suas_app_freertos_watchdog/build_out/bl602/libbl602.a(debug.o)
                                  0x7 (size before relaxing)
 *fill*         0x2300849b        0x1 
 .rodata.vsnprintf
                0x2300849c      0x1f4 /home/shivani/bl602_iot_sdk/customer_app/suas_app_freertos_watchdog/build_out/bl602/libbl602.a(debug.o)
 .rodata.lcdigits.0
                0x23008690       0x11 /home/shivani/bl602_iot_sdk/customer_app/suas_app_freertos_watchdog/build_out/bl602/libbl602.a(debug.o)
 *fill*         0x230086a1        0x3 
 .rodata.ucdigits.1
                0x230086a4       0x11 /home/shivani/bl602_iot_sdk/customer_app/suas_app_freertos_watchdog/build_out/bl602/libbl602.a(debug.o)
 .rodata.vTaskStartScheduler.str1.4
                0x230086b5        0x0 /home/shivani/bl602_iot_sdk/customer_app/suas_app_freertos_watchdog/build_out/freertos/libfreertos.a(tasks.o)
                                  0x5 (size before relaxing)
 .rodata.prvCheckForValidListAndQueue.str1.4
                0x230086b5        0x0 /home/shivani/bl602_iot_sdk/customer_app/suas_app_freertos_watchdog/build_out/freertos/libfreertos.a(timers.o)
                                  0x5 (size before relaxing)
 .rodata.xTimerCreateTimerTask.str1.4
                0x230086b5        0x0 /home/shivani/bl602_iot_sdk/customer_app/suas_app_freertos_watchdog/build_out/freertos/libfreertos.a(timers.o)
                                  0x8 (size before relaxing)
 *fill*         0x230086b5        0x3 
 .rodata.prvTimerTask
                0x230086b8       0x28 /home/shivani/bl602_iot_sdk/customer_app/suas_app_freertos_watchdog/build_out/freertos/libfreertos.a(timers.o)
 .rodata.vInitializeBL602.str1.4
                0x230086e0        0x0 /home/shivani/bl602_iot_sdk/customer_app/suas_app_freertos_watchdog/build_out/freertos/libfreertos.a(bl602_port.o)
                                 0x17 (size before relaxing)
 .rodata.vApplicationMallocFailedHook.str1.4
                0x230086e0        0x0 /home/shivani/bl602_iot_sdk/customer_app/suas_app_freertos_watchdog/build_out/freertos/libfreertos.a(bl602_port.o)
                                 0x39 (size before relaxing)
 .rodata.vApplicationStackOverflowHook.str1.4
                0x230086e0        0x0 /home/shivani/bl602_iot_sdk/customer_app/suas_app_freertos_watchdog/build_out/freertos/libfreertos.a(bl602_port.o)
                                 0x25 (size before relaxing)
 .rodata.__func__.5
                0x230086e0       0x1e /home/shivani/bl602_iot_sdk/customer_app/suas_app_freertos_watchdog/build_out/freertos/libfreertos.a(bl602_port.o)
 *fill*         0x230086fe        0x2 
 .rodata.__func__.4
                0x23008700       0x1d /home/shivani/bl602_iot_sdk/customer_app/suas_app_freertos_watchdog/build_out/freertos/libfreertos.a(bl602_port.o)
 *fill*         0x2300871d        0x3 
 .rodata        0x23008720       0x20 /home/shivani/bl602_iot_sdk/customer_app/suas_app_freertos_watchdog/build_out/hal_drv/libhal_drv.a(bl_uart.o)
 .rodata.interrupt_entry.str1.4
                0x23008740        0x0 /home/shivani/bl602_iot_sdk/customer_app/suas_app_freertos_watchdog/build_out/hal_drv/libhal_drv.a(bl_irq.o)
                                 0x40 (size before relaxing)
 .rodata.exception_entry.str1.4
                0x23008740        0x0 /home/shivani/bl602_iot_sdk/customer_app/suas_app_freertos_watchdog/build_out/hal_drv/libhal_drv.a(bl_irq.o)
                                0x26c (size before relaxing)
 .rodata.exception_entry
                0x23008740       0x40 /home/shivani/bl602_iot_sdk/customer_app/suas_app_freertos_watchdog/build_out/hal_drv/libhal_drv.a(bl_irq.o)
 .rodata.bl_irq_init.str1.4
                0x23008780        0x0 /home/shivani/bl602_iot_sdk/customer_app/suas_app_freertos_watchdog/build_out/hal_drv/libhal_drv.a(bl_irq.o)
                                 0x34 (size before relaxing)
 .rodata.sec_trng_IRQHandler.str1.4
                0x23008780        0x0 /home/shivani/bl602_iot_sdk/customer_app/suas_app_freertos_watchdog/build_out/hal_drv/libhal_drv.a(bl_sec.o)
                                 0x1a (size before relaxing)
 .rodata.hal_board_cfg.str1.4
                0x23008780        0x0 /home/shivani/bl602_iot_sdk/customer_app/suas_app_freertos_watchdog/build_out/hal_drv/libhal_drv.a(hal_board.o)
                                  0x8 (size before relaxing)
 .rodata.cmd_blog_info_dump.str1.4
                0x23008780        0x0 /home/shivani/bl602_iot_sdk/customer_app/suas_app_freertos_watchdog/build_out/blog/libblog.a(blog.o)
                                 0x6d (size before relaxing)
 .rodata.cmd_blog_set_level.str1.4
                0x23008780        0x0 /home/shivani/bl602_iot_sdk/customer_app/suas_app_freertos_watchdog/build_out/blog/libblog.a(blog.o)
                                 0xc4 (size before relaxing)
 .rodata.blog_init.str1.4
                0x23008780        0x0 /home/shivani/bl602_iot_sdk/customer_app/suas_app_freertos_watchdog/build_out/blog/libblog.a(blog.o)
                                 0x2d (size before relaxing)
 .rodata.CSWTCH.24
                0x23008780        0xc /home/shivani/bl602_iot_sdk/customer_app/suas_app_freertos_watchdog/build_out/blog/libblog.a(blog.o)
 .rodata.CSWTCH.23
                0x2300878c        0xc /home/shivani/bl602_iot_sdk/customer_app/suas_app_freertos_watchdog/build_out/blog/libblog.a(blog.o)
 .rodata.str1.4
                0x23008798        0x0 /home/shivani/bl602_iot_sdk/customer_app/suas_app_freertos_watchdog/build_out/blog/libblog.a(blog.o)
                                 0x37 (size before relaxing)
 .rodata        0x23008798       0x3c /home/shivani/bl602_iot_sdk/toolchain/compiler/bin/../lib/gcc/riscv32-unknown-elf/15.1.0/libgcc.a(divdf3.o)
 .rodata        0x230087d4      0x100 /home/shivani/bl602_iot_sdk/toolchain/compiler/bin/../lib/gcc/riscv32-unknown-elf/15.1.0/libgcc.a(_clz.o)
                0x230087d4                __clz_tab
 *(.sdata2.*)
                0x230088d4                        . = ALIGN (0x4)
                0x230088d4                        _bl_static_cli_cmds_start = .
 *(.static_cli_cmds)
 .static_cli_cmds
                0x230088d4       0x18 /home/shivani/bl602_iot_sdk/customer_app/suas_app_freertos_watchdog/build_out/blog/libblog.a(blog.o)
 *(.static_cli_cmds)
                0x230088ec                        _bl_static_cli_cmds_end = .
                0x230088ec                        . = ALIGN (0x4)
                0x230088ec                        _bl_static_fw_cfg_entry_start = .
 *(.wifi.cfg.entry)
                0x230088ec                        _bl_static_fw_cfg_entry_end = .
                0x230088ec                        . = ALIGN (0x4)
                0x230088ec                        _bl_static_blogcomponent_code_start = .
 SORT_BY_NAME(*)(.static_blogcomponent_code*)
 *(.static_blogcomponent_code*)
                0x230088ec                        _bl_static_blogcomponent_code_end = .
                0x230088ec                        . = ALIGN (0x4)
                0x230088ec                        _bl_static_blogfile_code_start = .
 SORT_BY_NAME(*)(.static_blogfile_code*)
 *(.static_blogfile_code*)
                0x230088ec                        _bl_static_blogfile_code_end = .
                0x230088ec                        . = ALIGN (0x4)
                0x230088ec                        _bl_static_blogpri_code_start = .
 SORT_BY_NAME(*)(.static_blogpri_code*)
 *(.static_blogpri_code*)
                0x230088ec                        _bl_static_blogpri_code_end = .
 *(.gnu.linkonce.r.*)
                0x230088ec                        . = ALIGN (0x4)
                0x230088ec                        _rom_framework_audio_device_start = .
 *(.framework.audio_device)
                0x230088ec                        _rom_framework_audio_device_end = .

.rela.dyn       0x230088ec        0x0
 .rela.init     0x230088ec        0x0 /home/shivani/bl602_iot_sdk/customer_app/suas_app_freertos_watchdog/build_out/bl602/libbl602.a(start.o)
 .rela.text.hal_boot2_get_flash_addr
                0x230088ec        0x0 /home/shivani/bl602_iot_sdk/customer_app/suas_app_freertos_watchdog/build_out/bl602/libbl602.a(start.o)
 .rela.text.xPortStartScheduler
                0x230088ec        0x0 /home/shivani/bl602_iot_sdk/customer_app/suas_app_freertos_watchdog/build_out/bl602/libbl602.a(start.o)
 .rela.srodata.xISRStackTop
                0x230088ec        0x0 /home/shivani/bl602_iot_sdk/customer_app/suas_app_freertos_watchdog/build_out/bl602/libbl602.a(start.o)
 .rela.data.xHeapRegions
                0x230088ec        0x0 /home/shivani/bl602_iot_sdk/customer_app/suas_app_freertos_watchdog/build_out/bl602/libbl602.a(start.o)
 .rela.text.bl_sys_em_config
                0x230088ec        0x0 /home/shivani/bl602_iot_sdk/customer_app/suas_app_freertos_watchdog/build_out/bl602/libbl602.a(start.o)
 .rela.text.cmd_blog_info_dump
                0x230088ec        0x0 /home/shivani/bl602_iot_sdk/customer_app/suas_app_freertos_watchdog/build_out/bl602/libbl602.a(start.o)
 .rela.text.blog_init
                0x230088ec        0x0 /home/shivani/bl602_iot_sdk/customer_app/suas_app_freertos_watchdog/build_out/bl602/libbl602.a(start.o)
 .rela.rodata.CSWTCH.24
                0x230088ec        0x0 /home/shivani/bl602_iot_sdk/customer_app/suas_app_freertos_watchdog/build_out/bl602/libbl602.a(start.o)
 .rela.rodata.CSWTCH.23
                0x230088ec        0x0 /home/shivani/bl602_iot_sdk/customer_app/suas_app_freertos_watchdog/build_out/bl602/libbl602.a(start.o)

.preinit_array  0x230088ec        0x0
                0x230088ec                        . = ALIGN (0x4)
                0x230088ec                        __preinit_array_start = .
 *(.preinit_array)
                0x230088ec                        __preinit_array_end = .

.init_array     0x230088ec        0x0
                0x230088ec                        . = ALIGN (0x4)
                0x230088ec                        __init_array_start = .
 *(SORT_BY_INIT_PRIORITY(.init_array.*))
 *(.init_array)
                0x230088ec                        __init_array_end = .

.wifibss        0x42042000        0x0
                0x42042000                        PROVIDE (__wifi_bss_start = ADDR (.wifibss))
                0x42042000                        PROVIDE (__wifi_bss_end = (ADDR (.wifibss) + SIZEOF (.wifibss)))
 *ipc_shared.o(COMMON)
 *sdu_shared.o(COMMON)
 *hal_desc.o(COMMON)
 *txl_buffer_shared.o(COMMON)
 *txl_frame_shared.o(COMMON)
 *scan_shared.o(COMMON)
 *scanu_shared.o(COMMON)
 *mfp_bip.o(COMMON)
 *me_mic.o(COMMON)
 *bl_sta_mgmt_others.o(COMMON)
 *bl_pmk_mgmt.o(COMMON)
 *bl_pmk_mgmt_internal.o(COMMON)
 *libwifi_drv.a:bl_utils.o(COMMON)
 *libwifi_drv.a:bl_utils.o(.bss*)
 *(.wifi_ram*)
                0x42042000                        . = ALIGN (0x10)
                0x42042000                        PROVIDE (_heap_wifi_start = .)
                0x0000a000                        PROVIDE (_heap_wifi_size = ((ORIGIN (ram_wifi) + LENGTH (ram_wifi)) - _heap_wifi_start))

.romdata        0x4200c000      0x498 load address 0x230088ec
                [!provide]                        PROVIDE (__global_pointer_head$ = .)
                0x4200c7f0                        PROVIDE (__global_pointer$ = (. + 0x7f0))
                0x4200c498                        . = (. + 0x498)
 *fill*         0x4200c000      0x498 

.data           0x4200c498      0x710 load address 0x230088ec
                0x230088ec                        PROVIDE (_data_load = LOADADDR (.data))
                0x4200c498                        PROVIDE (_data_run = ADDR (.data))
                0x4200cba8                        PROVIDE (_data_run_end = (ADDR (.data) + SIZEOF (.data)))
 *(.tcm_code)
 .tcm_code      0x4200c498      0x550 /home/shivani/bl602_iot_sdk/customer_app/suas_app_freertos_watchdog/build_out/bl602_std/libbl602_std.a(bl602_romapi.o)
                0x4200c498                AON_Power_On_BG
                0x4200c4a2                AON_Power_Off_BG
                0x4200c4ac                AON_Power_On_LDO11_SOC
                0x4200c4b6                AON_Power_Off_LDO11_SOC
                0x4200c4c0                AON_Power_On_LDO15_RF
                0x4200c4ca                AON_Power_Off_LDO15_RF
                0x4200c4d4                AON_Power_On_SFReg
                0x4200c4de                AON_Power_Off_SFReg
                0x4200c4e8                AON_LowPower_Enter_PDS0
                0x4200c4f2                AON_LowPower_Exit_PDS0
                0x4200c4fc                ASM_Delay_Us
                0x4200c506                BL602_Delay_US
                0x4200c510                BL602_Delay_MS
                0x4200c51a                BL602_MemCpy
                0x4200c524                BL602_MemCpy4
                0x4200c52e                BL602_MemCpy_Fast
                0x4200c538                BL602_MemSet
                0x4200c542                BL602_MemSet4
                0x4200c54c                BL602_MemCmp
                0x4200c556                EF_Ctrl_Sw_AHB_Clk_0
                0x4200c560                EF_Ctrl_Program_Efuse_0
                0x4200c56a                EF_Ctrl_Load_Efuse_R0
                0x4200c574                EF_Ctrl_Busy
                0x4200c57e                EF_Ctrl_AutoLoad_Done
                0x4200c588                EF_Ctrl_Clear
                0x4200c592                GLB_SW_System_Reset
                0x4200c59c                GLB_SW_CPU_Reset
                0x4200c5a6                GLB_SW_POR_Reset
                0x4200c5b0                GLB_Select_Internal_Flash
                0x4200c5ba                GLB_Select_External_Flash
                0x4200c5c4                GLB_Deswap_Flash_Pin
                0x4200c5ce                GLB_Swap_Flash_Pin
                0x4200c5d8                GLB_GPIO_Init
                0x4200c5e2                GLB_GPIO_OUTPUT_Enable
                0x4200c5ec                GLB_GPIO_OUTPUT_Disable
                0x4200c5f6                GLB_GPIO_Set_HZ
                0x4200c600                GLB_GPIO_Get_Fun
                0x4200c60a                HBN_Mode_Enter
                0x4200c614                HBN_Power_Down_Flash
                0x4200c61e                HBN_Enable
                0x4200c628                HBN_Reset
                0x4200c632                HBN_Set_Ldo11_Aon_Vout
                0x4200c63c                HBN_Set_Ldo11_Rt_Vout
                0x4200c646                HBN_Set_Ldo11_Soc_Vout
                0x4200c650                HBN_Hw_Pu_Pd_Cfg
                0x4200c65a                HBN_Pin_WakeUp_Mask
                0x4200c664                HBN_GPIO7_Dbg_Pull_Cfg
                0x4200c66e                HBN_Set_Embedded_Flash_Pullup
                0x4200c678                L1C_Set_Wrap
                0x4200c682                L1C_Set_Way_Disable
                0x4200c68c                L1C_IROM_2T_Access_Set
                0x4200c696                PDS_Reset
                0x4200c6a0                PDS_Force_Config
                0x4200c6aa                PDS_RAM_Config
                0x4200c6b4                PDS_Default_Level_Config
                0x4200c6be                SEC_Eng_Turn_On_Sec_Ring
                0x4200c6c8                SEC_Eng_Turn_Off_Sec_Ring
                0x4200c6d2                SFlash_Init
                0x4200c6dc                SFlash_SetSPIMode
                0x4200c6e6                SFlash_Read_Reg
                0x4200c6f0                SFlash_Write_Reg
                0x4200c6fa                SFlash_Busy
                0x4200c704                SFlash_Write_Enable
                0x4200c70e                SFlash_Qspi_Enable
                0x4200c718                SFlash_Volatile_Reg_Write_Enable
                0x4200c722                SFlash_Chip_Erase
                0x4200c72c                SFlash_Sector_Erase
                0x4200c736                SFlash_Blk32_Erase
                0x4200c740                SFlash_Blk64_Erase
                0x4200c74a                SFlash_Erase
                0x4200c754                SFlash_Program
                0x4200c75e                SFlash_GetUniqueId
                0x4200c768                SFlash_GetJedecId
                0x4200c772                SFlash_GetDeviceId
                0x4200c77c                SFlash_Powerdown
                0x4200c786                SFlash_Releae_Powerdown
                0x4200c790                SFlash_SetBurstWrap
                0x4200c79a                SFlash_DisableBurstWrap
                0x4200c7a4                SFlash_Software_Reset
                0x4200c7ae                SFlash_Reset_Continue_Read
                0x4200c7b8                SFlash_Set_IDbus_Cfg
                0x4200c7c2                SFlash_IDbus_Read_Enable
                0x4200c7cc                SFlash_Cache_Enable_Set
                0x4200c7d6                SFlash_Cache_Flush
                0x4200c7e0                SFlash_Cache_Read_Enable
                0x4200c7ea                SFlash_Cache_Hit_Count_Get
                0x4200c7f4                SFlash_Cache_Miss_Count_Get
                0x4200c7fe                SFlash_Cache_Read_Disable
                0x4200c808                SFlash_Read
                0x4200c812                SFlash_Read_Reg_With_Cmd
                0x4200c81c                SFlash_Write_Reg_With_Cmd
                0x4200c826                SF_Cfg_Init_Ext_Flash_Gpio
                0x4200c830                SF_Cfg_Init_Internal_Flash_Gpio
                0x4200c83a                SF_Cfg_Deinit_Ext_Flash_Gpio
                0x4200c844                SF_Cfg_Restore_GPIO17_Fun
                0x4200c84e                SF_Cfg_Get_Flash_Cfg_Need_Lock
                0x4200c858                SF_Cfg_Init_Flash_Gpio
                0x4200c862                SF_Cfg_Flash_Identify
                0x4200c86c                SF_Ctrl_Enable
                0x4200c876                SF_Ctrl_Select_Pad
                0x4200c880                SF_Ctrl_Set_Owner
                0x4200c88a                SF_Ctrl_Disable
                0x4200c894                SF_Ctrl_AES_Enable_BE
                0x4200c89e                SF_Ctrl_AES_Enable_LE
                0x4200c8a8                SF_Ctrl_AES_Set_Region
                0x4200c8b2                SF_Ctrl_AES_Set_Key
                0x4200c8bc                SF_Ctrl_AES_Set_Key_BE
                0x4200c8c6                SF_Ctrl_AES_Set_IV
                0x4200c8d0                SF_Ctrl_AES_Set_IV_BE
                0x4200c8da                SF_Ctrl_AES_Enable
                0x4200c8e4                SF_Ctrl_AES_Disable
                0x4200c8ee                SF_Ctrl_Set_Flash_Image_Offset
                0x4200c8f8                SF_Ctrl_Get_Flash_Image_Offset
                0x4200c902                SF_Ctrl_Select_Clock
                0x4200c90c                SF_Ctrl_SendCmd
                0x4200c916                SF_Ctrl_Icache_Set
                0x4200c920                SF_Ctrl_Icache2_Set
                0x4200c92a                SF_Ctrl_GetBusyState
                0x4200c934                SF_Ctrl_Is_AES_Enable
                0x4200c93e                SF_Ctrl_Get_Clock_Delay
                0x4200c948                SF_Ctrl_Set_Clock_Delay
                0x4200c952                XIP_SFlash_State_Save
                0x4200c95c                XIP_SFlash_State_Restore
                0x4200c966                XIP_SFlash_Erase_Need_Lock
                0x4200c970                XIP_SFlash_Write_Need_Lock
                0x4200c97a                XIP_SFlash_Read_Need_Lock
                0x4200c984                XIP_SFlash_GetJedecId_Need_Lock
                0x4200c98e                XIP_SFlash_GetDeviceId_Need_Lock
                0x4200c998                XIP_SFlash_GetUniqueId_Need_Lock
                0x4200c9a2                XIP_SFlash_Read_Via_Cache_Need_Lock
                0x4200c9ac                XIP_SFlash_Read_With_Lock
                0x4200c9b6                XIP_SFlash_Write_With_Lock
                0x4200c9c0                XIP_SFlash_Erase_With_Lock
                0x4200c9ca                XIP_SFlash_Opt_Enter
                0x4200c9d4                XIP_SFlash_Opt_Exit
                0x4200c9de                BFLB_Soft_CRC32
 *(.tcm_const)
 *(.sclock_rlt_code)
 .sclock_rlt_code
                0x4200c9e8      0x154 /home/shivani/bl602_iot_sdk/customer_app/suas_app_freertos_watchdog/build_out/bl602_std/libbl602_std.a(bl602_romapi.o)
                0x4200c9e8                AON_Power_On_MBG
                0x4200c9f2                AON_Power_Off_MBG
                0x4200c9fc                AON_Power_On_XTAL
                0x4200ca06                AON_Set_Xtal_CapCode
                0x4200ca10                AON_Get_Xtal_CapCode
                0x4200ca1a                AON_Power_Off_XTAL
                0x4200ca24                EF_Ctrl_Get_Trim_Parity
                0x4200ca2e                EF_Ctrl_Read_RC32M_Trim
                0x4200ca38                EF_Ctrl_Read_RC32K_Trim
                0x4200ca42                GLB_Get_Root_CLK_Sel
                0x4200ca4c                GLB_Set_System_CLK_Div
                0x4200ca56                GLB_Get_BCLK_Div
                0x4200ca60                GLB_Get_HCLK_Div
                0x4200ca6a                Update_SystemCoreClockWith_XTAL
                0x4200ca74                GLB_Set_System_CLK
                0x4200ca7e                System_Core_Clock_Update_From_RC32M
                0x4200ca88                GLB_Set_SF_CLK
                0x4200ca92                GLB_Set_PKA_CLK_Sel
                0x4200ca9c                HBN_32K_Sel
                0x4200caa6                HBN_Set_ROOT_CLK_Sel
                0x4200cab0                HBN_Power_On_Xtal_32K
                0x4200caba                HBN_Power_Off_Xtal_32K
                0x4200cac4                HBN_Power_On_RC32K
                0x4200cace                HBN_Power_Off_RC32K
                0x4200cad8                HBN_Trim_RC32K
                0x4200cae2                PDS_Trim_RC32M
                0x4200caec                PDS_Select_RC32M_As_PLL_Ref
                0x4200caf6                PDS_Select_XTAL_As_PLL_Ref
                0x4200cb00                PDS_Power_On_PLL
                0x4200cb0a                PDS_Enable_PLL_All_Clks
                0x4200cb14                PDS_Disable_PLL_All_Clks
                0x4200cb1e                PDS_Enable_PLL_Clk
                0x4200cb28                PDS_Disable_PLL_Clk
                0x4200cb32                PDS_Power_Off_PLL
 *(.sclock_rlt_const)
 *(.data .data.*)
 .data.xHeapRegions
                0x4200cb3c       0x20 /home/shivani/bl602_iot_sdk/customer_app/suas_app_freertos_watchdog/build_out/freertos/libfreertos.a(bl602_port.o)
 *(.gnu.linkonce.d.*)
 *(.sdata .sdata.*)
 .sdata.pTrapNetCounter
                0x4200cb5c        0x4 /home/shivani/bl602_iot_sdk/customer_app/suas_app_freertos_watchdog/build_out/freertos/libfreertos.a(port.o)
                0x4200cb5c                pTrapNetCounter
 .sdata.pullNextTime
                0x4200cb60        0x4 /home/shivani/bl602_iot_sdk/customer_app/suas_app_freertos_watchdog/build_out/freertos/libfreertos.a(port.o)
                0x4200cb60                pullNextTime
 .sdata.uxTopUsedPriority
                0x4200cb64        0x4 /home/shivani/bl602_iot_sdk/customer_app/suas_app_freertos_watchdog/build_out/freertos/libfreertos.a(bl602_port.o)
                0x4200cb64                uxTopUsedPriority
 .sdata.sys_log_all_enable
                0x4200cb68        0x1 /home/shivani/bl602_iot_sdk/customer_app/suas_app_freertos_watchdog/build_out/hal_drv/libhal_drv.a(bl_sys.o)
                0x4200cb68                sys_log_all_enable
 *(.gnu.linkonce.s.*)
                0x4200cb70                        . = ALIGN (0x8)
 *fill*         0x4200cb69        0x7 
 *(.srodata.cst16)
 *(.srodata.cst8)
 .srodata.cst8  0x4200cb70       0x18 /home/shivani/bl602_iot_sdk/customer_app/suas_app_freertos_watchdog/build_out/bl602/libbl602.a(debug.o)
 *(.srodata.cst4)
 *(.srodata.cst2)
 *(.srodata .srodata.*)
 .srodata.uxTimerIncrementsForOneTick
                0x4200cb88        0x4 /home/shivani/bl602_iot_sdk/customer_app/suas_app_freertos_watchdog/build_out/freertos/libfreertos.a(port.o)
                0x4200cb88                uxTimerIncrementsForOneTick
 .srodata.xISRStackTop
                0x4200cb8c        0x4 /home/shivani/bl602_iot_sdk/customer_app/suas_app_freertos_watchdog/build_out/freertos/libfreertos.a(port.o)
                0x4200cb8c                xISRStackTop
 .srodata.uartAddr
                0x4200cb90        0x8 /home/shivani/bl602_iot_sdk/customer_app/suas_app_freertos_watchdog/build_out/hal_drv/libhal_drv.a(bl_uart.o)
 .srodata       0x4200cb98        0x4 /home/shivani/bl602_iot_sdk/customer_app/suas_app_freertos_watchdog/build_out/hal_drv/libhal_drv.a(bl_uart.o)
 .srodata.uartAddr
                0x4200cb9c        0x8 /home/shivani/bl602_iot_sdk/customer_app/suas_app_freertos_watchdog/build_out/bl602_std/libbl602_std.a(bl602_uart.o)
                0x4200cba8                        . = ALIGN (0x8)
 *fill*         0x4200cba4        0x4 
 *(._k_queue.static.*)
 *(._k_sem.static.*)
 *(._k_mutex.static.*)
                0x4200cba8                        _net_buf_pool_list = .
 *(SORT_BY_NAME(._net_buf_pool.static.*))
                0x4200cba8                        _bt_gatt_service_static_list_start = .
 *(SORT_BY_NAME(._bt_gatt_service_static.static.*))
                0x4200cba8                        _bt_gatt_service_static_list_end = .
                0x4200cba8                        _bt_l2cap_fixed_chan_list_start = .
 *(SORT_BY_NAME(._bt_l2cap_fixed_chan.static.*))
                0x4200cba8                        _bt_l2cap_fixed_chan_list_end = .

.boot2          0x4200cba8      0x258 load address 0x23008ffc
                0x4200cba8                        PROVIDE (__boot2_pt_addr_start = .)
 *(.bss.boot2_partition_table)
 .bss.boot2_partition_table
                0x4200cba8      0x258 /home/shivani/bl602_iot_sdk/customer_app/suas_app_freertos_watchdog/build_out/hal_drv/libhal_drv.a(hal_boot2.o)
                0x4200ce00                        PROVIDE (__boot2_pt_addr_end = .)
                0x4200ce00                        PROVIDE (__boot2_flashCfg_start = .)
 *(.bss.boot2_flashCfg)
                0x4200ce00                        PROVIDE (__boot2_flashCfg_end = .)

.bss            0x4200ce00     0x1214 load address 0x23008ffc
                0x4200ce00                        PROVIDE (__bss_start = ADDR (.bss))
                0x4200e014                        PROVIDE (__bss_end = (ADDR (.bss) + SIZEOF (.bss)))
 *(.sbss*)
 .sbss.uxSchedulerSuspended
                0x4200ce00        0x4 /home/shivani/bl602_iot_sdk/customer_app/suas_app_freertos_watchdog/build_out/freertos/libfreertos.a(tasks.o)
 .sbss.xNextTaskUnblockTime
                0x4200ce04        0x4 /home/shivani/bl602_iot_sdk/customer_app/suas_app_freertos_watchdog/build_out/freertos/libfreertos.a(tasks.o)
 .sbss.uxTaskNumber
                0x4200ce08        0x4 /home/shivani/bl602_iot_sdk/customer_app/suas_app_freertos_watchdog/build_out/freertos/libfreertos.a(tasks.o)
 .sbss.xNumOfOverflows
                0x4200ce0c        0x4 /home/shivani/bl602_iot_sdk/customer_app/suas_app_freertos_watchdog/build_out/freertos/libfreertos.a(tasks.o)
 .sbss.xYieldPending
                0x4200ce10        0x4 /home/shivani/bl602_iot_sdk/customer_app/suas_app_freertos_watchdog/build_out/freertos/libfreertos.a(tasks.o)
 .sbss.xPendedTicks
                0x4200ce14        0x4 /home/shivani/bl602_iot_sdk/customer_app/suas_app_freertos_watchdog/build_out/freertos/libfreertos.a(tasks.o)
 .sbss.xSchedulerRunning
                0x4200ce18        0x4 /home/shivani/bl602_iot_sdk/customer_app/suas_app_freertos_watchdog/build_out/freertos/libfreertos.a(tasks.o)
 .sbss.uxTopReadyPriority
                0x4200ce1c        0x4 /home/shivani/bl602_iot_sdk/customer_app/suas_app_freertos_watchdog/build_out/freertos/libfreertos.a(tasks.o)
 .sbss.xTickCount
                0x4200ce20        0x4 /home/shivani/bl602_iot_sdk/customer_app/suas_app_freertos_watchdog/build_out/freertos/libfreertos.a(tasks.o)
 .sbss.uxCurrentNumberOfTasks
                0x4200ce24        0x4 /home/shivani/bl602_iot_sdk/customer_app/suas_app_freertos_watchdog/build_out/freertos/libfreertos.a(tasks.o)
 .sbss.uxDeletedTasksWaitingCleanUp
                0x4200ce28        0x4 /home/shivani/bl602_iot_sdk/customer_app/suas_app_freertos_watchdog/build_out/freertos/libfreertos.a(tasks.o)
 .sbss.pxOverflowDelayedTaskList
                0x4200ce2c        0x4 /home/shivani/bl602_iot_sdk/customer_app/suas_app_freertos_watchdog/build_out/freertos/libfreertos.a(tasks.o)
 .sbss.pxDelayedTaskList
                0x4200ce30        0x4 /home/shivani/bl602_iot_sdk/customer_app/suas_app_freertos_watchdog/build_out/freertos/libfreertos.a(tasks.o)
 .sbss.pxCurrentTCB
                0x4200ce34        0x4 /home/shivani/bl602_iot_sdk/customer_app/suas_app_freertos_watchdog/build_out/freertos/libfreertos.a(tasks.o)
                0x4200ce34                pxCurrentTCB
 .sbss.xLastTime.2
                0x4200ce38        0x4 /home/shivani/bl602_iot_sdk/customer_app/suas_app_freertos_watchdog/build_out/freertos/libfreertos.a(timers.o)
 .sbss.xTimerTaskHandle
                0x4200ce3c        0x4 /home/shivani/bl602_iot_sdk/customer_app/suas_app_freertos_watchdog/build_out/freertos/libfreertos.a(timers.o)
 .sbss.xTimerQueue
                0x4200ce40        0x4 /home/shivani/bl602_iot_sdk/customer_app/suas_app_freertos_watchdog/build_out/freertos/libfreertos.a(timers.o)
 .sbss.pxOverflowTimerList
                0x4200ce44        0x4 /home/shivani/bl602_iot_sdk/customer_app/suas_app_freertos_watchdog/build_out/freertos/libfreertos.a(timers.o)
 .sbss.pxCurrentTimerList
                0x4200ce48        0x4 /home/shivani/bl602_iot_sdk/customer_app/suas_app_freertos_watchdog/build_out/freertos/libfreertos.a(timers.o)
 .sbss.TrapNetCounter
                0x4200ce4c        0x4 /home/shivani/bl602_iot_sdk/customer_app/suas_app_freertos_watchdog/build_out/freertos/libfreertos.a(port.o)
                0x4200ce4c                TrapNetCounter
 .sbss.pullMachineTimerCompareRegister
                0x4200ce50        0x4 /home/shivani/bl602_iot_sdk/customer_app/suas_app_freertos_watchdog/build_out/freertos/libfreertos.a(port.o)
                0x4200ce50                pullMachineTimerCompareRegister
 *fill*         0x4200ce54        0x4 
 .sbss.ullNextTime
                0x4200ce58        0x8 /home/shivani/bl602_iot_sdk/customer_app/suas_app_freertos_watchdog/build_out/freertos/libfreertos.a(port.o)
                0x4200ce58                ullNextTime
 .sbss.xBlockAllocatedBit
                0x4200ce60        0x4 /home/shivani/bl602_iot_sdk/customer_app/suas_app_freertos_watchdog/build_out/freertos/libfreertos.a(heap_bl602.o)
 .sbss.xNumberOfSuccessfulFrees
                0x4200ce64        0x4 /home/shivani/bl602_iot_sdk/customer_app/suas_app_freertos_watchdog/build_out/freertos/libfreertos.a(heap_bl602.o)
 .sbss.xNumberOfSuccessfulAllocations
                0x4200ce68        0x4 /home/shivani/bl602_iot_sdk/customer_app/suas_app_freertos_watchdog/build_out/freertos/libfreertos.a(heap_bl602.o)
 .sbss.xMinimumEverFreeBytesRemaining
                0x4200ce6c        0x4 /home/shivani/bl602_iot_sdk/customer_app/suas_app_freertos_watchdog/build_out/freertos/libfreertos.a(heap_bl602.o)
 .sbss.xFreeBytesRemaining
                0x4200ce70        0x4 /home/shivani/bl602_iot_sdk/customer_app/suas_app_freertos_watchdog/build_out/freertos/libfreertos.a(heap_bl602.o)
 .sbss.pxEnd    0x4200ce74        0x4 /home/shivani/bl602_iot_sdk/customer_app/suas_app_freertos_watchdog/build_out/freertos/libfreertos.a(heap_bl602.o)
 .sbss.xStart   0x4200ce78        0x8 /home/shivani/bl602_iot_sdk/customer_app/suas_app_freertos_watchdog/build_out/freertos/libfreertos.a(heap_bl602.o)
 .sbss.uart_clk_init.0
                0x4200ce80        0x1 /home/shivani/bl602_iot_sdk/customer_app/suas_app_freertos_watchdog/build_out/hal_drv/libhal_drv.a(bl_uart.o)
 *fill*         0x4200ce81        0x3 
 .sbss.dma_copy_list
                0x4200ce84        0x8 /home/shivani/bl602_iot_sdk/customer_app/suas_app_freertos_watchdog/build_out/hal_drv/libhal_drv.a(bl_dma.o)
 .sbss.g_bl_sec_sha_mutex
                0x4200ce8c        0x4 /home/shivani/bl602_iot_sdk/customer_app/suas_app_freertos_watchdog/build_out/hal_drv/libhal_drv.a(bl_sec.o)
                0x4200ce8c                g_bl_sec_sha_mutex
 .sbss.factory_addr
                0x4200ce90        0x4 /home/shivani/bl602_iot_sdk/customer_app/suas_app_freertos_watchdog/build_out/hal_drv/libhal_drv.a(hal_board.o)
 .sbss.sync_init
                0x4200ce94        0x4 /home/shivani/bl602_iot_sdk/customer_app/suas_app_freertos_watchdog/build_out/bltime/libbltime.a(bl_sys_time.o)
 .sbss.init_tick_rtc
                0x4200ce98        0x4 /home/shivani/bl602_iot_sdk/customer_app/suas_app_freertos_watchdog/build_out/bltime/libbltime.a(bl_sys_time.o)
 .sbss.init_tick_rtos
                0x4200ce9c        0x4 /home/shivani/bl602_iot_sdk/customer_app/suas_app_freertos_watchdog/build_out/bltime/libbltime.a(bl_sys_time.o)
 *(.gnu.linkonce.sb.*)
 *(.bss .bss.*)
 .bss.string    0x4200cea0      0x200 /home/shivani/bl602_iot_sdk/customer_app/suas_app_freertos_watchdog/build_out/bl602/libbl602.a(debug.o)
 .bss.xSuspendedTaskList
                0x4200d0a0       0x14 /home/shivani/bl602_iot_sdk/customer_app/suas_app_freertos_watchdog/build_out/freertos/libfreertos.a(tasks.o)
 .bss.xTasksWaitingTermination
                0x4200d0b4       0x14 /home/shivani/bl602_iot_sdk/customer_app/suas_app_freertos_watchdog/build_out/freertos/libfreertos.a(tasks.o)
 .bss.xPendingReadyList
                0x4200d0c8       0x14 /home/shivani/bl602_iot_sdk/customer_app/suas_app_freertos_watchdog/build_out/freertos/libfreertos.a(tasks.o)
 .bss.xDelayedTaskList2
                0x4200d0dc       0x14 /home/shivani/bl602_iot_sdk/customer_app/suas_app_freertos_watchdog/build_out/freertos/libfreertos.a(tasks.o)
 .bss.xDelayedTaskList1
                0x4200d0f0       0x14 /home/shivani/bl602_iot_sdk/customer_app/suas_app_freertos_watchdog/build_out/freertos/libfreertos.a(tasks.o)
 .bss.pxReadyTasksLists
                0x4200d104      0x280 /home/shivani/bl602_iot_sdk/customer_app/suas_app_freertos_watchdog/build_out/freertos/libfreertos.a(tasks.o)
 .bss.xStaticTimerQueue.0
                0x4200d384       0x50 /home/shivani/bl602_iot_sdk/customer_app/suas_app_freertos_watchdog/build_out/freertos/libfreertos.a(timers.o)
 .bss.ucStaticTimerQueueStorage.1
                0x4200d3d4       0x40 /home/shivani/bl602_iot_sdk/customer_app/suas_app_freertos_watchdog/build_out/freertos/libfreertos.a(timers.o)
 .bss.xActiveTimerList2
                0x4200d414       0x14 /home/shivani/bl602_iot_sdk/customer_app/suas_app_freertos_watchdog/build_out/freertos/libfreertos.a(timers.o)
 .bss.xActiveTimerList1
                0x4200d428       0x14 /home/shivani/bl602_iot_sdk/customer_app/suas_app_freertos_watchdog/build_out/freertos/libfreertos.a(timers.o)
 .bss.uxTimerTaskStack.3
                0x4200d43c      0x640 /home/shivani/bl602_iot_sdk/customer_app/suas_app_freertos_watchdog/build_out/freertos/libfreertos.a(bl602_port.o)
 .bss.xTimerTaskTCB.2
                0x4200da7c       0x64 /home/shivani/bl602_iot_sdk/customer_app/suas_app_freertos_watchdog/build_out/freertos/libfreertos.a(bl602_port.o)
 .bss.uxIdleTaskStack.1
                0x4200dae0      0x180 /home/shivani/bl602_iot_sdk/customer_app/suas_app_freertos_watchdog/build_out/freertos/libfreertos.a(bl602_port.o)
 .bss.xIdleTaskTCB.0
                0x4200dc60       0x64 /home/shivani/bl602_iot_sdk/customer_app/suas_app_freertos_watchdog/build_out/freertos/libfreertos.a(bl602_port.o)
 .bss.xQueueRegistry
                0x4200dcc4       0x40 /home/shivani/bl602_iot_sdk/customer_app/suas_app_freertos_watchdog/build_out/freertos/libfreertos.a(queue.o)
                0x4200dcc4                xQueueRegistry
 .bss.g_uart_notify_arg
                0x4200dd04       0x20 /home/shivani/bl602_iot_sdk/customer_app/suas_app_freertos_watchdog/build_out/hal_drv/libhal_drv.a(bl_uart.o)
 .bss.handler_list
                0x4200dd24      0x280 /home/shivani/bl602_iot_sdk/customer_app/suas_app_freertos_watchdog/build_out/hal_drv/libhal_drv.a(bl_irq.o)
 .bss.sha_mutex_buf
                0x4200dfa4       0x50 /home/shivani/bl602_iot_sdk/customer_app/suas_app_freertos_watchdog/build_out/hal_drv/libhal_drv.a(bl_sec.o)
 .bss.trng_buffer
                0x4200dff4       0x20 /home/shivani/bl602_iot_sdk/customer_app/suas_app_freertos_watchdog/build_out/hal_drv/libhal_drv.a(bl_sec.o)
 *(.gnu.linkonce.b.*)
 *(COMMON)
                0x4200e014                        PROVIDE (_heap_start = .)
                0x000337ec                        PROVIDE (_heap_size = (ADDR (.stack) - _heap_start))

.stack          0x42041800      0x800
                0x42042000                        . = (. + __stack_size)
 *fill*         0x42041800      0x800 
                0x42042000                        PROVIDE (_sp_main = .)
                0x42042000                        __freertos_irq_stack_top = .
                [!provide]                        PROVIDE (_ld_bl_static_cli_cmds_start = _bl_static_cli_cmds_start)
                [!provide]                        PROVIDE (_ld_bl_static_cli_cmds_end = _bl_static_cli_cmds_end)
                [!provide]                        PROVIDE (_ld_bl_static_cfg_entry_start = _bl_static_fw_cfg_entry_start)
                [!provide]                        PROVIDE (_ld_bl_static_cfg_entry_end = _bl_static_fw_cfg_entry_end)
                0x230088ec                        PROVIDE (_ld_bl_static_blogcomponent_code_start = _bl_static_blogcomponent_code_start)
                0x230088ec                        PROVIDE (_ld_bl_static_blogcomponent_code_end = _bl_static_blogcomponent_code_end)
                0x230088ec                        PROVIDE (_ld_bl_static_blogfile_code_start = _bl_static_blogfile_code_start)
                0x230088ec                        PROVIDE (_ld_bl_static_blogfile_code_end = _bl_static_blogfile_code_end)
                0x230088ec                        PROVIDE (_ld_bl_static_blogpri_code_start = _bl_static_blogpri_code_start)
                0x230088ec                        PROVIDE (_ld_bl_static_blogpri_code_end = _bl_static_blogpri_code_end)
                [!provide]                        PROVIDE (_ld_ram_size0 = LENGTH (flash))
                [!provide]                        PROVIDE (_ld_ram_addr0 = ORIGIN (flash))
                [!provide]                        PROVIDE (_ld_ram_size1 = LENGTH (ram_tcm))
                [!provide]                        PROVIDE (_ld_ram_addr1 = ORIGIN (ram_tcm))
                [!provide]                        PROVIDE (_ld_ram_size2 = LENGTH (ram_wifi))
                [!provide]                        PROVIDE (_ld_ram_addr2 = ORIGIN (ram_wifi))
                0x42049c00                        PROVIDE (__boot2_pt_addr_src = BOOT2_PT_ADDR)
                0x42049c18                        PROVIDE (__boot2_flashCfg_src = BOOT2_FLASHCFG_ADDR)
                [!provide]                        PROVIDE (xTaskGetTickCount = 0x21017694)
                [!provide]                        PROVIDE (xTaskGetTickCountFromISR = 0x210176aa)
                [!provide]                        PROVIDE (pvPortMalloc = 0x21019662)
                [!provide]                        PROVIDE (vPortFree = 0x2101973a)
                [!provide]                        PROVIDE (vTaskNotifyGiveFromISR = 0x210188e8)
                [!provide]                        PROVIDE (vTaskSwitchContext = 0x21017a04)
                [!provide]                        PROVIDE (ulTaskNotifyTake = 0x21018548)
                [!provide]                        PROVIDE (vTaskExitCritical = 0x210183f4)
                [!provide]                        PROVIDE (vTaskEnterCritical = 0x210183e4)
                [!provide]                        PROVIDE (xTaskGetCurrentTaskHandle = 0x21018152)
                [!provide]                        PROVIDE (xQueueSemaphoreTake = 0x21015ce8)
                [!provide]                        PROVIDE (xQueueGenericSend = 0x21015834)
                [!provide]                        PROVIDE (xQueueGenericSendFromISR = 0x21015a4c)
                [!provide]                        PROVIDE (xTaskCreateStatic = 0x210170a2)
                [!provide]                        PROVIDE (xTaskCreate = 0x2101713a)
                [!provide]                        PROVIDE (xQueueCreateMutex = 0x21015a1c)
                [!provide]                        PROVIDE (xQueueCreateMutexStatic = 0x21015994)
                [!provide]                        PROVIDE (vQueueDelete = 0x210161d8)
                [!provide]                        PROVIDE (xQueueGenericCreateStatic = 0x210156c2)
                [!provide]                        PROVIDE (xQueueGenericCreate = 0x21015744)
                [!provide]                        PROVIDE (xQueueReceive = 0x21015b8a)
                [!provide]                        PROVIDE (uxQueueMessagesWaiting = 0x21016168)
                [!provide]                        PROVIDE (vTaskDelay = 0x210179c6)
                [!provide]                        PROVIDE (vTaskDelayUntil = 0x21017952)
                [!provide]                        PROVIDE (xPortGetFreeHeapSize = 0x210197ce)
                [!provide]                        PROVIDE (vTaskList = 0x21018408)
                [!provide]                        PROVIDE (xTimerGenericCommand = 0x21018bec)
                [!provide]                        PROVIDE (xTimerCreateTimerTask = 0x21018a9e)
                [!provide]                        PROVIDE (xTimerCreate = 0x21018af6)
                [!provide]                        PROVIDE (xTimerCreateStatic = 0x21018b66)
                [!provide]                        PROVIDE (xQueueCreateCountingSemaphoreStatic = 0x210157c2)
                [!provide]                        PROVIDE (xQueueCreateCountingSemaphore = 0x21015800)
                [!provide]                        PROVIDE (pTrapNetCounter = __global_pointer_head$)
                [!provide]                        PROVIDE (TrapNetCounter = (__global_pointer_head$ + 0x58))
                [!provide]                        PROVIDE (vEventGroupDelete = 0x210153be)
                [!provide]                        PROVIDE (xEventGroupWaitBits = 0x21015086)
                [!provide]                        PROVIDE (xEventGroupCreateStatic = 0x21015000)
                [!provide]                        PROVIDE (xEventGroupSetBits = 0x210151e0)
                [!provide]                        PROVIDE (xStreamBufferGenericCreateStatic = 0x210165c0)
                [!provide]                        PROVIDE (xStreamBufferReceive = 0x210169ae)
                [!provide]                        PROVIDE (xStreamBufferSend = 0x210167a8)
                [!provide]                        PROVIDE (pvTimerGetTimerID = 0x21018fd4)
                [!provide]                        PROVIDE (xTaskGenericNotify = 0x210186be)
                [!provide]                        PROVIDE (xTaskGenericNotifyFromISR = 0x210187de)
                [!provide]                        PROVIDE (xQueueGiveMutexRecursive = 0x210159c8)
                [!provide]                        PROVIDE (xQueueTakeMutexRecursive = 0x21015e70)
                [!provide]                        PROVIDE (xTaskGetTickCount2 = 0x2101769a)
                [!provide]                        PROVIDE (xQueueGiveFromISR = 0x21015b0e)
                [!provide]                        PROVIDE (vTaskDelete = 0x210171b6)
                [!provide]                        PROVIDE (uxTaskGetStackHighWaterMark = 0x21018110)
                [!provide]                        PROVIDE (pcTaskGetName = 0x210176b6)
                [!provide]                        PROVIDE (vTaskStartScheduler = 0x21017610)
                [!provide]                        PROVIDE (vPortDefineHeapRegions = 0x210197da)
                0x00000000                        PROVIDE (__LD_CONFIG_EM_SEL = __EM_SIZE)
                [!provide]                        PROVIDE (_ld_symbol_rom_framework_audio_device_start = _rom_framework_audio_device_start)
                [!provide]                        PROVIDE (_ld_symbol_rom_framework_audio_device_end = _rom_framework_audio_device_end)
OUTPUT(/home/shivani/bl602_iot_sdk/customer_app/suas_app_freertos_watchdog/build_out/suas_app_freertos_tasks.elf elf32-littleriscv)

.riscv.attributes
                0x00000000       0x4f
 .riscv.attributes
                0x00000000       0x4d /home/shivani/bl602_iot_sdk/customer_app/suas_app_freertos_watchdog/build_out/bl602/libbl602.a(start.o)
 .riscv.attributes
                0x0000004d       0x4b /home/shivani/bl602_iot_sdk/customer_app/suas_app_freertos_watchdog/build_out/hal_drv/libhal_drv.a(hal_boot2.o)
 .riscv.attributes
                0x00000098       0x4b /home/shivani/bl602_iot_sdk/customer_app/suas_app_freertos_watchdog/build_out/hal_drv/libhal_drv.a(bl_flash.o)
 .riscv.attributes
                0x000000e3       0x4b /home/shivani/bl602_iot_sdk/customer_app/suas_app_freertos_watchdog/build_out/suas_app_freertos_tasks/libsuas_app_freertos_tasks.a(main.o)
 .riscv.attributes
                0x0000012e       0x4b /home/shivani/bl602_iot_sdk/customer_app/suas_app_freertos_watchdog/build_out/bl602/libbl602.a(debug.o)
 .riscv.attributes
                0x00000179       0x4f /home/shivani/bl602_iot_sdk/customer_app/suas_app_freertos_watchdog/build_out/freertos/libfreertos.a(tasks.o)
 .riscv.attributes
                0x000001c8       0x4b /home/shivani/bl602_iot_sdk/customer_app/suas_app_freertos_watchdog/build_out/freertos/libfreertos.a(timers.o)
 .riscv.attributes
                0x00000213       0x4f /home/shivani/bl602_iot_sdk/customer_app/suas_app_freertos_watchdog/build_out/freertos/libfreertos.a(port.o)
 .riscv.attributes
                0x00000262       0x4d /home/shivani/bl602_iot_sdk/customer_app/suas_app_freertos_watchdog/build_out/freertos/libfreertos.a(portASM.o)
 .riscv.attributes
                0x000002af       0x4f /home/shivani/bl602_iot_sdk/customer_app/suas_app_freertos_watchdog/build_out/freertos/libfreertos.a(bl602_port.o)
 .riscv.attributes
                0x000002fe       0x4b /home/shivani/bl602_iot_sdk/customer_app/suas_app_freertos_watchdog/build_out/freertos/libfreertos.a(heap_bl602.o)
 .riscv.attributes