Archive member included to satisfy reference by file (symbol)

/home/shivani/bl602_iot_sdk/customer_app/suas_app_freertos_watchdog/build_out/bl602/libbl602.a(start.o)
                              (bl602_start)
/home/shivani/bl602_iot_sdk/customer_app/suas_app_freertos_watchdog/build_out/hal_drv/libhal_drv.a(hal_boot2.o)
                              /home/shivani/bl602_iot_sdk/customer_app/suas_app_freertos_watchdog/build_out/bl602/libbl602.a(start.o) (hal_boot2_get_flash_addr)
/home/shivani/bl602_iot_sdk/customer_app/suas_app_freertos_watchdog/build_out/hal_drv/libhal_drv.a(bl_boot2.o)
                              /home/shivani/bl602_iot_sdk/customer_app/suas_app_freertos_watchdog/build_out/hal_drv/libhal_drv.a(hal_boot2.o) (PtTable_Update_Entry)
/home/shivani/bl602_iot_sdk/customer_app/suas_app_freertos_watchdog/build_out/hal_drv/libhal_drv.a(bl_flash.o)
                              /home/shivani/bl602_iot_sdk/customer_app/suas_app_freertos_watchdog/build_out/hal_drv/libhal_drv.a(bl_boot2.o) (bl_flash_erase)
/home/shivani/bl602_iot_sdk/customer_app/suas_app_freertos_watchdog/build_out/suas_app_freertos_watchdog/libsuas_app_freertos_watchdog.a(main.o)
                              /home/shivani/bl602_iot_sdk/customer_app/suas_app_freertos_watchdog/build_out/bl602/libbl602.a(start.o) (bfl_main)
/home/shivani/bl602_iot_sdk/customer_app/suas_app_freertos_watchdog/build_out/suas_app_freertos_watchdog/libsuas_app_freertos_watchdog.a(rtos_events.o)
                              /home/shivani/bl602_iot_sdk/customer_app/suas_app_freertos_watchdog/build_out/suas_app_freertos_watchdog/libsuas_app_freertos_watchdog.a(main.o) (evt_init())
/home/shivani/bl602_iot_sdk/customer_app/suas_app_freertos_watchdog/build_out/suas_app_freertos_watchdog/libsuas_app_freertos_watchdog.a(safe_print.o)
                              /home/shivani/bl602_iot_sdk/customer_app/suas_app_freertos_watchdog/build_out/suas_app_freertos_watchdog/libsuas_app_freertos_watchdog.a(main.o) (safe_print_init)
/home/shivani/bl602_iot_sdk/customer_app/suas_app_freertos_watchdog/build_out/suas_app_freertos_watchdog/libsuas_app_freertos_watchdog.a(watchdog.o)
                              /home/shivani/bl602_iot_sdk/customer_app/suas_app_freertos_watchdog/build_out/suas_app_freertos_watchdog/libsuas_app_freertos_watchdog.a(main.o) (watchdog_init(unsigned long, unsigned long))
/home/shivani/bl602_iot_sdk/customer_app/suas_app_freertos_watchdog/build_out/bl602/libbl602.a(debug.o)
                              /home/shivani/bl602_iot_sdk/customer_app/suas_app_freertos_watchdog/build_out/suas_app_freertos_watchdog/libsuas_app_freertos_watchdog.a(rtos_events.o) (vsnprintf)
/home/shivani/bl602_iot_sdk/customer_app/suas_app_freertos_watchdog/build_out/bl602_std/libbl602_std.a(softcrc.o)
                              /home/shivani/bl602_iot_sdk/customer_app/suas_app_freertos_watchdog/build_out/hal_drv/libhal_drv.a(bl_boot2.o) (BFLB_Soft_CRC32)
/home/shivani/bl602_iot_sdk/customer_app/suas_app_freertos_watchdog/build_out/freertos/libfreertos.a(queue.o)
                              /home/shivani/bl602_iot_sdk/customer_app/suas_app_freertos_watchdog/build_out/suas_app_freertos_watchdog/libsuas_app_freertos_watchdog.a(main.o) (xQueueGenericCreate)
/home/shivani/bl602_iot_sdk/customer_app/suas_app_freertos_watchdog/build_out/freertos/libfreertos.a(tasks.o)
                              /home/shivani/bl602_iot_sdk/customer_app/suas_app_freertos_watchdog/build_out/freertos/libfreertos.a(queue.o) (vTaskSuspendAll)
/home/shivani/bl602_iot_sdk/customer_app/suas_app_freertos_watchdog/build_out/freertos/libfreertos.a(timers.o)
                              /home/shivani/bl602_iot_sdk/customer_app/suas_app_freertos_watchdog/build_out/freertos/libfreertos.a(tasks.o) (xTimerCreateTimerTask)
/home/shivani/bl602_iot_sdk/customer_app/suas_app_freertos_watchdog/build_out/freertos/libfreertos.a(port.o)
                              /home/shivani/bl602_iot_sdk/customer_app/suas_app_freertos_watchdog/build_out/freertos/libfreertos.a(tasks.o) (xPortStartScheduler)
/home/shivani/bl602_iot_sdk/customer_app/suas_app_freertos_watchdog/build_out/freertos/libfreertos.a(portASM.o)
                              /home/shivani/bl602_iot_sdk/customer_app/suas_app_freertos_watchdog/build_out/freertos/libfreertos.a(port.o) (xPortStartFirstTask)
/home/shivani/bl602_iot_sdk/customer_app/suas_app_freertos_watchdog/build_out/freertos/libfreertos.a(bl602_port.o)
                              /home/shivani/bl602_iot_sdk/customer_app/suas_app_freertos_watchdog/build_out/suas_app_freertos_watchdog/libsuas_app_freertos_watchdog.a(main.o) (vInitializeBL602)
/home/shivani/bl602_iot_sdk/customer_app/suas_app_freertos_watchdog/build_out/freertos/libfreertos.a(heap_bl602.o)
                              /home/shivani/bl602_iot_sdk/customer_app/suas_app_freertos_watchdog/build_out/suas_app_freertos_watchdog/libsuas_app_freertos_watchdog.a(rtos_events.o) (pvPortMalloc)
[...]
Memory Configuration

Name             Origin             Length             Attributes
rom              0x21015000         0x0000b000         axrl!w
flash            0x23000000         0x00400000         axrl!w
ram_tcm          0x4200c000         0x00036000         axw
ram_wifi         0x42042000         0x0000a000         axw
*default*        0x00000000         0xffffffff

Linker script and memory map

START GROUP
LOAD /home/shivani/bl602_iot_sdk/customer_app/suas_app_freertos_watchdog/build_out/bl602/libbl602.a
LOAD /home/shivani/bl602_iot_sdk/customer_app/suas_app_freertos_watchdog/build_out/bl602_std/libbl602_std.a
LOAD /home/shivani/bl602_iot_sdk/customer_app/suas_app_freertos_watchdog/build_out/blfdt/libblfdt.a
LOAD /home/shivani/bl602_iot_sdk/customer_app/suas_app_freertos_watchdog/build_out/blmtd/libblmtd.a
LOAD /home/shivani/bl602_iot_sdk/customer_app/suas_app_freertos_watchdog/build_out/blog/libblog.a
LOAD /home/shivani/bl602_iot_sdk/customer_app/suas_app_freertos_watchdog/build_out/blog_testc/libblog_testc.a
LOAD /home/shivani/bl602_iot_sdk/customer_app/suas_app_freertos_watchdog/build_out/bloop/libbloop.a
LOAD /home/shivani/bl602_iot_sdk/customer_app/suas_app_freertos_watchdog/build_out/bltime/libbltime.a
LOAD /home/shivani/bl602_iot_sdk/customer_app/suas_app_freertos_watchdog/build_out/cli/libcli.a
LOAD /home/shivani/bl602_iot_sdk/customer_app/suas_app_freertos_watchdog/build_out/etl/libetl.a
LOAD /home/shivani/bl602_iot_sdk/customer_app/suas_app_freertos_watchdog/build_out/freertos/libfreertos.a
LOAD /home/shivani/bl602_iot_sdk/customer_app/suas_app_freertos_watchdog/build_out/hal_drv/libhal_drv.a
LOAD /home/shivani/bl602_iot_sdk/customer_app/suas_app_freertos_watchdog/build_out/looprt/liblooprt.a
LOAD /home/shivani/bl602_iot_sdk/customer_app/suas_app_freertos_watchdog/build_out/loopset/libloopset.a
LOAD /home/shivani/bl602_iot_sdk/customer_app/suas_app_freertos_watchdog/build_out/romfs/libromfs.a
LOAD /home/shivani/bl602_iot_sdk/customer_app/suas_app_freertos_watchdog/build_out/suas_app_freertos_watchdog/libsuas_app_freertos_watchdog.a
LOAD /home/shivani/bl602_iot_sdk/customer_app/suas_app_freertos_watchdog/build_out/utils/libutils.a
LOAD /home/shivani/bl602_iot_sdk/customer_app/suas_app_freertos_watchdog/build_out/vfs/libvfs.a
LOAD /home/shivani/bl602_iot_sdk/customer_app/suas_app_freertos_watchdog/build_out/yloop/libyloop.a
END GROUP
LOAD /home/shivani/bl602_iot_sdk/toolchain/compiler/bin/../lib/gcc/riscv32-unknown-elf/15.1.0/../../../../riscv32-unknown-elf/lib/libm.a
LOAD /home/shivani/bl602_iot_sdk/toolchain/compiler/bin/../lib/gcc/riscv32-unknown-elf/15.1.0/libgcc.a
START GROUP
LOAD /home/shivani/bl602_iot_sdk/toolchain/compiler/bin/../lib/gcc/riscv32-unknown-elf/15.1.0/../../../../riscv32-unknown-elf/lib/libc.a
LOAD /home/shivani/bl602_iot_sdk/toolchain/compiler/bin/../lib/gcc/riscv32-unknown-elf/15.1.0/../../../../riscv32-unknown-elf/lib/libgloss.a
END GROUP
LOAD /home/shivani/bl602_iot_sdk/toolchain/compiler/bin/../lib/gcc/riscv32-unknown-elf/15.1.0/libgcc.a
                0x00000000                        __EM_SIZE = DEFINED (ble_controller_init)?0x2000:0x0
                0x00000800                        __stack_size = DEFINED (__stack_size)?__stack_size:0x800
                0x42049c00                        BOOT2_PT_ADDR = 0x42049c00
                0x42049c18                        BOOT2_FLASHCFG_ADDR = 0x42049c18

.init           0x23000000      0x282
 *(SORT_NONE(.init))
 .init          0x23000000      0x134 /home/shivani/bl602_iot_sdk/customer_app/suas_app_freertos_watchdog/build_out/bl602/libbl602.a(start.o)
                0x23000000                bl602_start
 *fill*         0x23000134        0xc 
 .init          0x23000140      0x142 /home/shivani/bl602_iot_sdk/customer_app/suas_app_freertos_watchdog/build_out/bl602_std/libbl602_std.a(interrupt.o)
                0x23000140                __Vectors

.text           0x23000300     0x8e6a
 *(.text.unlikely .text.unlikely.*)
 *(.text.startup .text.startup.*)
 *(.text .text.*)
 .text.hal_boot2_get_flash_addr
                0x23000300       0x1c /home/shivani/bl602_iot_sdk/customer_app/suas_app_freertos_watchdog/build_out/hal_drv/libhal_drv.a(hal_boot2.o)
                0x23000300                hal_boot2_get_flash_addr
 .text.hal_boot2_partition_bus_addr
                0x2300031c      0x164 /home/shivani/bl602_iot_sdk/customer_app/suas_app_freertos_watchdog/build_out/hal_drv/libhal_drv.a(hal_boot2.o)
                0x2300031c                hal_boot2_partition_bus_addr
 .text.hal_boot2_partition_bus_addr_active
                0x23000480       0x38 /home/shivani/bl602_iot_sdk/customer_app/suas_app_freertos_watchdog/build_out/hal_drv/libhal_drv.a(hal_boot2.o)
                0x23000480                hal_boot2_partition_bus_addr_active
 .text.hal_boot2_partition_addr
                0x230004b8       0xac /home/shivani/bl602_iot_sdk/customer_app/suas_app_freertos_watchdog/build_out/hal_drv/libhal_drv.a(hal_boot2.o)
                0x230004b8                hal_boot2_partition_addr
 .text.hal_boot2_partition_addr_active
                0x23000564       0x38 /home/shivani/bl602_iot_sdk/customer_app/suas_app_freertos_watchdog/build_out/hal_drv/libhal_drv.a(hal_boot2.o)
                0x23000564                hal_boot2_partition_addr_active
 .text.hal_boot2_init
                0x2300059c       0x1e /home/shivani/bl602_iot_sdk/customer_app/suas_app_freertos_watchdog/build_out/hal_drv/libhal_drv.a(hal_boot2.o)
                0x2300059c                hal_boot2_init
 .text.bl_flash_config_update
                0x230005ba        0x4 /home/shivani/bl602_iot_sdk/customer_app/suas_app_freertos_watchdog/build_out/hal_drv/libhal_drv.a(bl_flash.o)
                0x230005ba                bl_flash_config_update
 .text._Z8task_onePv
                0x230005be       0x26 /home/shivani/bl602_iot_sdk/customer_app/suas_app_freertos_watchdog/build_out/suas_app_freertos_watchdog/libsuas_app_freertos_watchdog.a(main.o)
                0x230005be                task_one(void*)
 .text._Z8task_twoPv
                0x230005e4       0x26 /home/shivani/bl602_iot_sdk/customer_app/suas_app_freertos_watchdog/build_out/suas_app_freertos_watchdog/libsuas_app_freertos_watchdog.a(main.o)
                0x230005e4                task_two(void*)
 .text._Z10task_threePv
                0x2300060a       0x40 /home/shivani/bl602_iot_sdk/customer_app/suas_app_freertos_watchdog/build_out/suas_app_freertos_watchdog/libsuas_app_freertos_watchdog.a(main.o)
                0x2300060a                task_three(void*)
 .text._Z16event_dispatcherPv
                0x2300064a       0x46 /home/shivani/bl602_iot_sdk/customer_app/suas_app_freertos_watchdog/build_out/suas_app_freertos_watchdog/libsuas_app_freertos_watchdog.a(main.o)
                0x2300064a                event_dispatcher(void*)
 .text.bfl_main
                0x23000690       0xa4 /home/shivani/bl602_iot_sdk/customer_app/suas_app_freertos_watchdog/build_out/suas_app_freertos_watchdog/libsuas_app_freertos_watchdog.a(main.o)
                0x23000690                bfl_main
 .text._Z8evt_initv
                0x23000734        0x2 /home/shivani/bl602_iot_sdk/customer_app/suas_app_freertos_watchdog/build_out/suas_app_freertos_watchdog/libsuas_app_freertos_watchdog.a(rtos_events.o)
                0x23000734                evt_init()
 .text._Z8evt_pushPKcz
                0x23000736       0x66 /home/shivani/bl602_iot_sdk/customer_app/suas_app_freertos_watchdog/build_out/suas_app_freertos_watchdog/libsuas_app_freertos_watchdog.a(rtos_events.o)
                0x23000736                evt_push(char const*, ...)
 .text.print_task
                0x2300079c       0x32 /home/shivani/bl602_iot_sdk/customer_app/suas_app_freertos_watchdog/build_out/suas_app_freertos_watchdog/libsuas_app_freertos_watchdog.a(safe_print.o)
 .text.safe_print_init
                0x230007ce       0x40 /home/shivani/bl602_iot_sdk/customer_app/suas_app_freertos_watchdog/build_out/suas_app_freertos_watchdog/libsuas_app_freertos_watchdog.a(safe_print.o)
                0x230007ce                safe_print_init
 .text.safe_printf
                0x2300080e       0x44 /home/shivani/bl602_iot_sdk/customer_app/suas_app_freertos_watchdog/build_out/suas_app_freertos_watchdog/libsuas_app_freertos_watchdog.a(safe_print.o)
                0x2300080e                safe_printf
 .text._ZL21watchdog_monitor_taskPv
                0x23000852       0xd2 /home/shivani/bl602_iot_sdk/customer_app/suas_app_freertos_watchdog/build_out/suas_app_freertos_watchdog/libsuas_app_freertos_watchdog.a(watchdog.o)
 .text._ZL21watchdog_task_wrapperPv
                0x23000924       0x20 /home/shivani/bl602_iot_sdk/customer_app/suas_app_freertos_watchdog/build_out/suas_app_freertos_watchdog/libsuas_app_freertos_watchdog.a(watchdog.o)
 .text._Z13watchdog_initmm
                0x23000944       0x2e /home/shivani/bl602_iot_sdk/customer_app/suas_app_freertos_watchdog/build_out/suas_app_freertos_watchdog/libsuas_app_freertos_watchdog.a(watchdog.o)
                0x23000944                watchdog_init(unsigned long, unsigned long)
 .text._Z23xTaskCreateWithWatchdogPFvPvEPKctS_mPP19tskTaskControlBlock
                0x23000972       0x70 /home/shivani/bl602_iot_sdk/customer_app/suas_app_freertos_watchdog/build_out/suas_app_freertos_watchdog/libsuas_app_freertos_watchdog.a(watchdog.o)
                0x23000972                xTaskCreateWithWatchdog(void (*)(void*), char const*, unsigned short, void*, unsigned long, tskTaskControlBlock**)
 .text._Z18task_watchdog_kickv
                0x230009e2       0x4c /home/shivani/bl602_iot_sdk/customer_app/suas_app_freertos_watchdog/build_out/suas_app_freertos_watchdog/libsuas_app_freertos_watchdog.a(watchdog.o)
                0x230009e2                task_watchdog_kick()
 .text.format_int
                0x23000a2e      0x274 /home/shivani/bl602_iot_sdk/customer_app/suas_app_freertos_watchdog/build_out/bl602/libbl602.a(debug.o)
 .text.cvt      0x23000ca2      0x246 /home/shivani/bl602_iot_sdk/customer_app/suas_app_freertos_watchdog/build_out/bl602/libbl602.a(debug.o)
 .text.ecvtbuf  0x23000ee8        0x4 /home/shivani/bl602_iot_sdk/customer_app/suas_app_freertos_watchdog/build_out/bl602/libbl602.a(debug.o)
                0x23000ee8                ecvtbuf
 .text.fcvtbuf  0x23000eec        0x4 /home/shivani/bl602_iot_sdk/customer_app/suas_app_freertos_watchdog/build_out/bl602/libbl602.a(debug.o)
                0x23000eec                fcvtbuf
 .text.flt      0x23000ef0      0x41c /home/shivani/bl602_iot_sdk/customer_app/suas_app_freertos_watchdog/build_out/bl602/libbl602.a(debug.o)
 .text.vsnprintf
                0x2300130c      0x54c /home/shivani/bl602_iot_sdk/customer_app/suas_app_freertos_watchdog/build_out/bl602/libbl602.a(debug.o)
                0x2300130c                vsnprintf
 .text.vsprintf
                0x23001858        0xa /home/shivani/bl602_iot_sdk/customer_app/suas_app_freertos_watchdog/build_out/bl602/libbl602.a(debug.o)
                0x23001858                vsprintf
 .text.vprint   0x23001862       0x40 /home/shivani/bl602_iot_sdk/customer_app/suas_app_freertos_watchdog/build_out/bl602/libbl602.a(debug.o)
                0x23001862                vprint
 .text.puts     0x230018a2       0x38 /home/shivani/bl602_iot_sdk/customer_app/suas_app_freertos_watchdog/build_out/bl602/libbl602.a(debug.o)
                0x230018a2                puts
 .text.printf   0x230018da       0x2a /home/shivani/bl602_iot_sdk/customer_app/suas_app_freertos_watchdog/build_out/bl602/libbl602.a(debug.o)
                0x230018da                printf
 .text.snprintf
                0x23001904       0x1c /home/shivani/bl602_iot_sdk/customer_app/suas_app_freertos_watchdog/build_out/bl602/libbl602.a(debug.o)
                0x23001904                snprintf
 .text.prvCopyDataToQueue
                0x23001920       0x8e /home/shivani/bl602_iot_sdk/customer_app/suas_app_freertos_watchdog/build_out/freertos/libfreertos.a(queue.o)
 .text.prvUnlockQueue
                0x230019ae       0x8e /home/shivani/bl602_iot_sdk/customer_app/suas_app_freertos_watchdog/build_out/freertos/libfreertos.a(queue.o)
 .text.xQueueGenericReset
                0x23001a3c       0x90 /home/shivani/bl602_iot_sdk/customer_app/suas_app_freertos_watchdog/build_out/freertos/libfreertos.a(queue.o)
                0x23001a3c                xQueueGenericReset
 .text.xQueueGenericCreateStatic
                0x23001acc       0x80 /home/shivani/bl602_iot_sdk/customer_app/suas_app_freertos_watchdog/build_out/freertos/libfreertos.a(queue.o)
                0x23001acc                xQueueGenericCreateStatic
 .text.xQueueGenericCreate
                0x23001b4c       0x98 /home/shivani/bl602_iot_sdk/customer_app/suas_app_freertos_watchdog/build_out/freertos/libfreertos.a(queue.o)
                0x23001b4c                xQueueGenericCreate
 .text.xQueueGenericSend
                0x23001be4      0x14c /home/shivani/bl602_iot_sdk/customer_app/suas_app_freertos_watchdog/build_out/freertos/libfreertos.a(queue.o)
                0x23001be4                xQueueGenericSend
 .text.xQueueCreateMutexStatic
                0x23001d30       0x7c /home/shivani/bl602_iot_sdk/customer_app/suas_app_freertos_watchdog/build_out/freertos/libfreertos.a(queue.o)
                0x23001d30                xQueueCreateMutexStatic
 .text.xQueueGenericSendFromISR
                0x23001dac       0xa8 /home/shivani/bl602_iot_sdk/customer_app/suas_app_freertos_watchdog/build_out/freertos/libfreertos.a(queue.o)
                0x23001dac                xQueueGenericSendFromISR
 .text.xQueueReceive
                0x23001e54      0x13c /home/shivani/bl602_iot_sdk/customer_app/suas_app_freertos_watchdog/build_out/freertos/libfreertos.a(queue.o)
                0x23001e54                xQueueReceive
 .text.vQueueAddToRegistry
                0x23001f90       0x2a /home/shivani/bl602_iot_sdk/customer_app/suas_app_freertos_watchdog/build_out/freertos/libfreertos.a(queue.o)
                0x23001f90                vQueueAddToRegistry
 .text.vQueueWaitForMessageRestricted
                0x23001fba       0x6a /home/shivani/bl602_iot_sdk/customer_app/suas_app_freertos_watchdog/build_out/freertos/libfreertos.a(queue.o)
                0x23001fba                vQueueWaitForMessageRestricted
 .text.prvAddCurrentTaskToDelayedList
                0x23002024       0xc2 /home/shivani/bl602_iot_sdk/customer_app/suas_app_freertos_watchdog/build_out/freertos/libfreertos.a(tasks.o)
 .text.prvInitialiseNewTask.constprop.0
                0x230020e6       0xc6 /home/shivani/bl602_iot_sdk/customer_app/suas_app_freertos_watchdog/build_out/freertos/libfreertos.a(tasks.o)
 .text.prvIdleTask
                0x230021ac       0xe2 /home/shivani/bl602_iot_sdk/customer_app/suas_app_freertos_watchdog/build_out/freertos/libfreertos.a(tasks.o)
 .text.vTaskSuspendAll
                0x2300228e       0x10 /home/shivani/bl602_iot_sdk/customer_app/suas_app_freertos_watchdog/build_out/freertos/libfreertos.a(tasks.o)
                0x2300228e                vTaskSuspendAll
 .text.xTaskGetTickCount
                0x2300229e        0xa /home/shivani/bl602_iot_sdk/customer_app/suas_app_freertos_watchdog/build_out/freertos/libfreertos.a(tasks.o)
                0x2300229e                xTaskGetTickCount
 .text.xTaskGetTickCount2
                0x230022a8       0x18 /home/shivani/bl602_iot_sdk/customer_app/suas_app_freertos_watchdog/build_out/freertos/libfreertos.a(tasks.o)
                0x230022a8                xTaskGetTickCount2
 .text.xTaskIncrementTick
                0x230022c0      0x1be /home/shivani/bl602_iot_sdk/customer_app/suas_app_freertos_watchdog/build_out/freertos/libfreertos.a(tasks.o)
                0x230022c0                xTaskIncrementTick
 .text.vTaskSwitchContext
                0x2300247e       0xd6 /home/shivani/bl602_iot_sdk/customer_app/suas_app_freertos_watchdog/build_out/freertos/libfreertos.a(tasks.o)
                0x2300247e                vTaskSwitchContext
 .text.vTaskPlaceOnEventList
                0x23002554       0x30 /home/shivani/bl602_iot_sdk/customer_app/suas_app_freertos_watchdog/build_out/freertos/libfreertos.a(tasks.o)
                0x23002554                vTaskPlaceOnEventList
 .text.vTaskPlaceOnEventListRestricted
                0x23002584       0x3c /home/shivani/bl602_iot_sdk/customer_app/suas_app_freertos_watchdog/build_out/freertos/libfreertos.a(tasks.o)
                0x23002584                vTaskPlaceOnEventListRestricted
 .text.xTaskRemoveFromEventList
                0x230025c0       0x98 /home/shivani/bl602_iot_sdk/customer_app/suas_app_freertos_watchdog/build_out/freertos/libfreertos.a(tasks.o)
                0x230025c0                xTaskRemoveFromEventList
 .text.vTaskInternalSetTimeOutState
                0x23002658       0x16 /home/shivani/bl602_iot_sdk/customer_app/suas_app_freertos_watchdog/build_out/freertos/libfreertos.a(tasks.o)
                0x23002658                vTaskInternalSetTimeOutState
 .text.vTaskMissedYield
                0x2300266e        0xc /home/shivani/bl602_iot_sdk/customer_app/suas_app_freertos_watchdog/build_out/freertos/libfreertos.a(tasks.o)
                0x2300266e                vTaskMissedYield
 .text.xTaskGetCurrentTaskHandle
                0x2300267a        0xa /home/shivani/bl602_iot_sdk/customer_app/suas_app_freertos_watchdog/build_out/freertos/libfreertos.a(tasks.o)
                0x2300267a                xTaskGetCurrentTaskHandle
 .text.xTaskGetSchedulerState
                0x23002684       0x1c /home/shivani/bl602_iot_sdk/customer_app/suas_app_freertos_watchdog/build_out/freertos/libfreertos.a(tasks.o)
                0x23002684                xTaskGetSchedulerState
 .text.xTaskPriorityDisinherit
                0x230026a0       0xdc /home/shivani/bl602_iot_sdk/customer_app/suas_app_freertos_watchdog/build_out/freertos/libfreertos.a(tasks.o)
                0x230026a0                xTaskPriorityDisinherit
 .text.vTaskEnterCritical
                0x2300277c       0x22 /home/shivani/bl602_iot_sdk/customer_app/suas_app_freertos_watchdog/build_out/freertos/libfreertos.a(tasks.o)
                0x2300277c                vTaskEnterCritical
 .text.vTaskExitCritical
                0x2300279e       0x2e /home/shivani/bl602_iot_sdk/customer_app/suas_app_freertos_watchdog/build_out/freertos/libfreertos.a(tasks.o)
                0x2300279e                vTaskExitCritical
 .text.prvAddNewTaskToReadyList
                0x230027cc      0x15a /home/shivani/bl602_iot_sdk/customer_app/suas_app_freertos_watchdog/build_out/freertos/libfreertos.a(tasks.o)
 .text.xTaskCreateStatic
                0x23002926       0xa4 /home/shivani/bl602_iot_sdk/customer_app/suas_app_freertos_watchdog/build_out/freertos/libfreertos.a(tasks.o)
                0x23002926                xTaskCreateStatic
 .text.vTaskStartScheduler
                0x230029ca       0x72 /home/shivani/bl602_iot_sdk/customer_app/suas_app_freertos_watchdog/build_out/freertos/libfreertos.a(tasks.o)
                0x230029ca                vTaskStartScheduler
 .text.xTaskCreate
                0x23002a3c       0x72 /home/shivani/bl602_iot_sdk/customer_app/suas_app_freertos_watchdog/build_out/freertos/libfreertos.a(tasks.o)
                0x23002a3c                xTaskCreate
 .text.vTaskDelete
                0x23002aae      0x16c /home/shivani/bl602_iot_sdk/customer_app/suas_app_freertos_watchdog/build_out/freertos/libfreertos.a(tasks.o)
                0x23002aae                vTaskDelete
 .text.xTaskResumeAll
                0x23002c1a      0x164 /home/shivani/bl602_iot_sdk/customer_app/suas_app_freertos_watchdog/build_out/freertos/libfreertos.a(tasks.o)
                0x23002c1a                xTaskResumeAll
 .text.vTaskDelay
                0x23002d7e       0x42 /home/shivani/bl602_iot_sdk/customer_app/suas_app_freertos_watchdog/build_out/freertos/libfreertos.a(tasks.o)
                0x23002d7e                vTaskDelay
 .text.xTaskCheckForTimeOut
                0x23002dc0       0xaa /home/shivani/bl602_iot_sdk/customer_app/suas_app_freertos_watchdog/build_out/freertos/libfreertos.a(tasks.o)
                0x23002dc0                xTaskCheckForTimeOut
 .text.prvCheckForValidListAndQueue
                0x23002e6a       0x84 /home/shivani/bl602_iot_sdk/customer_app/suas_app_freertos_watchdog/build_out/freertos/libfreertos.a(timers.o)
 .text.xTimerCreateTimerTask
                0x23002eee       0x5a /home/shivani/bl602_iot_sdk/customer_app/suas_app_freertos_watchdog/build_out/freertos/libfreertos.a(timers.o)
                0x23002eee                xTimerCreateTimerTask
 .text.xTimerGenericCommand
                0x23002f48       0x90 /home/shivani/bl602_iot_sdk/customer_app/suas_app_freertos_watchdog/build_out/freertos/libfreertos.a(timers.o)
                0x23002f48                xTimerGenericCommand
 .text.prvSwitchTimerLists
                0x23002fd8       0x80 /home/shivani/bl602_iot_sdk/customer_app/suas_app_freertos_watchdog/build_out/freertos/libfreertos.a(timers.o)
 .text.prvTimerTask
                0x23003058      0x24e /home/shivani/bl602_iot_sdk/customer_app/suas_app_freertos_watchdog/build_out/freertos/libfreertos.a(timers.o)
 .text.vPortSetupTimerInterrupt
                0x230032a6       0x68 /home/shivani/bl602_iot_sdk/customer_app/suas_app_freertos_watchdog/build_out/freertos/libfreertos.a(port.o)
                0x230032a6                vPortSetupTimerInterrupt
 .text.xPortStartScheduler
                0x2300330e       0x3e /home/shivani/bl602_iot_sdk/customer_app/suas_app_freertos_watchdog/build_out/freertos/libfreertos.a(port.o)
                0x2300330e                xPortStartScheduler
 *fill*         0x2300334c       0xb4 
 .text          0x23003400      0x532 /home/shivani/bl602_iot_sdk/customer_app/suas_app_freertos_watchdog/build_out/freertos/libfreertos.a(portASM.o)
                0x23003400                freertos_risc_v_trap_handler
                0x23003700                xPortStartFirstTask
                0x23003800                pxPortInitialiseStack
 .text.vInitializeBL602
                0x23003932       0x6e /home/shivani/bl602_iot_sdk/customer_app/suas_app_freertos_watchdog/build_out/freertos/libfreertos.a(bl602_port.o)
                0x23003932                vInitializeBL602
 .text.vAssertCalled
                0x230039a0       0x1c /home/shivani/bl602_iot_sdk/customer_app/suas_app_freertos_watchdog/build_out/freertos/libfreertos.a(bl602_port.o)
                0x230039a0                vAssertCalled
                0x230039a0                user_vAssertCalled
 .text.vApplicationGetIdleTaskMemory
                0x230039bc       0x1c /home/shivani/bl602_iot_sdk/customer_app/suas_app_freertos_watchdog/build_out/freertos/libfreertos.a(bl602_port.o)
                0x230039bc                vApplicationGetIdleTaskMemory
 .text.vApplicationGetTimerTaskMemory
                0x230039d8       0x1c /home/shivani/bl602_iot_sdk/customer_app/suas_app_freertos_watchdog/build_out/freertos/libfreertos.a(bl602_port.o)
                0x230039d8                vApplicationGetTimerTaskMemory
 .text.vApplicationIdleHook
                0x230039f4        0xa /home/shivani/bl602_iot_sdk/customer_app/suas_app_freertos_watchdog/build_out/freertos/libfreertos.a(bl602_port.o)
                0x230039f4                vApplicationIdleHook
 .text.vApplicationMallocFailedHook
                0x230039fe       0x1e /home/shivani/bl602_iot_sdk/customer_app/suas_app_freertos_watchdog/build_out/freertos/libfreertos.a(bl602_port.o)
                0x230039fe                vApplicationMallocFailedHook
 .text.vApplicationStackOverflowHook
                0x23003a1c       0x1c /home/shivani/bl602_iot_sdk/customer_app/suas_app_freertos_watchdog/build_out/freertos/libfreertos.a(bl602_port.o)
                0x23003a1c                vApplicationStackOverflowHook
 .text.prvInsertBlockIntoFreeList
                0x23003a38       0x66 /home/shivani/bl602_iot_sdk/customer_app/suas_app_freertos_watchdog/build_out/freertos/libfreertos.a(heap_bl602.o)
 .text.pvPortMalloc
                0x23003a9e      0x108 /home/shivani/bl602_iot_sdk/customer_app/suas_app_freertos_watchdog/build_out/freertos/libfreertos.a(heap_bl602.o)
                0x23003a9e                pvPortMalloc
 .text.vPortFree
                0x23003ba6       0xa6 /home/shivani/bl602_iot_sdk/customer_app/suas_app_freertos_watchdog/build_out/freertos/libfreertos.a(heap_bl602.o)
                0x23003ba6                vPortFree
 .text.xPortGetFreeHeapSize
                0x23003c4c        0xa /home/shivani/bl602_iot_sdk/customer_app/suas_app_freertos_watchdog/build_out/freertos/libfreertos.a(heap_bl602.o)
                0x23003c4c                xPortGetFreeHeapSize
 .text.vPortDefineHeapRegions
                0x23003c56       0xf2 /home/shivani/bl602_iot_sdk/customer_app/suas_app_freertos_watchdog/build_out/freertos/libfreertos.a(heap_bl602.o)
                0x23003c56                vPortDefineHeapRegions
 .text.vListInitialise
                0x23003d48       0x14 /home/shivani/bl602_iot_sdk/customer_app/suas_app_freertos_watchdog/build_out/freertos/libfreertos.a(list.o)
                0x23003d48                vListInitialise
 .text.vListInitialiseItem
                0x23003d5c        0x6 /home/shivani/bl602_iot_sdk/customer_app/suas_app_freertos_watchdog/build_out/freertos/libfreertos.a(list.o)
                0x23003d5c                vListInitialiseItem
 .text.vListInsertEnd
                0x23003d62       0x16 /home/shivani/bl602_iot_sdk/customer_app/suas_app_freertos_watchdog/build_out/freertos/libfreertos.a(list.o)
                0x23003d62                vListInsertEnd
 .text.vListInsert
                0x23003d78       0x2e /home/shivani/bl602_iot_sdk/customer_app/suas_app_freertos_watchdog/build_out/freertos/libfreertos.a(list.o)
                0x23003d78                vListInsert
 .text.uxListRemove
                0x23003da6       0x32 /home/shivani/bl602_iot_sdk/customer_app/suas_app_freertos_watchdog/build_out/freertos/libfreertos.a(list.o)
                0x23003da6                uxListRemove
 .text.uart_generic_notify_handler
                0x23003dd8       0xee /home/shivani/bl602_iot_sdk/customer_app/suas_app_freertos_watchdog/build_out/hal_drv/libhal_drv.a(bl_uart.o)
 .text.UART0_IRQHandler
                0x23003ec6        0x4 /home/shivani/bl602_iot_sdk/customer_app/suas_app_freertos_watchdog/build_out/hal_drv/libhal_drv.a(bl_uart.o)
                0x23003ec6                UART0_IRQHandler
 .text.UART1_IRQHandler
                0x23003eca        0x4 /home/shivani/bl602_iot_sdk/customer_app/suas_app_freertos_watchdog/build_out/hal_drv/libhal_drv.a(bl_uart.o)
                0x23003eca                UART1_IRQHandler
 .text.bl_uart_init
                0x23003ece       0xf0 /home/shivani/bl602_iot_sdk/customer_app/suas_app_freertos_watchdog/build_out/hal_drv/libhal_drv.a(bl_uart.o)
                0x23003ece                bl_uart_init
 .text.bl_uart_data_send
                0x23003fbe       0x36 /home/shivani/bl602_iot_sdk/customer_app/suas_app_freertos_watchdog/build_out/hal_drv/libhal_drv.a(bl_uart.o)
                0x23003fbe                bl_uart_data_send
 .text.bl_sys_em_config
                0x23003ff4       0x28 /home/shivani/bl602_iot_sdk/customer_app/suas_app_freertos_watchdog/build_out/hal_drv/libhal_drv.a(bl_sys.o)
                0x23003ff4                bl_sys_em_config
 .text.bl_sys_early_init
                0x2300401c       0x1e /home/shivani/bl602_iot_sdk/customer_app/suas_app_freertos_watchdog/build_out/hal_drv/libhal_drv.a(bl_sys.o)
                0x2300401c                bl_sys_early_init
 .text.bl_sys_init
                0x2300403a        0x2 /home/shivani/bl602_iot_sdk/customer_app/suas_app_freertos_watchdog/build_out/hal_drv/libhal_drv.a(bl_sys.o)
                0x2300403a                bl_sys_init
 .text.bl_dma_int_process
                0x2300403c       0xaa /home/shivani/bl602_iot_sdk/customer_app/suas_app_freertos_watchdog/build_out/hal_drv/libhal_drv.a(bl_dma.o)
 .text.bl_dma_irq_register.part.0
                0x230040e6       0x5c /home/shivani/bl602_iot_sdk/customer_app/suas_app_freertos_watchdog/build_out/hal_drv/libhal_drv.a(bl_dma.o)
 .text.bl_dma_int_clear
                0x23004142       0x3a /home/shivani/bl602_iot_sdk/customer_app/suas_app_freertos_watchdog/build_out/hal_drv/libhal_drv.a(bl_dma.o)
                0x23004142                bl_dma_int_clear
 .text.bl_dma_IRQHandler
                0x2300417c       0x44 /home/shivani/bl602_iot_sdk/customer_app/suas_app_freertos_watchdog/build_out/hal_drv/libhal_drv.a(bl_dma.o)
                0x2300417c                bl_dma_IRQHandler
 .text.bl_dma_init
                0x230041c0       0x86 /home/shivani/bl602_iot_sdk/customer_app/suas_app_freertos_watchdog/build_out/hal_drv/libhal_drv.a(bl_dma.o)
                0x230041c0                bl_dma_init
 .text.bl_irq_enable
                0x23004246       0x12 /home/shivani/bl602_iot_sdk/customer_app/suas_app_freertos_watchdog/build_out/hal_drv/libhal_drv.a(bl_irq.o)
                0x23004246                bl_irq_enable
 .text.bl_irq_register_with_ctx
                0x23004258       0x30 /home/shivani/bl602_iot_sdk/customer_app/suas_app_freertos_watchdog/build_out/hal_drv/libhal_drv.a(bl_irq.o)
                0x23004258                bl_irq_register_with_ctx
 .text.bl_irq_ctx_get
                0x23004288       0x20 /home/shivani/bl602_iot_sdk/customer_app/suas_app_freertos_watchdog/build_out/hal_drv/libhal_drv.a(bl_irq.o)
                0x23004288                bl_irq_ctx_get
 .text.bl_irq_register
                0x230042a8        0x4 /home/shivani/bl602_iot_sdk/customer_app/suas_app_freertos_watchdog/build_out/hal_drv/libhal_drv.a(bl_irq.o)
                0x230042a8                bl_irq_register
 .text.interrupt_entry
                0x230042ac       0x4a /home/shivani/bl602_iot_sdk/customer_app/suas_app_freertos_watchdog/build_out/hal_drv/libhal_drv.a(bl_irq.o)
                0x230042ac                interrupt_entry
 .text.exception_entry
                0x230042f6      0x13c /home/shivani/bl602_iot_sdk/customer_app/suas_app_freertos_watchdog/build_out/hal_drv/libhal_drv.a(bl_irq.o)
                0x230042f6                exception_entry
 .text.bl_irq_init
                0x23004432       0x42 /home/shivani/bl602_iot_sdk/customer_app/suas_app_freertos_watchdog/build_out/hal_drv/libhal_drv.a(bl_irq.o)
                0x23004432                bl_irq_init
 .text._trng_trigger
                0x23004474       0x34 /home/shivani/bl602_iot_sdk/customer_app/suas_app_freertos_watchdog/build_out/hal_drv/libhal_drv.a(bl_sec.o)
 .text.wait_trng4feed
                0x230044a8       0x72 /home/shivani/bl602_iot_sdk/customer_app/suas_app_freertos_watchdog/build_out/hal_drv/libhal_drv.a(bl_sec.o)
 .text.sec_trng_IRQHandler
                0x2300451a       0x90 /home/shivani/bl602_iot_sdk/customer_app/suas_app_freertos_watchdog/build_out/hal_drv/libhal_drv.a(bl_sec.o)
                0x2300451a                sec_trng_IRQHandler
 .text.bl_sec_init
                0x230045aa       0x46 /home/shivani/bl602_iot_sdk/customer_app/suas_app_freertos_watchdog/build_out/hal_drv/libhal_drv.a(bl_sec.o)
                0x230045aa                bl_sec_init
 .text          0x230045f0       0x48 /home/shivani/bl602_iot_sdk/customer_app/suas_app_freertos_watchdog/build_out/hal_drv/libhal_drv.a(bl_timer_asm.o)
                0x230045f0                timer_us_now
                0x23004614                bl_timer_delay_us
 .text.hal_board_cfg
                0x23004638       0x48 /home/shivani/bl602_iot_sdk/customer_app/suas_app_freertos_watchdog/build_out/hal_drv/libhal_drv.a(hal_board.o)
                0x23004638                hal_board_cfg
 .text.bl_rtc_init
                0x23004680       0x16 /home/shivani/bl602_iot_sdk/customer_app/suas_app_freertos_watchdog/build_out/hal_drv/libhal_drv.a(bl_rtc.o)
                0x23004680                bl_rtc_init
 .text.bl_rtc_get_counter
                0x23004696       0x14 /home/shivani/bl602_iot_sdk/customer_app/suas_app_freertos_watchdog/build_out/hal_drv/libhal_drv.a(bl_rtc.o)
                0x23004696                bl_rtc_get_counter
 .text.bl_rtc_get_timestamp_ms
                0x230046aa       0x4a /home/shivani/bl602_iot_sdk/customer_app/suas_app_freertos_watchdog/build_out/hal_drv/libhal_drv.a(bl_rtc.o)
                0x230046aa                bl_rtc_get_timestamp_ms
 .text.utils_list_init
                0x230046f4        0xa /home/shivani/bl602_iot_sdk/customer_app/suas_app_freertos_watchdog/build_out/utils/libutils.a(utils_list.o)
                0x230046f4                utils_list_init
 .text.utils_list_pop_front
                0x230046fe        0xc /home/shivani/bl602_iot_sdk/customer_app/suas_app_freertos_watchdog/build_out/utils/libutils.a(utils_list.o)
                0x230046fe                utils_list_pop_front
 .text.aos_now_ms
                0x2300470a       0x3a /home/shivani/bl602_iot_sdk/customer_app/suas_app_freertos_watchdog/build_out/yloop/libyloop.a(aos_freertos.o)
                0x2300470a                aos_now_ms
 .text.UART_Init
                0x23004744       0xf0 /home/shivani/bl602_iot_sdk/customer_app/suas_app_freertos_watchdog/build_out/bl602_std/libbl602_std.a(bl602_uart.o)
                0x23004744                UART_Init
 .text.UART_FifoConfig
                0x23004834       0x68 /home/shivani/bl602_iot_sdk/customer_app/suas_app_freertos_watchdog/build_out/bl602_std/libbl602_std.a(bl602_uart.o)
                0x23004834                UART_FifoConfig
 .text.UART_Enable
                0x2300489c       0x34 /home/shivani/bl602_iot_sdk/customer_app/suas_app_freertos_watchdog/build_out/bl602_std/libbl602_std.a(bl602_uart.o)
                0x2300489c                UART_Enable
 .text.UART_Disable
                0x230048d0       0x30 /home/shivani/bl602_iot_sdk/customer_app/suas_app_freertos_watchdog/build_out/bl602_std/libbl602_std.a(bl602_uart.o)
                0x230048d0                UART_Disable
 .text.UART_TxFreeRun
                0x23004900       0x24 /home/shivani/bl602_iot_sdk/customer_app/suas_app_freertos_watchdog/build_out/bl602_std/libbl602_std.a(bl602_uart.o)
                0x23004900                UART_TxFreeRun
 .text.UART_IntMask
                0x23004924       0x3c /home/shivani/bl602_iot_sdk/customer_app/suas_app_freertos_watchdog/build_out/bl602_std/libbl602_std.a(bl602_uart.o)
                0x23004924                UART_IntMask
 .text.UART_GetTxFifoCount
                0x23004960       0x1a /home/shivani/bl602_iot_sdk/customer_app/suas_app_freertos_watchdog/build_out/bl602_std/libbl602_std.a(bl602_uart.o)
                0x23004960                UART_GetTxFifoCount
 .text.UART_SendData
                0x2300497a       0x6e /home/shivani/bl602_iot_sdk/customer_app/suas_app_freertos_watchdog/build_out/bl602_std/libbl602_std.a(bl602_uart.o)
                0x2300497a                UART_SendData
 .text.DMA_Enable
                0x230049e8        0xe /home/shivani/bl602_iot_sdk/customer_app/suas_app_freertos_watchdog/build_out/bl602_std/libbl602_std.a(bl602_dma.o)
                0x230049e8                DMA_Enable
 .text.DMA_Channel_Enable
                0x230049f6       0x16 /home/shivani/bl602_iot_sdk/customer_app/suas_app_freertos_watchdog/build_out/bl602_std/libbl602_std.a(bl602_dma.o)
                0x230049f6                DMA_Channel_Enable
 .text.DMA_LLI_Init
                0x23004a0c       0x36 /home/shivani/bl602_iot_sdk/customer_app/suas_app_freertos_watchdog/build_out/bl602_std/libbl602_std.a(bl602_dma.o)
                0x23004a0c                DMA_LLI_Init
 .text.DMA_LLI_Update
                0x23004a42       0x16 /home/shivani/bl602_iot_sdk/customer_app/suas_app_freertos_watchdog/build_out/bl602_std/libbl602_std.a(bl602_dma.o)
                0x23004a42                DMA_LLI_Update
 .text.DMA_IntMask
                0x23004a58       0x82 /home/shivani/bl602_iot_sdk/customer_app/suas_app_freertos_watchdog/build_out/bl602_std/libbl602_std.a(bl602_dma.o)
                0x23004a58                DMA_IntMask
 .text.Default_Handler
                0x23004ada        0xa /home/shivani/bl602_iot_sdk/customer_app/suas_app_freertos_watchdog/build_out/bl602_std/libbl602_std.a(bl602_common.o)
                0x23004ada                Default_Handler
 .text.GLB_Set_UART_CLK
                0x23004ae4       0x3c /home/shivani/bl602_iot_sdk/customer_app/suas_app_freertos_watchdog/build_out/bl602_std/libbl602_std.a(bl602_glb.o)
                0x23004ae4                GLB_Set_UART_CLK
 .text.GLB_Set_EM_Sel
                0x23004b20       0x10 /home/shivani/bl602_iot_sdk/customer_app/suas_app_freertos_watchdog/build_out/bl602_std/libbl602_std.a(bl602_glb.o)
                0x23004b20                GLB_Set_EM_Sel
 .text.GLB_UART_Fun_Sel
                0x23004b30       0x24 /home/shivani/bl602_iot_sdk/customer_app/suas_app_freertos_watchdog/build_out/bl602_std/libbl602_std.a(bl602_glb.o)
                0x23004b30                GLB_UART_Fun_Sel
 .text.HBN_Set_UART_CLK_Sel
                0x23004b54       0x12 /home/shivani/bl602_iot_sdk/customer_app/suas_app_freertos_watchdog/build_out/bl602_std/libbl602_std.a(bl602_hbn.o)
                0x23004b54                HBN_Set_UART_CLK_Sel
 .text.HBN_Clear_RTC_Counter
                0x23004b66        0xe /home/shivani/bl602_iot_sdk/customer_app/suas_app_freertos_watchdog/build_out/bl602_std/libbl602_std.a(bl602_hbn.o)
                0x23004b66                HBN_Clear_RTC_Counter
 .text.HBN_Enable_RTC_Counter
                0x23004b74       0x10 /home/shivani/bl602_iot_sdk/customer_app/suas_app_freertos_watchdog/build_out/bl602_std/libbl602_std.a(bl602_hbn.o)
                0x23004b74                HBN_Enable_RTC_Counter
 .text.HBN_Get_RTC_Timer_Val
                0x23004b84       0x2c /home/shivani/bl602_iot_sdk/customer_app/suas_app_freertos_watchdog/build_out/bl602_std/libbl602_std.a(bl602_hbn.o)
                0x23004b84                HBN_Get_RTC_Timer_Val
 .text.HBN_Aon_Pad_IeSmt_Cfg
                0x23004bb0       0x14 /home/shivani/bl602_iot_sdk/customer_app/suas_app_freertos_watchdog/build_out/bl602_std/libbl602_std.a(bl602_hbn.o)
                0x23004bb0                HBN_Aon_Pad_IeSmt_Cfg
 .text.bflb_platform_usart_dbg_send
                0x23004bc4        0xa /home/shivani/bl602_iot_sdk/customer_app/suas_app_freertos_watchdog/build_out/bl602_std/libbl602_std.a(platform_device.o)
                0x23004bc4                bflb_platform_usart_dbg_send
 .text.bflb_platform_printf
                0x23004bce       0x4e /home/shivani/bl602_iot_sdk/customer_app/suas_app_freertos_watchdog/build_out/bl602_std/libbl602_std.a(platform_device.o)
                0x23004bce                bflb_platform_printf
 .text.Default_Handler_Stub
                0x23004c1c       0xa8 /home/shivani/bl602_iot_sdk/customer_app/suas_app_freertos_watchdog/build_out/bl602_std/libbl602_std.a(interrupt.o)
                0x23004c1c                HBN_OUT0_IRQHandler
                0x23004c1c                L1C_BMX_TO_IRQHandler
                0x23004c1c                IRTX_IRQHandler
                0x23004c1c                TIMER_CH0_IRQHandler
                0x23004c1c                SDIO_IRQHandler
                0x23004c1c                WIFI_IPC_PUBLIC_IRQHandler
                0x23004c1c                DMA_BMX_ERR_IRQHandler
                0x23004c1c                MAC_RX_TRG_IRQHandler
                0x23004c1c                EFUSE_IRQHandler
                0x23004c1c                TIMER_WDT_IRQHandler
                0x23004c1c                MAC_TXRX_TIMER_IRQHandler
                0x23004c1c                MAC_GEN_IRQHandler
                0x23004c1c                clic_csoft_handler
                0x23004c1c                BOR_IRQHandler
                0x23004c1c                MAC_PORT_TRG_IRQHandler
                0x23004c1c                SPI_IRQHandler
                0x23004c1c                HBN_OUT1_IRQHandler
                0x23004c1c                SEC_BMX_ERR_IRQHandler
                0x23004c1c                SF_CTRL_IRQHandler
                0x23004c1c                RF_TOP_INT0_IRQHandler
                0x23004c1c                MAC_TXRX_MISC_IRQHandler
                0x23004c1c                BZ_PHY_IRQHandler
                0x23004c1c                DMA_ALL_IRQHandler
                0x23004c1c                SEC_GMAC_IRQHandler
                0x23004c1c                BMX_ERR_IRQHandler
                0x23004c1c                SEC_PKA_IRQHandler
                0x23004c1c                TIMER_CH1_IRQHandler
                0x23004c1c                clic_msip_handler
                0x23004c1c                I2C_IRQHandler
                0x23004c1c                SEC_TRNG_IRQHandler
                0x23004c1c                GPIO_INT0_IRQHandler
                0x23004c1c                IRRX_IRQHandler
                0x23004c1c                L1C_BMX_ERR_IRQHandler
                0x23004c1c                BMX_TO_IRQHandler
                0x23004c1c                SEC_CDET_IRQHandler
                0x23004c1c                WIFI_IRQHandler
                0x23004c1c                clic_mtimer_handler
                0x23004c1c                PDS_WAKEUP_IRQHandler
                0x23004c1c                GPADC_DMA_IRQHandler
                0x23004c1c                BLE_IRQHandler
                0x23004c1c                PWM_IRQHandler
                0x23004c1c                MAC_TX_TRG_IRQHandler
                0x23004c1c                clic_mext_handler
                0x23004c1c                RF_TOP_INT1_IRQHandler
                0x23004c1c                SEC_AES_IRQHandler
                0x23004c1c                SEC_SHA_IRQHandler
                0x23004c1c                Default_Handler_Stub
 .text.cmd_blog_info_dump
                0x23004cc4      0x16e /home/shivani/bl602_iot_sdk/customer_app/suas_app_freertos_watchdog/build_out/blog/libblog.a(blog.o)
                0x23004cc4                cmd_blog_info_dump
 .text.cmd_blog_set_level
                0x23004e32      0x198 /home/shivani/bl602_iot_sdk/customer_app/suas_app_freertos_watchdog/build_out/blog/libblog.a(blog.o)
                0x23004e32                cmd_blog_set_level
 .text.blog_init
                0x23004fca       0x7a /home/shivani/bl602_iot_sdk/customer_app/suas_app_freertos_watchdog/build_out/blog/libblog.a(blog.o)
                0x23004fca                blog_init
 .text.bl_sys_time_sync_state
                0x23005044       0x64 /home/shivani/bl602_iot_sdk/customer_app/suas_app_freertos_watchdog/build_out/bltime/libbltime.a(bl_sys_time.o)
                0x23005044                bl_sys_time_sync_state
 .text.misaligned_load_trap
                0x230050a8      0x15a /home/shivani/bl602_iot_sdk/customer_app/suas_app_freertos_watchdog/build_out/freertos/libfreertos.a(misaligned_ldst.o)
                0x230050a8                misaligned_load_trap
 .text.misaligned_store_trap
                0x23005202      0x14a /home/shivani/bl602_iot_sdk/customer_app/suas_app_freertos_watchdog/build_out/freertos/libfreertos.a(misaligned_ldst.o)
                0x23005202                misaligned_store_trap
 .text          0x2300534c      0x200 /home/shivani/bl602_iot_sdk/customer_app/suas_app_freertos_watchdog/build_out/freertos/libfreertos.a(fp_asm.o)
                0x2300534c                get_f32_reg
                0x2300544c                put_f32_reg
 .text.backtrace_riscv
                0x2300554c        0x4 /home/shivani/bl602_iot_sdk/customer_app/suas_app_freertos_watchdog/build_out/freertos/libfreertos.a(panic_c.o)
                0x2300554c                backtrace_riscv
                0x2300554c                backtrace_now
 .text.bl_printk
                0x23005550       0x2a /home/shivani/bl602_iot_sdk/customer_app/suas_app_freertos_watchdog/build_out/utils/libutils.a(utils_log.o)
                0x23005550                bl_printk
 .text.modf     0x2300557a       0xf4 /home/shivani/bl602_iot_sdk/toolchain/compiler/bin/../lib/gcc/riscv32-unknown-elf/15.1.0/../../../../riscv32-unknown-elf/lib/libm.a(libm_a-s_modf.o)
                0x2300557a                modf
 .text.__fpclassifyd
                0x2300566e       0x4c /home/shivani/bl602_iot_sdk/toolchain/compiler/bin/../lib/gcc/riscv32-unknown-elf/15.1.0/../../../../riscv32-unknown-elf/lib/libm.a(libm_a-s_fpclassify.o)
                0x2300566e                __fpclassifyd
 .text          0x230056ba       0x3c /home/shivani/bl602_iot_sdk/toolchain/compiler/bin/../lib/gcc/riscv32-unknown-elf/15.1.0/libgcc.a(_clzsi2.o)
                0x230056ba                __clzsi2
 .text          0x230056f6      0x30a /home/shivani/bl602_iot_sdk/toolchain/compiler/bin/../lib/gcc/riscv32-unknown-elf/15.1.0/libgcc.a(_udivdi3.o)
                0x230056f6                __udivdi3
 .text          0x23005a00      0x352 /home/shivani/bl602_iot_sdk/toolchain/compiler/bin/../lib/gcc/riscv32-unknown-elf/15.1.0/libgcc.a(_umoddi3.o)
                0x23005a00                __umoddi3
 .text          0x23005d52      0x848 /home/shivani/bl602_iot_sdk/toolchain/compiler/bin/../lib/gcc/riscv32-unknown-elf/15.1.0/libgcc.a(adddf3.o)
                0x23005d52                __adddf3
 .text          0x2300659a      0x65c /home/shivani/bl602_iot_sdk/toolchain/compiler/bin/../lib/gcc/riscv32-unknown-elf/15.1.0/libgcc.a(divdf3.o)
                0x2300659a                __divdf3
 .text          0x23006bf6       0x96 /home/shivani/bl602_iot_sdk/toolchain/compiler/bin/../lib/gcc/riscv32-unknown-elf/15.1.0/libgcc.a(eqdf2.o)
                0x23006bf6                __eqdf2
                0x23006bf6                __nedf2
 .text          0x23006c8c       0xb8 /home/shivani/bl602_iot_sdk/toolchain/compiler/bin/../lib/gcc/riscv32-unknown-elf/15.1.0/libgcc.a(gedf2.o)
                0x23006c8c                __gtdf2
                0x23006c8c                __gedf2
 .text          0x23006d44       0xb8 /home/shivani/bl602_iot_sdk/toolchain/compiler/bin/../lib/gcc/riscv32-unknown-elf/15.1.0/libgcc.a(ledf2.o)
                0x23006d44                __ltdf2
                0x23006d44                __ledf2
 .text          0x23006dfc      0x586 /home/shivani/bl602_iot_sdk/toolchain/compiler/bin/../lib/gcc/riscv32-unknown-elf/15.1.0/libgcc.a(muldf3.o)
                0x23006dfc                __muldf3
 .text          0x23007382      0x85a /home/shivani/bl602_iot_sdk/toolchain/compiler/bin/../lib/gcc/riscv32-unknown-elf/15.1.0/libgcc.a(subdf3.o)
                0x23007382                __subdf3
 .text          0x23007bdc       0xba /home/shivani/bl602_iot_sdk/toolchain/compiler/bin/../lib/gcc/riscv32-unknown-elf/15.1.0/libgcc.a(fixdfsi.o)
                0x23007bdc                __fixdfsi
 .text.__sflush_r
                0x23007c96      0x19a /home/shivani/bl602_iot_sdk/toolchain/compiler/bin/../lib/gcc/riscv32-unknown-elf/15.1.0/../../../../riscv32-unknown-elf/lib/libc.a(libc_a-fflush.o)
                0x23007c96                __sflush_r
 .text._fflush_r
                0x23007e30       0x3e /home/shivani/bl602_iot_sdk/toolchain/compiler/bin/../lib/gcc/riscv32-unknown-elf/15.1.0/../../../../riscv32-unknown-elf/lib/libc.a(libc_a-fflush.o)
                0x23007e30                _fflush_r
 .text.fflush   0x23007e6e       0x56 /home/shivani/bl602_iot_sdk/toolchain/compiler/bin/../lib/gcc/riscv32-unknown-elf/15.1.0/../../../../riscv32-unknown-elf/lib/libc.a(libc_a-fflush.o)
                0x23007e6e                fflush
 .text.stdio_exit_handler
                0x23007ec4       0x12 /home/shivani/bl602_iot_sdk/toolchain/compiler/bin/../lib/gcc/riscv32-unknown-elf/15.1.0/../../../../riscv32-unknown-elf/lib/libc.a(libc_a-findfp.o)
 .text.cleanup_stdio
                0x23007ed6       0x50 /home/shivani/bl602_iot_sdk/toolchain/compiler/bin/../lib/gcc/riscv32-unknown-elf/15.1.0/../../../../riscv32-unknown-elf/lib/libc.a(libc_a-findfp.o)
 .text.global_stdio_init.part.0
                0x23007f26      0x136 /home/shivani/bl602_iot_sdk/toolchain/compiler/bin/../lib/gcc/riscv32-unknown-elf/15.1.0/../../../../riscv32-unknown-elf/lib/libc.a(libc_a-findfp.o)
 .text.__sinit  0x2300805c       0x1e /home/shivani/bl602_iot_sdk/toolchain/compiler/bin/../lib/gcc/riscv32-unknown-elf/15.1.0/../../../../riscv32-unknown-elf/lib/libc.a(libc_a-findfp.o)
                0x2300805c                __sinit
 .text.__sfp_lock_acquire
                0x2300807a        0x2 /home/shivani/bl602_iot_sdk/toolchain/compiler/bin/../lib/gcc/riscv32-unknown-elf/15.1.0/../../../../riscv32-unknown-elf/lib/libc.a(libc_a-findfp.o)
                0x2300807a                __sfp_lock_acquire
 .text.__sfp_lock_release
                0x2300807c        0x2 /home/shivani/bl602_iot_sdk/toolchain/compiler/bin/../lib/gcc/riscv32-unknown-elf/15.1.0/../../../../riscv32-unknown-elf/lib/libc.a(libc_a-findfp.o)
                0x2300807c                __sfp_lock_release
 .text._fwalk_sglue
                0x2300807e       0x72 /home/shivani/bl602_iot_sdk/toolchain/compiler/bin/../lib/gcc/riscv32-unknown-elf/15.1.0/../../../../riscv32-unknown-elf/lib/libc.a(libc_a-fwalk.o)
                0x2300807e                _fwalk_sglue
 .text.__sread  0x230080f0       0x36 /home/shivani/bl602_iot_sdk/toolchain/compiler/bin/../lib/gcc/riscv32-unknown-elf/15.1.0/../../../../riscv32-unknown-elf/lib/libc.a(libc_a-stdio.o)
                0x230080f0                __sread
 .text.__swrite
                0x23008126       0x50 /home/shivani/bl602_iot_sdk/toolchain/compiler/bin/../lib/gcc/riscv32-unknown-elf/15.1.0/../../../../riscv32-unknown-elf/lib/libc.a(libc_a-stdio.o)
                0x23008126                __swrite
 .text.__sseek  0x23008176       0x40 /home/shivani/bl602_iot_sdk/toolchain/compiler/bin/../lib/gcc/riscv32-unknown-elf/15.1.0/../../../../riscv32-unknown-elf/lib/libc.a(libc_a-stdio.o)
                0x23008176                __sseek
 .text.__sclose
                0x230081b6        0x6 /home/shivani/bl602_iot_sdk/toolchain/compiler/bin/../lib/gcc/riscv32-unknown-elf/15.1.0/../../../../riscv32-unknown-elf/lib/libc.a(libc_a-stdio.o)
                0x230081b6                __sclose
 .text.strnlen  0x230081bc       0x20 /home/shivani/bl602_iot_sdk/toolchain/compiler/bin/../lib/gcc/riscv32-unknown-elf/15.1.0/../../../../riscv32-unknown-elf/lib/libc.a(libc_a-strnlen.o)
                0x230081bc                strnlen
 .text.critical_factorization
                0x230081dc       0xce /home/shivani/bl602_iot_sdk/toolchain/compiler/bin/../lib/gcc/riscv32-unknown-elf/15.1.0/../../../../riscv32-unknown-elf/lib/libc.a(libc_a-strstr.o)
 .text.two_way_long_needle
                0x230082aa      0x26c /home/shivani/bl602_iot_sdk/toolchain/compiler/bin/../lib/gcc/riscv32-unknown-elf/15.1.0/../../../../riscv32-unknown-elf/lib/libc.a(libc_a-strstr.o)
 .text.strstr   0x23008516      0x1c6 /home/shivani/bl602_iot_sdk/toolchain/compiler/bin/../lib/gcc/riscv32-unknown-elf/15.1.0/../../../../riscv32-unknown-elf/lib/libc.a(libc_a-strstr.o)
                0x23008516                strstr
 .text._close_r
                0x230086dc       0x3a /home/shivani/bl602_iot_sdk/toolchain/compiler/bin/../lib/gcc/riscv32-unknown-elf/15.1.0/../../../../riscv32-unknown-elf/lib/libc.a(libc_a-closer.o)
                0x230086dc                _close_r
 .text._lseek_r
                0x23008716       0x40 /home/shivani/bl602_iot_sdk/toolchain/compiler/bin/../lib/gcc/riscv32-unknown-elf/15.1.0/../../../../riscv32-unknown-elf/lib/libc.a(libc_a-lseekr.o)
                0x23008716                _lseek_r
 .text._read_r  0x23008756       0x40 /home/shivani/bl602_iot_sdk/toolchain/compiler/bin/../lib/gcc/riscv32-unknown-elf/15.1.0/../../../../riscv32-unknown-elf/lib/libc.a(libc_a-readr.o)
                0x23008756                _read_r
 .text._write_r
                0x23008796       0x40 /home/shivani/bl602_iot_sdk/toolchain/compiler/bin/../lib/gcc/riscv32-unknown-elf/15.1.0/../../../../riscv32-unknown-elf/lib/libc.a(libc_a-writer.o)
                0x23008796                _write_r
 .text          0x230087d6       0xa8 /home/shivani/bl602_iot_sdk/toolchain/compiler/bin/../lib/gcc/riscv32-unknown-elf/15.1.0/../../../../riscv32-unknown-elf/lib/libc.a(libc_a-memset.o)
                0x230087d6                memset
 .text.memcpy   0x2300887e       0xe8 /home/shivani/bl602_iot_sdk/toolchain/compiler/bin/../lib/gcc/riscv32-unknown-elf/15.1.0/../../../../riscv32-unknown-elf/lib/libc.a(libc_a-memcpy.o)
                0x2300887e                memcpy
 .text.strlen   0x23008966       0x64 /home/shivani/bl602_iot_sdk/toolchain/compiler/bin/../lib/gcc/riscv32-unknown-elf/15.1.0/../../../../riscv32-unknown-elf/lib/libc.a(libc_a-strlen.o)
                0x23008966                strlen
 .text.strcpy   0x230089ca       0x76 /home/shivani/bl602_iot_sdk/toolchain/compiler/bin/../lib/gcc/riscv32-unknown-elf/15.1.0/../../../../riscv32-unknown-elf/lib/libc.a(libc_a-strcpy.o)
                0x230089ca                strcpy
 .text          0x23008a40      0x11e /home/shivani/bl602_iot_sdk/toolchain/compiler/bin/../lib/gcc/riscv32-unknown-elf/15.1.0/../../../../riscv32-unknown-elf/lib/libc.a(libc_a-strcmp.o)
                0x23008a40                strcmp
 .text._malloc_trim_r
                0x23008b5e       0xc8 /home/shivani/bl602_iot_sdk/toolchain/compiler/bin/../lib/gcc/riscv32-unknown-elf/15.1.0/../../../../riscv32-unknown-elf/lib/libc.a(libc_a-freer.o)
                0x23008b5e                _malloc_trim_r
 .text._free_r  0x23008c26      0x22a /home/shivani/bl602_iot_sdk/toolchain/compiler/bin/../lib/gcc/riscv32-unknown-elf/15.1.0/../../../../riscv32-unknown-elf/lib/libc.a(libc_a-freer.o)
                0x23008c26                _free_r
 .text.__malloc_lock
                0x23008e50        0x2 /home/shivani/bl602_iot_sdk/toolchain/compiler/bin/../lib/gcc/riscv32-unknown-elf/15.1.0/../../../../riscv32-unknown-elf/lib/libc.a(libc_a-mlock.o)
                0x23008e50                __malloc_lock
 .text.__malloc_unlock
                0x23008e52        0x2 /home/shivani/bl602_iot_sdk/toolchain/compiler/bin/../lib/gcc/riscv32-unknown-elf/15.1.0/../../../../riscv32-unknown-elf/lib/libc.a(libc_a-mlock.o)
                0x23008e52                __malloc_unlock
 .text._fclose_r
                0x23008e54       0xa8 /home/shivani/bl602_iot_sdk/toolchain/compiler/bin/../lib/gcc/riscv32-unknown-elf/15.1.0/../../../../riscv32-unknown-elf/lib/libc.a(libc_a-fclose.o)
                0x23008e54                _fclose_r
 .text.memcmp   0x23008efc       0x48 /home/shivani/bl602_iot_sdk/toolchain/compiler/bin/../lib/gcc/riscv32-unknown-elf/15.1.0/../../../../riscv32-unknown-elf/lib/libc.a(libc_a-memcmp.o)
                0x23008efc                memcmp
 .text.strchr   0x23008f44       0xee /home/shivani/bl602_iot_sdk/toolchain/compiler/bin/../lib/gcc/riscv32-unknown-elf/15.1.0/../../../../riscv32-unknown-elf/lib/libc.a(libc_a-strchr.o)
                0x23008f44                strchr
 .text._sbrk_r  0x23009032       0x38 /home/shivani/bl602_iot_sdk/toolchain/compiler/bin/../lib/gcc/riscv32-unknown-elf/15.1.0/../../../../riscv32-unknown-elf/lib/libc.a(libc_a-sbrkr.o)
                0x23009032                _sbrk_r
 .text._close   0x2300906a       0x28 /home/shivani/bl602_iot_sdk/toolchain/compiler/bin/../lib/gcc/riscv32-unknown-elf/15.1.0/../../../../riscv32-unknown-elf/lib/libgloss.a(riscv_libgloss_a-sys_close.o)
                0x2300906a                _close
 .text._lseek   0x23009092       0x28 /home/shivani/bl602_iot_sdk/toolchain/compiler/bin/../lib/gcc/riscv32-unknown-elf/15.1.0/../../../../riscv32-unknown-elf/lib/libgloss.a(riscv_libgloss_a-sys_lseek.o)
                0x23009092                _lseek
 .text._read    0x230090ba       0x28 /home/shivani/bl602_iot_sdk/toolchain/compiler/bin/../lib/gcc/riscv32-unknown-elf/15.1.0/../../../../riscv32-unknown-elf/lib/libgloss.a(riscv_libgloss_a-sys_read.o)
                0x230090ba                _read
 .text._sbrk    0x230090e2       0x56 /home/shivani/bl602_iot_sdk/toolchain/compiler/bin/../lib/gcc/riscv32-unknown-elf/15.1.0/../../../../riscv32-unknown-elf/lib/libgloss.a(riscv_libgloss_a-sys_sbrk.o)
                0x230090e2                _sbrk
 .text._write   0x23009138       0x28 /home/shivani/bl602_iot_sdk/toolchain/compiler/bin/../lib/gcc/riscv32-unknown-elf/15.1.0/../../../../riscv32-unknown-elf/lib/libgloss.a(riscv_libgloss_a-sys_write.o)
                0x23009138                _write
 .text.__errno  0x23009160        0xa /home/shivani/bl602_iot_sdk/toolchain/compiler/bin/../lib/gcc/riscv32-unknown-elf/15.1.0/../../../../riscv32-unknown-elf/lib/libc.a(libc_a-errno.o)
                0x23009160                __errno
 *(.gnu.linkonce.t.*)

.rodata         0x2300916c      0xab0
 *(.rdata)
 *(.rodata .rodata.*)
 .rodata.hal_boot2_partition_bus_addr.str1.4
                0x2300916c      0x65f /home/shivani/bl602_iot_sdk/customer_app/suas_app_freertos_watchdog/build_out/hal_drv/libhal_drv.a(hal_boot2.o)
                                  0x3 (size before relaxing)
 .rodata._Z8task_onePv.str1.4
                0x230097cb        0x0 /home/shivani/bl602_iot_sdk/customer_app/suas_app_freertos_watchdog/build_out/suas_app_freertos_watchdog/libsuas_app_freertos_watchdog.a(main.o)
                                 0x16 (size before relaxing)
 .rodata._Z8task_twoPv.str1.4
                0x230097cb        0x0 /home/shivani/bl602_iot_sdk/customer_app/suas_app_freertos_watchdog/build_out/suas_app_freertos_watchdog/libsuas_app_freertos_watchdog.a(main.o)
                                 0x16 (size before relaxing)
 .rodata._Z10task_threePv.str1.4
                0x230097cb        0x0 /home/shivani/bl602_iot_sdk/customer_app/suas_app_freertos_watchdog/build_out/suas_app_freertos_watchdog/libsuas_app_freertos_watchdog.a(main.o)
                                 0x3b (size before relaxing)
 .rodata._Z16event_dispatcherPv.str1.4
                0x230097cb        0x0 /home/shivani/bl602_iot_sdk/customer_app/suas_app_freertos_watchdog/build_out/suas_app_freertos_watchdog/libsuas_app_freertos_watchdog.a(main.o)
                                  0x4 (size before relaxing)
 .rodata.bfl_main.str1.4
                0x230097cb        0x0 /home/shivani/bl602_iot_sdk/customer_app/suas_app_freertos_watchdog/build_out/suas_app_freertos_watchdog/libsuas_app_freertos_watchdog.a(main.o)
                                 0x23 (size before relaxing)
 .rodata.print_task.str1.4
                0x230097cb        0x0 /home/shivani/bl602_iot_sdk/customer_app/suas_app_freertos_watchdog/build_out/suas_app_freertos_watchdog/libsuas_app_freertos_watchdog.a(safe_print.o)
                                  0x4 (size before relaxing)
 .rodata.safe_print_init.str1.4
                0x230097cb        0x0 /home/shivani/bl602_iot_sdk/customer_app/suas_app_freertos_watchdog/build_out/suas_app_freertos_watchdog/libsuas_app_freertos_watchdog.a(safe_print.o)
                                  0xb (size before relaxing)
 .rodata._ZL21watchdog_monitor_taskPv.str1.4
                0x230097cb        0x0 /home/shivani/bl602_iot_sdk/customer_app/suas_app_freertos_watchdog/build_out/suas_app_freertos_watchdog/libsuas_app_freertos_watchdog.a(watchdog.o)
                                 0x55 (size before relaxing)
 .rodata._Z13watchdog_initmm.str1.4
                0x230097cb        0x0 /home/shivani/bl602_iot_sdk/customer_app/suas_app_freertos_watchdog/build_out/suas_app_freertos_watchdog/libsuas_app_freertos_watchdog.a(watchdog.o)
                                 0x11 (size before relaxing)
 .rodata.vsnprintf.str1.4
                0x230097cb        0x0 /home/shivani/bl602_iot_sdk/customer_app/suas_app_freertos_watchdog/build_out/bl602/libbl602.a(debug.o)
                                  0x7 (size before relaxing)
 *fill*         0x230097cb        0x1 
 .rodata.vsnprintf
                0x230097cc      0x1f4 /home/shivani/bl602_iot_sdk/customer_app/suas_app_freertos_watchdog/build_out/bl602/libbl602.a(debug.o)
 .rodata.lcdigits.0
                0x230099c0       0x11 /home/shivani/bl602_iot_sdk/customer_app/suas_app_freertos_watchdog/build_out/bl602/libbl602.a(debug.o)
 *fill*         0x230099d1        0x3 
 .rodata.ucdigits.1
                0x230099d4       0x11 /home/shivani/bl602_iot_sdk/customer_app/suas_app_freertos_watchdog/build_out/bl602/libbl602.a(debug.o)
 .rodata.vTaskStartScheduler.str1.4
                0x230099e5        0x0 /home/shivani/bl602_iot_sdk/customer_app/suas_app_freertos_watchdog/build_out/freertos/libfreertos.a(tasks.o)
                                  0x5 (size before relaxing)
 .rodata.prvCheckForValidListAndQueue.str1.4
                0x230099e5        0x0 /home/shivani/bl602_iot_sdk/customer_app/suas_app_freertos_watchdog/build_out/freertos/libfreertos.a(timers.o)
                                  0x5 (size before relaxing)
 .rodata.xTimerCreateTimerTask.str1.4
                0x230099e5        0x0 /home/shivani/bl602_iot_sdk/customer_app/suas_app_freertos_watchdog/build_out/freertos/libfreertos.a(timers.o)
                                  0x8 (size before relaxing)
 *fill*         0x230099e5        0x3 
 .rodata.prvTimerTask
                0x230099e8       0x28 /home/shivani/bl602_iot_sdk/customer_app/suas_app_freertos_watchdog/build_out/freertos/libfreertos.a(timers.o)
 .rodata.vInitializeBL602.str1.4
                0x23009a10        0x0 /home/shivani/bl602_iot_sdk/customer_app/suas_app_freertos_watchdog/build_out/freertos/libfreertos.a(bl602_port.o)
                                 0x17 (size before relaxing)
 .rodata.vApplicationMallocFailedHook.str1.4
                0x23009a10        0x0 /home/shivani/bl602_iot_sdk/customer_app/suas_app_freertos_watchdog/build_out/freertos/libfreertos.a(bl602_port.o)
                                 0x39 (size before relaxing)
 .rodata.vApplicationStackOverflowHook.str1.4
                0x23009a10        0x0 /home/shivani/bl602_iot_sdk/customer_app/suas_app_freertos_watchdog/build_out/freertos/libfreertos.a(bl602_port.o)
                                 0x25 (size before relaxing)
 .rodata.__func__.5
                0x23009a10       0x1e /home/shivani/bl602_iot_sdk/customer_app/suas_app_freertos_watchdog/build_out/freertos/libfreertos.a(bl602_port.o)
 *fill*         0x23009a2e        0x2 
 .rodata.__func__.4
                0x23009a30       0x1d /home/shivani/bl602_iot_sdk/customer_app/suas_app_freertos_watchdog/build_out/freertos/libfreertos.a(bl602_port.o)
 *fill*         0x23009a4d        0x3 
 .rodata        0x23009a50       0x20 /home/shivani/bl602_iot_sdk/customer_app/suas_app_freertos_watchdog/build_out/hal_drv/libhal_drv.a(bl_uart.o)
 .rodata.interrupt_entry.str1.4
                0x23009a70        0x0 /home/shivani/bl602_iot_sdk/customer_app/suas_app_freertos_watchdog/build_out/hal_drv/libhal_drv.a(bl_irq.o)
                                 0x40 (size before relaxing)
 .rodata.exception_entry.str1.4
                0x23009a70        0x0 /home/shivani/bl602_iot_sdk/customer_app/suas_app_freertos_watchdog/build_out/hal_drv/libhal_drv.a(bl_irq.o)
                                0x26c (size before relaxing)
 .rodata.exception_entry
                0x23009a70       0x40 /home/shivani/bl602_iot_sdk/customer_app/suas_app_freertos_watchdog/build_out/hal_drv/libhal_drv.a(bl_irq.o)
 .rodata.bl_irq_init.str1.4
                0x23009ab0        0x0 /home/shivani/bl602_iot_sdk/customer_app/suas_app_freertos_watchdog/build_out/hal_drv/libhal_drv.a(bl_irq.o)
                                 0x34 (size before relaxing)
 .rodata.sec_trng_IRQHandler.str1.4
                0x23009ab0        0x0 /home/shivani/bl602_iot_sdk/customer_app/suas_app_freertos_watchdog/build_out/hal_drv/libhal_drv.a(bl_sec.o)
                                 0x1a (size before relaxing)
 .rodata.hal_board_cfg.str1.4
                0x23009ab0        0x0 /home/shivani/bl602_iot_sdk/customer_app/suas_app_freertos_watchdog/build_out/hal_drv/libhal_drv.a(hal_board.o)
                                  0x8 (size before relaxing)
 .rodata.Default_Handler.str1.4
                0x23009ab0        0x0 /home/shivani/bl602_iot_sdk/customer_app/suas_app_freertos_watchdog/build_out/bl602_std/libbl602_std.a(bl602_common.o)
                                 0x12 (size before relaxing)
 .rodata.cmd_blog_info_dump.str1.4
                0x23009ab0        0x0 /home/shivani/bl602_iot_sdk/customer_app/suas_app_freertos_watchdog/build_out/blog/libblog.a(blog.o)
                                 0x6d (size before relaxing)
 .rodata.cmd_blog_set_level.str1.4
                0x23009ab0        0x0 /home/shivani/bl602_iot_sdk/customer_app/suas_app_freertos_watchdog/build_out/blog/libblog.a(blog.o)
                                 0xc4 (size before relaxing)
 .rodata.blog_init.str1.4
                0x23009ab0        0x0 /home/shivani/bl602_iot_sdk/customer_app/suas_app_freertos_watchdog/build_out/blog/libblog.a(blog.o)
                                 0x2d (size before relaxing)
 .rodata.CSWTCH.24
                0x23009ab0        0xc /home/shivani/bl602_iot_sdk/customer_app/suas_app_freertos_watchdog/build_out/blog/libblog.a(blog.o)
 .rodata.CSWTCH.23
                0x23009abc        0xc /home/shivani/bl602_iot_sdk/customer_app/suas_app_freertos_watchdog/build_out/blog/libblog.a(blog.o)
 .rodata.str1.4
                0x23009ac8        0x0 /home/shivani/bl602_iot_sdk/customer_app/suas_app_freertos_watchdog/build_out/blog/libblog.a(blog.o)
                                 0x37 (size before relaxing)
 .rodata        0x23009ac8       0x3c /home/shivani/bl602_iot_sdk/toolchain/compiler/bin/../lib/gcc/riscv32-unknown-elf/15.1.0/libgcc.a(divdf3.o)
 .rodata        0x23009b04      0x100 /home/shivani/bl602_iot_sdk/toolchain/compiler/bin/../lib/gcc/riscv32-unknown-elf/15.1.0/libgcc.a(_clz.o)
                0x23009b04                __clz_tab
 *(.sdata2.*)
                0x23009c04                        . = ALIGN (0x4)
                0x23009c04                        _bl_static_cli_cmds_start = .
 *(.static_cli_cmds)
 .static_cli_cmds
                0x23009c04       0x18 /home/shivani/bl602_iot_sdk/customer_app/suas_app_freertos_watchdog/build_out/blog/libblog.a(blog.o)
 *(.static_cli_cmds)
                0x23009c1c                        _bl_static_cli_cmds_end = .
                0x23009c1c                        . = ALIGN (0x4)
                0x23009c1c                        _bl_static_fw_cfg_entry_start = .
 *(.wifi.cfg.entry)
                0x23009c1c                        _bl_static_fw_cfg_entry_end = .
                0x23009c1c                        . = ALIGN (0x4)
                0x23009c1c                        _bl_static_blogcomponent_code_start = .
 SORT_BY_NAME(*)(.static_blogcomponent_code*)
 *(.static_blogcomponent_code*)
                0x23009c1c                        _bl_static_blogcomponent_code_end = .
                0x23009c1c                        . = ALIGN (0x4)
                0x23009c1c                        _bl_static_blogfile_code_start = .
 SORT_BY_NAME(*)(.static_blogfile_code*)
 *(.static_blogfile_code*)
                0x23009c1c                        _bl_static_blogfile_code_end = .
                0x23009c1c                        . = ALIGN (0x4)
                0x23009c1c                        _bl_static_blogpri_code_start = .
 SORT_BY_NAME(*)(.static_blogpri_code*)
 *(.static_blogpri_code*)
                0x23009c1c                        _bl_static_blogpri_code_end = .
 *(.gnu.linkonce.r.*)
                0x23009c1c                        . = ALIGN (0x4)
                0x23009c1c                        _rom_framework_audio_device_start = .
 *(.framework.audio_device)
                0x23009c1c                        _rom_framework_audio_device_end = .

.rela.dyn       0x23009c1c        0x0
 .rela.init     0x23009c1c        0x0 /home/shivani/bl602_iot_sdk/customer_app/suas_app_freertos_watchdog/build_out/bl602/libbl602.a(start.o)
 .rela.text.hal_boot2_get_flash_addr
                0x23009c1c        0x0 /home/shivani/bl602_iot_sdk/customer_app/suas_app_freertos_watchdog/build_out/bl602/libbl602.a(start.o)
 .rela.text.xPortStartScheduler
                0x23009c1c        0x0 /home/shivani/bl602_iot_sdk/customer_app/suas_app_freertos_watchdog/build_out/bl602/libbl602.a(start.o)
 .rela.srodata.xISRStackTop
                0x23009c1c        0x0 /home/shivani/bl602_iot_sdk/customer_app/suas_app_freertos_watchdog/build_out/bl602/libbl602.a(start.o)
 .rela.data.xHeapRegions
                0x23009c1c        0x0 /home/shivani/bl602_iot_sdk/customer_app/suas_app_freertos_watchdog/build_out/bl602/libbl602.a(start.o)
 .rela.text.bl_sys_em_config
                0x23009c1c        0x0 /home/shivani/bl602_iot_sdk/customer_app/suas_app_freertos_watchdog/build_out/bl602/libbl602.a(start.o)
 .rela.text.cmd_blog_info_dump
                0x23009c1c        0x0 /home/shivani/bl602_iot_sdk/customer_app/suas_app_freertos_watchdog/build_out/bl602/libbl602.a(start.o)
 .rela.text.blog_init
                0x23009c1c        0x0 /home/shivani/bl602_iot_sdk/customer_app/suas_app_freertos_watchdog/build_out/bl602/libbl602.a(start.o)
 .rela.rodata.CSWTCH.24
                0x23009c1c        0x0 /home/shivani/bl602_iot_sdk/customer_app/suas_app_freertos_watchdog/build_out/bl602/libbl602.a(start.o)
 .rela.rodata.CSWTCH.23
                0x23009c1c        0x0 /home/shivani/bl602_iot_sdk/customer_app/suas_app_freertos_watchdog/build_out/bl602/libbl602.a(start.o)

.preinit_array  0x23009c1c        0x0
                0x23009c1c                        . = ALIGN (0x4)
                0x23009c1c                        __preinit_array_start = .
 *(.preinit_array)
                0x23009c1c                        __preinit_array_end = .

.init_array     0x23009c1c        0x0
                0x23009c1c                        . = ALIGN (0x4)
                0x23009c1c                        __init_array_start = .
 *(SORT_BY_INIT_PRIORITY(.init_array.*))
 *(.init_array)
                0x23009c1c                        __init_array_end = .

.wifibss        0x42042000        0x0
                0x42042000                        PROVIDE (__wifi_bss_start = ADDR (.wifibss))
                0x42042000                        PROVIDE (__wifi_bss_end = (ADDR (.wifibss) + SIZEOF (.wifibss)))
 *ipc_shared.o(COMMON)
 *sdu_shared.o(COMMON)
 *hal_desc.o(COMMON)
 *txl_buffer_shared.o(COMMON)
 *txl_frame_shared.o(COMMON)
 *scan_shared.o(COMMON)
 *scanu_shared.o(COMMON)
 *mfp_bip.o(COMMON)
 *me_mic.o(COMMON)
 *bl_sta_mgmt_others.o(COMMON)
 *bl_pmk_mgmt.o(COMMON)
 *bl_pmk_mgmt_internal.o(COMMON)
 *libwifi_drv.a:bl_utils.o(COMMON)
 *libwifi_drv.a:bl_utils.o(.bss*)
 *(.wifi_ram*)
                0x42042000                        . = ALIGN (0x10)
                0x42042000                        PROVIDE (_heap_wifi_start = .)
                0x0000a000                        PROVIDE (_heap_wifi_size = ((ORIGIN (ram_wifi) + LENGTH (ram_wifi)) - _heap_wifi_start))

.romdata        0x4200c000      0x498 load address 0x23009c1c
                [!provide]                        PROVIDE (__global_pointer_head$ = .)
                0x4200c7f0                        PROVIDE (__global_pointer$ = (. + 0x7f0))
                0x4200c498                        . = (. + 0x498)
 *fill*         0x4200c000      0x498 

.data           0x4200c498      0xc50 load address 0x23009c1c
                0x23009c1c                        PROVIDE (_data_load = LOADADDR (.data))
                0x4200c498                        PROVIDE (_data_run = ADDR (.data))
                0x4200d0e8                        PROVIDE (_data_run_end = (ADDR (.data) + SIZEOF (.data)))
 *(.tcm_code)
 .tcm_code      0x4200c498      0x550 /home/shivani/bl602_iot_sdk/customer_app/suas_app_freertos_watchdog/build_out/bl602_std/libbl602_std.a(bl602_romapi.o)
                0x4200c498                AON_Power_On_BG
                0x4200c4a2                AON_Power_Off_BG
                0x4200c4ac                AON_Power_On_LDO11_SOC
                0x4200c4b6                AON_Power_Off_LDO11_SOC
                0x4200c4c0                AON_Power_On_LDO15_RF
                0x4200c4ca                AON_Power_Off_LDO15_RF
                0x4200c4d4                AON_Power_On_SFReg
                0x4200c4de                AON_Power_Off_SFReg
                0x4200c4e8                AON_LowPower_Enter_PDS0
                0x4200c4f2                AON_LowPower_Exit_PDS0
                0x4200c4fc                ASM_Delay_Us
                0x4200c506                BL602_Delay_US
                0x4200c510                BL602_Delay_MS
                0x4200c51a                BL602_MemCpy
                0x4200c524                BL602_MemCpy4
                0x4200c52e                BL602_MemCpy_Fast
                0x4200c538                BL602_MemSet
                0x4200c542                BL602_MemSet4
                0x4200c54c                BL602_MemCmp
                0x4200c556                EF_Ctrl_Sw_AHB_Clk_0
                0x4200c560                EF_Ctrl_Program_Efuse_0
                0x4200c56a                EF_Ctrl_Load_Efuse_R0
                0x4200c574                EF_Ctrl_Busy
                0x4200c57e                EF_Ctrl_AutoLoad_Done
                0x4200c588                EF_Ctrl_Clear
                0x4200c592                GLB_SW_System_Reset
                0x4200c59c                GLB_SW_CPU_Reset
                0x4200c5a6                GLB_SW_POR_Reset
                0x4200c5b0                GLB_Select_Internal_Flash
                0x4200c5ba                GLB_Select_External_Flash
                0x4200c5c4                GLB_Deswap_Flash_Pin
                0x4200c5ce                GLB_Swap_Flash_Pin
                0x4200c5d8                GLB_GPIO_Init
                0x4200c5e2                GLB_GPIO_OUTPUT_Enable
                0x4200c5ec                GLB_GPIO_OUTPUT_Disable
                0x4200c5f6                GLB_GPIO_Set_HZ
                0x4200c600                GLB_GPIO_Get_Fun
                0x4200c60a                HBN_Mode_Enter
                0x4200c614                HBN_Power_Down_Flash
                0x4200c61e                HBN_Enable
                0x4200c628                HBN_Reset
                0x4200c632                HBN_Set_Ldo11_Aon_Vout
                0x4200c63c                HBN_Set_Ldo11_Rt_Vout
                0x4200c646                HBN_Set_Ldo11_Soc_Vout
                0x4200c650                HBN_Hw_Pu_Pd_Cfg
                0x4200c65a                HBN_Pin_WakeUp_Mask
                0x4200c664                HBN_GPIO7_Dbg_Pull_Cfg
                0x4200c66e                HBN_Set_Embedded_Flash_Pullup
                0x4200c678                L1C_Set_Wrap
                0x4200c682                L1C_Set_Way_Disable
                0x4200c68c                L1C_IROM_2T_Access_Set
                0x4200c696                PDS_Reset
                0x4200c6a0                PDS_Force_Config
                0x4200c6aa                PDS_RAM_Config
                0x4200c6b4                PDS_Default_Level_Config
                0x4200c6be                SEC_Eng_Turn_On_Sec_Ring
                0x4200c6c8                SEC_Eng_Turn_Off_Sec_Ring
                0x4200c6d2                SFlash_Init
                0x4200c6dc                SFlash_SetSPIMode
                0x4200c6e6                SFlash_Read_Reg
                0x4200c6f0                SFlash_Write_Reg
                0x4200c6fa                SFlash_Busy
                0x4200c704                SFlash_Write_Enable
                0x4200c70e                SFlash_Qspi_Enable
                0x4200c718                SFlash_Volatile_Reg_Write_Enable
                0x4200c722                SFlash_Chip_Erase
                0x4200c72c                SFlash_Sector_Erase
                0x4200c736                SFlash_Blk32_Erase
                0x4200c740                SFlash_Blk64_Erase
                0x4200c74a                SFlash_Erase
                0x4200c754                SFlash_Program
                0x4200c75e                SFlash_GetUniqueId
                0x4200c768                SFlash_GetJedecId
                0x4200c772                SFlash_GetDeviceId
                0x4200c77c                SFlash_Powerdown
                0x4200c786                SFlash_Releae_Powerdown
                0x4200c790                SFlash_SetBurstWrap
                0x4200c79a                SFlash_DisableBurstWrap
                0x4200c7a4                SFlash_Software_Reset
                0x4200c7ae                SFlash_Reset_Continue_Read
                0x4200c7b8                SFlash_Set_IDbus_Cfg
                0x4200c7c2                SFlash_IDbus_Read_Enable
                0x4200c7cc                SFlash_Cache_Enable_Set
                0x4200c7d6                SFlash_Cache_Flush
                0x4200c7e0                SFlash_Cache_Read_Enable
                0x4200c7ea                SFlash_Cache_Hit_Count_Get
                0x4200c7f4                SFlash_Cache_Miss_Count_Get
                0x4200c7fe                SFlash_Cache_Read_Disable
                0x4200c808                SFlash_Read
                0x4200c812                SFlash_Read_Reg_With_Cmd
                0x4200c81c                SFlash_Write_Reg_With_Cmd
                0x4200c826                SF_Cfg_Init_Ext_Flash_Gpio
                0x4200c830                SF_Cfg_Init_Internal_Flash_Gpio
                0x4200c83a                SF_Cfg_Deinit_Ext_Flash_Gpio
                0x4200c844                SF_Cfg_Restore_GPIO17_Fun
                0x4200c84e                SF_Cfg_Get_Flash_Cfg_Need_Lock
                0x4200c858                SF_Cfg_Init_Flash_Gpio
                0x4200c862                SF_Cfg_Flash_Identify
                0x4200c86c                SF_Ctrl_Enable
                0x4200c876                SF_Ctrl_Select_Pad
                0x4200c880                SF_Ctrl_Set_Owner
                0x4200c88a                SF_Ctrl_Disable
                0x4200c894                SF_Ctrl_AES_Enable_BE
                0x4200c89e                SF_Ctrl_AES_Enable_LE
                0x4200c8a8                SF_Ctrl_AES_Set_Region
                0x4200c8b2                SF_Ctrl_AES_Set_Key
                0x4200c8bc                SF_Ctrl_AES_Set_Key_BE
                0x4200c8c6                SF_Ctrl_AES_Set_IV
                0x4200c8d0                SF_Ctrl_AES_Set_IV_BE
                0x4200c8da                SF_Ctrl_AES_Enable
                0x4200c8e4                SF_Ctrl_AES_Disable
                0x4200c8ee                SF_Ctrl_Set_Flash_Image_Offset
                0x4200c8f8                SF_Ctrl_Get_Flash_Image_Offset
                0x4200c902                SF_Ctrl_Select_Clock
                0x4200c90c                SF_Ctrl_SendCmd
                0x4200c916                SF_Ctrl_Icache_Set
                0x4200c920                SF_Ctrl_Icache2_Set
                0x4200c92a                SF_Ctrl_GetBusyState
                0x4200c934                SF_Ctrl_Is_AES_Enable
                0x4200c93e                SF_Ctrl_Get_Clock_Delay
                0x4200c948                SF_Ctrl_Set_Clock_Delay
                0x4200c952                XIP_SFlash_State_Save
                0x4200c95c                XIP_SFlash_State_Restore
                0x4200c966                XIP_SFlash_Erase_Need_Lock
                0x4200c970                XIP_SFlash_Write_Need_Lock
                0x4200c97a                XIP_SFlash_Read_Need_Lock
                0x4200c984                XIP_SFlash_GetJedecId_Need_Lock
                0x4200c98e                XIP_SFlash_GetDeviceId_Need_Lock
                0x4200c998                XIP_SFlash_GetUniqueId_Need_Lock
                0x4200c9a2                XIP_SFlash_Read_Via_Cache_Need_Lock
                0x4200c9ac                XIP_SFlash_Read_With_Lock
                0x4200c9b6                XIP_SFlash_Write_With_Lock
                0x4200c9c0                XIP_SFlash_Erase_With_Lock
                0x4200c9ca                XIP_SFlash_Opt_Enter
                0x4200c9d4                XIP_SFlash_Opt_Exit
                0x4200c9de                BFLB_Soft_CRC32
 *(.tcm_const)
 *(.sclock_rlt_code)
 .sclock_rlt_code
                0x4200c9e8      0x154 /home/shivani/bl602_iot_sdk/customer_app/suas_app_freertos_watchdog/build_out/bl602_std/libbl602_std.a(bl602_romapi.o)
                0x4200c9e8                AON_Power_On_MBG
                0x4200c9f2                AON_Power_Off_MBG
                0x4200c9fc                AON_Power_On_XTAL
                0x4200ca06                AON_Set_Xtal_CapCode
                0x4200ca10                AON_Get_Xtal_CapCode
                0x4200ca1a                AON_Power_Off_XTAL
                0x4200ca24                EF_Ctrl_Get_Trim_Parity
                0x4200ca2e                EF_Ctrl_Read_RC32M_Trim
                0x4200ca38                EF_Ctrl_Read_RC32K_Trim
                0x4200ca42                GLB_Get_Root_CLK_Sel
                0x4200ca4c                GLB_Set_System_CLK_Div
                0x4200ca56                GLB_Get_BCLK_Div
                0x4200ca60                GLB_Get_HCLK_Div
                0x4200ca6a                Update_SystemCoreClockWith_XTAL
                0x4200ca74                GLB_Set_System_CLK
                0x4200ca7e                System_Core_Clock_Update_From_RC32M
                0x4200ca88                GLB_Set_SF_CLK
                0x4200ca92                GLB_Set_PKA_CLK_Sel
                0x4200ca9c                HBN_32K_Sel
                0x4200caa6                HBN_Set_ROOT_CLK_Sel
                0x4200cab0                HBN_Power_On_Xtal_32K
                0x4200caba                HBN_Power_Off_Xtal_32K
                0x4200cac4                HBN_Power_On_RC32K
                0x4200cace                HBN_Power_Off_RC32K
                0x4200cad8                HBN_Trim_RC32K
                0x4200cae2                PDS_Trim_RC32M
                0x4200caec                PDS_Select_RC32M_As_PLL_Ref
                0x4200caf6                PDS_Select_XTAL_As_PLL_Ref
                0x4200cb00                PDS_Power_On_PLL
                0x4200cb0a                PDS_Enable_PLL_All_Clks
                0x4200cb14                PDS_Disable_PLL_All_Clks
                0x4200cb1e                PDS_Enable_PLL_Clk
                0x4200cb28                PDS_Disable_PLL_Clk
                0x4200cb32                PDS_Power_Off_PLL
 *(.sclock_rlt_const)
 *(.data .data.*)
 .data.xHeapRegions
                0x4200cb3c       0x20 /home/shivani/bl602_iot_sdk/customer_app/suas_app_freertos_watchdog/build_out/freertos/libfreertos.a(bl602_port.o)
 .data.__sglue  0x4200cb5c        0xc /home/shivani/bl602_iot_sdk/toolchain/compiler/bin/../lib/gcc/riscv32-unknown-elf/15.1.0/../../../../riscv32-unknown-elf/lib/libc.a(libc_a-findfp.o)
                0x4200cb5c                __sglue
 .data._impure_data
                0x4200cb68      0x120 /home/shivani/bl602_iot_sdk/toolchain/compiler/bin/../lib/gcc/riscv32-unknown-elf/15.1.0/../../../../riscv32-unknown-elf/lib/libc.a(libc_a-impure.o)
                0x4200cb68                _impure_data
 .data.__malloc_av_
                0x4200cc88      0x408 /home/shivani/bl602_iot_sdk/toolchain/compiler/bin/../lib/gcc/riscv32-unknown-elf/15.1.0/../../../../riscv32-unknown-elf/lib/libc.a(libc_a-mallocr.o)
                0x4200cc88                __malloc_av_
 *(.gnu.linkonce.d.*)
 *(.sdata .sdata.*)
 .sdata.pTrapNetCounter
                0x4200d090        0x4 /home/shivani/bl602_iot_sdk/customer_app/suas_app_freertos_watchdog/build_out/freertos/libfreertos.a(port.o)
                0x4200d090                pTrapNetCounter
 .sdata.pullNextTime
                0x4200d094        0x4 /home/shivani/bl602_iot_sdk/customer_app/suas_app_freertos_watchdog/build_out/freertos/libfreertos.a(port.o)
                0x4200d094                pullNextTime
 .sdata.uxTopUsedPriority
                0x4200d098        0x4 /home/shivani/bl602_iot_sdk/customer_app/suas_app_freertos_watchdog/build_out/freertos/libfreertos.a(bl602_port.o)
                0x4200d098                uxTopUsedPriority
 .sdata.sys_log_all_enable
                0x4200d09c        0x1 /home/shivani/bl602_iot_sdk/customer_app/suas_app_freertos_watchdog/build_out/hal_drv/libhal_drv.a(bl_sys.o)
                0x4200d09c                sys_log_all_enable
 *fill*         0x4200d09d        0x3 
 .sdata._impure_ptr
                0x4200d0a0        0x4 /home/shivani/bl602_iot_sdk/toolchain/compiler/bin/../lib/gcc/riscv32-unknown-elf/15.1.0/../../../../riscv32-unknown-elf/lib/libc.a(libc_a-impure.o)
                0x4200d0a0                _impure_ptr
 .sdata.__malloc_sbrk_base
                0x4200d0a4        0x4 /home/shivani/bl602_iot_sdk/toolchain/compiler/bin/../lib/gcc/riscv32-unknown-elf/15.1.0/../../../../riscv32-unknown-elf/lib/libc.a(libc_a-mallocr.o)
                0x4200d0a4                __malloc_sbrk_base
 .sdata.__malloc_trim_threshold
                0x4200d0a8        0x4 /home/shivani/bl602_iot_sdk/toolchain/compiler/bin/../lib/gcc/riscv32-unknown-elf/15.1.0/../../../../riscv32-unknown-elf/lib/libc.a(libc_a-mallocr.o)
                0x4200d0a8                __malloc_trim_threshold
 *(.gnu.linkonce.s.*)
                0x4200d0b0                        . = ALIGN (0x8)
 *fill*         0x4200d0ac        0x4 
 *(.srodata.cst16)
 *(.srodata.cst8)
 .srodata.cst8  0x4200d0b0       0x18 /home/shivani/bl602_iot_sdk/customer_app/suas_app_freertos_watchdog/build_out/bl602/libbl602.a(debug.o)
 *(.srodata.cst4)
 *(.srodata.cst2)
 *(.srodata .srodata.*)
 .srodata.uxTimerIncrementsForOneTick
                0x4200d0c8        0x4 /home/shivani/bl602_iot_sdk/customer_app/suas_app_freertos_watchdog/build_out/freertos/libfreertos.a(port.o)
                0x4200d0c8                uxTimerIncrementsForOneTick
 .srodata.xISRStackTop
                0x4200d0cc        0x4 /home/shivani/bl602_iot_sdk/customer_app/suas_app_freertos_watchdog/build_out/freertos/libfreertos.a(port.o)
                0x4200d0cc                xISRStackTop
 .srodata.uartAddr
                0x4200d0d0        0x8 /home/shivani/bl602_iot_sdk/customer_app/suas_app_freertos_watchdog/build_out/hal_drv/libhal_drv.a(bl_uart.o)
 .srodata       0x4200d0d8        0x4 /home/shivani/bl602_iot_sdk/customer_app/suas_app_freertos_watchdog/build_out/hal_drv/libhal_drv.a(bl_uart.o)
 .srodata.uartAddr
                0x4200d0dc        0x8 /home/shivani/bl602_iot_sdk/customer_app/suas_app_freertos_watchdog/build_out/bl602_std/libbl602_std.a(bl602_uart.o)
                0x4200d0e8                        . = ALIGN (0x8)
 *fill*         0x4200d0e4        0x4 
 *(._k_queue.static.*)
 *(._k_sem.static.*)
 *(._k_mutex.static.*)
                0x4200d0e8                        _net_buf_pool_list = .
 *(SORT_BY_NAME(._net_buf_pool.static.*))
                0x4200d0e8                        _bt_gatt_service_static_list_start = .
 *(SORT_BY_NAME(._bt_gatt_service_static.static.*))
                0x4200d0e8                        _bt_gatt_service_static_list_end = .
                0x4200d0e8                        _bt_l2cap_fixed_chan_list_start = .
 *(SORT_BY_NAME(._bt_l2cap_fixed_chan.static.*))
                0x4200d0e8                        _bt_l2cap_fixed_chan_list_end = .

.boot2          0x4200d0e8      0x258 load address 0x2300a86c
                0x4200d0e8                        PROVIDE (__boot2_pt_addr_start = .)
 *(.bss.boot2_partition_table)
 .bss.boot2_partition_table
                0x4200d0e8      0x258 /home/shivani/bl602_iot_sdk/customer_app/suas_app_freertos_watchdog/build_out/hal_drv/libhal_drv.a(hal_boot2.o)
                0x4200d340                        PROVIDE (__boot2_pt_addr_end = .)
                0x4200d340                        PROVIDE (__boot2_flashCfg_start = .)
 *(.bss.boot2_flashCfg)
                0x4200d340                        PROVIDE (__boot2_flashCfg_end = .)

.bss            0x4200d340     0x1580 load address 0x2300a86c
                0x4200d340                        PROVIDE (__bss_start = ADDR (.bss))
                0x4200e8c0                        PROVIDE (__bss_end = (ADDR (.bss) + SIZEOF (.bss)))
 *(.sbss*)
 .sbss.event_queue
                0x4200d340        0x4 /home/shivani/bl602_iot_sdk/customer_app/suas_app_freertos_watchdog/build_out/suas_app_freertos_watchdog/libsuas_app_freertos_watchdog.a(main.o)
                0x4200d340                event_queue
 .sbss.print_queue
                0x4200d344        0x4 /home/shivani/bl602_iot_sdk/customer_app/suas_app_freertos_watchdog/build_out/suas_app_freertos_watchdog/libsuas_app_freertos_watchdog.a(safe_print.o)
 .sbss._ZL14g_check_period
                0x4200d348        0x4 /home/shivani/bl602_iot_sdk/customer_app/suas_app_freertos_watchdog/build_out/suas_app_freertos_watchdog/libsuas_app_freertos_watchdog.a(watchdog.o)
 .sbss._ZL9g_timeout
                0x4200d34c        0x4 /home/shivani/bl602_iot_sdk/customer_app/suas_app_freertos_watchdog/build_out/suas_app_freertos_watchdog/libsuas_app_freertos_watchdog.a(watchdog.o)
 .sbss._ZL12g_task_count
                0x4200d350        0x1 /home/shivani/bl602_iot_sdk/customer_app/suas_app_freertos_watchdog/build_out/suas_app_freertos_watchdog/libsuas_app_freertos_watchdog.a(watchdog.o)
 *fill*         0x4200d351        0x3 
 .sbss.uxSchedulerSuspended
                0x4200d354        0x4 /home/shivani/bl602_iot_sdk/customer_app/suas_app_freertos_watchdog/build_out/freertos/libfreertos.a(tasks.o)
 .sbss.xNextTaskUnblockTime
                0x4200d358        0x4 /home/shivani/bl602_iot_sdk/customer_app/suas_app_freertos_watchdog/build_out/freertos/libfreertos.a(tasks.o)
 .sbss.uxTaskNumber
                0x4200d35c        0x4 /home/shivani/bl602_iot_sdk/customer_app/suas_app_freertos_watchdog/build_out/freertos/libfreertos.a(tasks.o)
 .sbss.xNumOfOverflows
                0x4200d360        0x4 /home/shivani/bl602_iot_sdk/customer_app/suas_app_freertos_watchdog/build_out/freertos/libfreertos.a(tasks.o)
 .sbss.xYieldPending
                0x4200d364        0x4 /home/shivani/bl602_iot_sdk/customer_app/suas_app_freertos_watchdog/build_out/freertos/libfreertos.a(tasks.o)
 .sbss.xPendedTicks
                0x4200d368        0x4 /home/shivani/bl602_iot_sdk/customer_app/suas_app_freertos_watchdog/build_out/freertos/libfreertos.a(tasks.o)
 .sbss.xSchedulerRunning
                0x4200d36c        0x4 /home/shivani/bl602_iot_sdk/customer_app/suas_app_freertos_watchdog/build_out/freertos/libfreertos.a(tasks.o)
 .sbss.uxTopReadyPriority
                0x4200d370        0x4 /home/shivani/bl602_iot_sdk/customer_app/suas_app_freertos_watchdog/build_out/freertos/libfreertos.a(tasks.o)
 .sbss.xTickCount
                0x4200d374        0x4 /home/shivani/bl602_iot_sdk/customer_app/suas_app_freertos_watchdog/build_out/freertos/libfreertos.a(tasks.o)
 .sbss.uxCurrentNumberOfTasks
                0x4200d378        0x4 /home/shivani/bl602_iot_sdk/customer_app/suas_app_freertos_watchdog/build_out/freertos/libfreertos.a(tasks.o)
 .sbss.uxDeletedTasksWaitingCleanUp
                0x4200d37c        0x4 /home/shivani/bl602_iot_sdk/customer_app/suas_app_freertos_watchdog/build_out/freertos/libfreertos.a(tasks.o)
 .sbss.pxOverflowDelayedTaskList
                0x4200d380        0x4 /home/shivani/bl602_iot_sdk/customer_app/suas_app_freertos_watchdog/build_out/freertos/libfreertos.a(tasks.o)
 .sbss.pxDelayedTaskList
                0x4200d384        0x4 /home/shivani/bl602_iot_sdk/customer_app/suas_app_freertos_watchdog/build_out/freertos/libfreertos.a(tasks.o)
 .sbss.pxCurrentTCB
                0x4200d388        0x4 /home/shivani/bl602_iot_sdk/customer_app/suas_app_freertos_watchdog/build_out/freertos/libfreertos.a(tasks.o)
                0x4200d388                pxCurrentTCB
 .sbss.xLastTime.2
                0x4200d38c        0x4 /home/shivani/bl602_iot_sdk/customer_app/suas_app_freertos_watchdog/build_out/freertos/libfreertos.a(timers.o)
 .sbss.xTimerTaskHandle
                0x4200d390        0x4 /home/shivani/bl602_iot_sdk/customer_app/suas_app_freertos_watchdog/build_out/freertos/libfreertos.a(timers.o)
 .sbss.xTimerQueue
                0x4200d394        0x4 /home/shivani/bl602_iot_sdk/customer_app/suas_app_freertos_watchdog/build_out/freertos/libfreertos.a(timers.o)
 .sbss.pxOverflowTimerList
                0x4200d398        0x4 /home/shivani/bl602_iot_sdk/customer_app/suas_app_freertos_watchdog/build_out/freertos/libfreertos.a(timers.o)
 .sbss.pxCurrentTimerList
                0x4200d39c        0x4 /home/shivani/bl602_iot_sdk/customer_app/suas_app_freertos_watchdog/build_out/freertos/libfreertos.a(timers.o)
 .sbss.TrapNetCounter
                0x4200d3a0        0x4 /home/shivani/bl602_iot_sdk/customer_app/suas_app_freertos_watchdog/build_out/freertos/libfreertos.a(port.o)
                0x4200d3a0                TrapNetCounter
 .sbss.pullMachineTimerCompareRegister
                0x4200d3a4        0x4 /home/shivani/bl602_iot_sdk/customer_app/suas_app_freertos_watchdog/build_out/freertos/libfreertos.a(port.o)
                0x4200d3a4                pullMachineTimerCompareRegister
 .sbss.ullNextTime
                0x4200d3a8        0x8 /home/shivani/bl602_iot_sdk/customer_app/suas_app_freertos_watchdog/build_out/freertos/libfreertos.a(port.o)
                0x4200d3a8                ullNextTime
 .sbss.xBlockAllocatedBit
                0x4200d3b0        0x4 /home/shivani/bl602_iot_sdk/customer_app/suas_app_freertos_watchdog/build_out/freertos/libfreertos.a(heap_bl602.o)
 .sbss.xNumberOfSuccessfulFrees
                0x4200d3b4        0x4 /home/shivani/bl602_iot_sdk/customer_app/suas_app_freertos_watchdog/build_out/freertos/libfreertos.a(heap_bl602.o)
 .sbss.xNumberOfSuccessfulAllocations
                0x4200d3b8        0x4 /home/shivani/bl602_iot_sdk/customer_app/suas_app_freertos_watchdog/build_out/freertos/libfreertos.a(heap_bl602.o)
 .sbss.xMinimumEverFreeBytesRemaining
                0x4200d3bc        0x4 /home/shivani/bl602_iot_sdk/customer_app/suas_app_freertos_watchdog/build_out/freertos/libfreertos.a(heap_bl602.o)
 .sbss.xFreeBytesRemaining